Archive member included because of file (symbol)

contiki-srf06-cc26xx.a(contiki-main.o)
                              obj_srf06-cc26xx/startup_gcc.o (main)
contiki-srf06-cc26xx.a(sensors.o)
                              contiki-srf06-cc26xx.a(contiki-main.o) (sensors_process)
contiki-srf06-cc26xx.a(leds.o)
                              contiki-srf06-cc26xx.a(contiki-main.o) (leds_init)
contiki-srf06-cc26xx.a(leds-arch.o)
                              contiki-srf06-cc26xx.a(leds.o) (leds_arch_init)
contiki-srf06-cc26xx.a(sensortag-senso)
                              contiki-srf06-cc26xx.a(sensors.o) (sensors_flags)
contiki-srf06-cc26xx.a(bmp-280-sensor.)
                              prac3.co (bmp_280_sensor)
contiki-srf06-cc26xx.a(tmp-007-sensor.)
                              contiki-srf06-cc26xx.a(sensortag-senso) (tmp_007_sensor)
contiki-srf06-cc26xx.a(opt-3001-sensor)
                              contiki-srf06-cc26xx.a(sensortag-senso) (opt_3001_sensor)
contiki-srf06-cc26xx.a(hdc-1000-sensor)
                              prac3.co (hdc_1000_sensor)
contiki-srf06-cc26xx.a(mpu-9250-sensor)
                              contiki-srf06-cc26xx.a(sensortag-senso) (mpu_9250_sensor)
contiki-srf06-cc26xx.a(button-sensor.o)
                              contiki-srf06-cc26xx.a(sensortag-senso) (button_right_sensor)
contiki-srf06-cc26xx.a(reed-relay.o)
                              contiki-srf06-cc26xx.a(sensortag-senso) (reed_relay_sensor)
contiki-srf06-cc26xx.a(buzzer.o)
                              prac3.co (buzzer_start)
contiki-srf06-cc26xx.a(board.o)
                              contiki-srf06-cc26xx.a(contiki-main.o) (board_init)
contiki-srf06-cc26xx.a(board-i2c.o)
                              contiki-srf06-cc26xx.a(board.o) (board_i2c_wakeup)
contiki-srf06-cc26xx.a(clock.o)
                              contiki-srf06-cc26xx.a(contiki-main.o) (clock_init)
contiki-srf06-cc26xx.a(rtimer-arch.o)
                              contiki-srf06-cc26xx.a(mpu-9250-sensor) (rtimer_arch_now)
contiki-srf06-cc26xx.a(soc-rtc.o)
                              contiki-srf06-cc26xx.a(contiki-main.o) (soc_rtc_init)
contiki-srf06-cc26xx.a(contiki-watchdo)
                              contiki-srf06-cc26xx.a(contiki-main.o) (watchdog_init)
contiki-srf06-cc26xx.a(putchar.o)
                              contiki-srf06-cc26xx.a(contiki-main.o) (putchar)
contiki-srf06-cc26xx.a(ieee-addr.o)
                              contiki-srf06-cc26xx.a(contiki-main.o) (ieee_addr_cpy_to)
contiki-srf06-cc26xx.a(cc26xx-uart.o)
                              contiki-srf06-cc26xx.a(contiki-main.o) (cc26xx_uart_init)
contiki-srf06-cc26xx.a(lpm.o)
                              contiki-srf06-cc26xx.a(button-sensor.o) (lpm_shutdown)
contiki-srf06-cc26xx.a(gpio-interrupt.)
                              contiki-srf06-cc26xx.a(button-sensor.o) (gpio_interrupt_register_handler)
contiki-srf06-cc26xx.a(oscillators.o)
                              contiki-srf06-cc26xx.a(contiki-main.o) (oscillators_select_lf_xosc)
contiki-srf06-cc26xx.a(ieee-mode.o)
                              contiki-srf06-cc26xx.a(contiki-main.o) (ieee_mode_driver)
contiki-srf06-cc26xx.a(dbg-printf.o)
                              prac3.co (printf)
contiki-srf06-cc26xx.a(dbg-sprintf.o)
                              prac3.co (sprintf)
contiki-srf06-cc26xx.a(strformat.o)
                              contiki-srf06-cc26xx.a(dbg-printf.o) (format_str_v)
contiki-srf06-cc26xx.a(autostart.o)
                              contiki-srf06-cc26xx.a(contiki-main.o) (autostart_start)
contiki-srf06-cc26xx.a(ctimer.o)
                              contiki-srf06-cc26xx.a(contiki-main.o) (ctimer_init)
contiki-srf06-cc26xx.a(energest.o)
                              contiki-srf06-cc26xx.a(contiki-main.o) (energest_init)
contiki-srf06-cc26xx.a(etimer.o)
                              contiki-srf06-cc26xx.a(clock.o) (etimer_request_poll)
contiki-srf06-cc26xx.a(process.o)
                              contiki-srf06-cc26xx.a(sensors.o) (process_alloc_event)
contiki-srf06-cc26xx.a(rtimer.o)
                              contiki-srf06-cc26xx.a(contiki-main.o) (rtimer_init)
contiki-srf06-cc26xx.a(timer.o)
                              contiki-srf06-cc26xx.a(button-sensor.o) (timer_set)
contiki-srf06-cc26xx.a(serial-line.o)
                              contiki-srf06-cc26xx.a(contiki-main.o) (serial_line_init)
contiki-srf06-cc26xx.a(list.o)
                              contiki-srf06-cc26xx.a(lpm.o) (list_init)
contiki-srf06-cc26xx.a(random.o)
                              contiki-srf06-cc26xx.a(contiki-main.o) (random_init)
contiki-srf06-cc26xx.a(ringbuf.o)
                              contiki-srf06-cc26xx.a(serial-line.o) (ringbuf_init)
contiki-srf06-cc26xx.a(sicslowpan.o)
                              contiki-srf06-cc26xx.a(contiki-main.o) (sicslowpan_driver)
contiki-srf06-cc26xx.a(uip6.o)
                              contiki-srf06-cc26xx.a(sicslowpan.o) (uip_aligned_buf)
contiki-srf06-cc26xx.a(uip-ds6.o)
[...]
Memory Configuration

Name             Origin             Length             Attributes
FLASH            0x00000000         0x0001ffa8         xr
FLASH_CCFG       0x0001ffa8         0x00000058         xr
SRAM             0x20000000         0x00005000         xrw
GPRAM            0x11000000         0x00002000         xrw
*default*        0x00000000         0xffffffff

Linker script and memory map

LOAD obj_srf06-cc26xx/fault-handlers.o
LOAD obj_srf06-cc26xx/ccfg.o
LOAD obj_srf06-cc26xx/startup_gcc.o
LOAD prac3.co
LOAD contiki-srf06-cc26xx.a
LOAD /usr/bin/../lib/gcc/arm-none-eabi/4.9.3/../../../../arm-none-eabi/lib/armv7-m/libm.a
START GROUP
LOAD /usr/bin/../lib/gcc/arm-none-eabi/4.9.3/armv7-m/libgcc.a
LOAD /usr/bin/../lib/gcc/arm-none-eabi/4.9.3/../../../../arm-none-eabi/lib/armv7-m/libc.a
END GROUP
                0x20005000                _estack = (ORIGIN (SRAM) + 0x5000)
                0x00000000                _Min_Heap_Size = 0x0
                0x00000100                _Min_Stack_Size = 0x100

.text           0x00000000    0x115e9
                0x00000000                _text = .
 *(SORT(.vectors))
 .vectors       0x00000000       0xc8 obj_srf06-cc26xx/startup_gcc.o
                0x00000000                gVectors
 *(SORT(.text*))
 .text.value    0x000000c8       0xb0 contiki-srf06-cc26xx.a(opt-3001-sensor)
 .text.value    0x00000178       0x9c contiki-srf06-cc26xx.a(hdc-1000-sensor)
 *fill*         0x00000214        0x4 00000000
 .text.value    0x00000218      0x1b4 contiki-srf06-cc26xx.a(mpu-9250-sensor)
 *fill*         0x000003cc        0x4 00000000
 .text.__ieee754_pow
                0x000003d0      0xaa0 /usr/bin/../lib/gcc/arm-none-eabi/4.9.3/../../../../arm-none-eabi/lib/armv7-m/libm.a(lib_a-e_pow.o)
                0x000003d0                __ieee754_pow
 .text.scalbn   0x00000e70       0xec /usr/bin/../lib/gcc/arm-none-eabi/4.9.3/../../../../arm-none-eabi/lib/armv7-m/libm.a(lib_a-s_scalbn.o)
                0x00000e70                scalbn
 .text.FaultISR
                0x00000f5c       0x18 obj_srf06-cc26xx/fault-handlers.o
                0x00000f5c                FaultISR
 .text.NmiSRHandler
                0x00000f74        0x4 obj_srf06-cc26xx/startup_gcc.o
                0x00000f74                NmiSR
 .text.IntDefaultHandler
                0x00000f78        0x4 obj_srf06-cc26xx/startup_gcc.o
                0x00000f78                TRNGIntHandler
                0x00000f78                SSI0IntHandler
                0x00000f78                SWEvent0IntHandler
                0x00000f78                uDMAIntHandler
                0x00000f78                WatchdogIntHandler
                0x00000f78                RFCHardwareIntHandler
                0x00000f78                Timer1BIntHandler
                0x00000f78                I2SIntHandler
                0x00000f78                Timer2BIntHandler
                0x00000f78                Timer2AIntHandler
                0x00000f78                Timer1AIntHandler
                0x00000f78                AONIntHandler
                0x00000f78                AUXSWEvent0IntHandler
                0x00000f78                AUXADCIntHandler
                0x00000f78                PendSVIntHandler
                0x00000f78                AUXSWEvent1IntHandler
                0x00000f78                SVCallIntHandler
                0x00000f78                MPUFaultIntHandler
                0x00000f78                SysTickIntHandler
                0x00000f78                BusFaultIntHandler
                0x00000f78                AONProgIntHandler
                0x00000f78                AUXCompAIntHandler
                0x00000f78                SSI1IntHandler
                0x00000f78                FlashIntHandler
                0x00000f78                uDMAErrIntHandler
                0x00000f78                UsageFaultIntHandler
                0x00000f78                RFCCmdAckIntHandler
                0x00000f78                CryptoIntHandler
                0x00000f78                Timer0AIntHandler
                0x00000f78                I2CIntHandler
                0x00000f78                DebugMonIntHandler
                0x00000f78                Timer0BIntHandler
                0x00000f78                AUXCombEventIntHandler
                0x00000f78                Timer3AIntHandler
                0x00000f78                DynProgIntHandler
                0x00000f78                Timer3BIntHandler
 .text.ResetISR
                0x00000f7c       0x5c obj_srf06-cc26xx/startup_gcc.o
                0x00000f7c                ResetISR
 .text.event    0x00000fd8        0xc prac3.co
 .text.process_thread_tcp_server_process
                0x00000fe4       0x8c prac3.co
 .text.toggle_led
                0x00001070       0x58 prac3.co
                0x00001070                toggle_led
 .text.humidity_sample
                0x000010c8       0xd4 prac3.co
                0x000010c8                humidity_sample
 .text.pressure_sample
                0x0000119c       0xd4 prac3.co
                0x0000119c                pressure_sample
 .text.http_error_request
                0x00001270       0x5c prac3.co
                0x00001270                http_error_request
 .text.http_success_header
                0x000012cc       0x24 prac3.co
                0x000012cc                http_success_header
 .text.http_success_led
                0x000012f0       0x8c prac3.co
                0x000012f0                http_success_led
 .text.http_buzzer
                0x0000137c       0x4c prac3.co
                0x0000137c                http_buzzer
 .text.input    0x000013c8      0x360 prac3.co
 .text.fade     0x00001728       0x64 contiki-srf06-cc26xx.a(contiki-main.o)
 .text.startup.main
                0x0000178c      0x1e4 contiki-srf06-cc26xx.a(contiki-main.o)
                0x0000178c                main
 .text.process_thread_sensors_process
                0x00001970       0xf8 contiki-srf06-cc26xx.a(sensors.o)
 .text.sensors_changed
                0x00001a68       0x50 contiki-srf06-cc26xx.a(sensors.o)
                0x00001a68                sensors_changed
 .text.leds_init
                0x00001ab8       0x14 contiki-srf06-cc26xx.a(leds.o)
                0x00001ab8                leds_init
 .text.leds_on  0x00001acc       0x14 contiki-srf06-cc26xx.a(leds.o)
                0x00001acc                leds_on
 .text.leds_off
                0x00001ae0       0x14 contiki-srf06-cc26xx.a(leds.o)
                0x00001ae0                leds_off
 .text.leds_toggle
                0x00001af4       0x14 contiki-srf06-cc26xx.a(leds.o)
                0x00001af4                leds_toggle
 .text.leds_arch_init
                0x00001b08       0x38 contiki-srf06-cc26xx.a(leds-arch.o)
                0x00001b08                leds_arch_init
 .text.leds_arch_set
                0x00001b40       0x34 contiki-srf06-cc26xx.a(leds-arch.o)
                0x00001b40                leds_arch_set
 .text.status   0x00001b74       0x14 contiki-srf06-cc26xx.a(bmp-280-sensor.)
 .text.notify_ready
                0x00001b88       0x14 contiki-srf06-cc26xx.a(bmp-280-sensor.)
 .text.enable_sensor
                0x00001b9c       0x2c contiki-srf06-cc26xx.a(bmp-280-sensor.)
 .text.configure
                0x00001bc8       0x94 contiki-srf06-cc26xx.a(bmp-280-sensor.)
 .text.value    0x00001c5c      0x15c contiki-srf06-cc26xx.a(bmp-280-sensor.)
 .text.status   0x00001db8       0x14 contiki-srf06-cc26xx.a(tmp-007-sensor.)
 .text.notify_ready
                0x00001dcc       0x14 contiki-srf06-cc26xx.a(tmp-007-sensor.)
 .text.enable_sensor
                0x00001de0       0x2c contiki-srf06-cc26xx.a(tmp-007-sensor.)
 .text.configure
                0x00001e0c       0x94 contiki-srf06-cc26xx.a(tmp-007-sensor.)
 .text.value    0x00001ea0       0xec contiki-srf06-cc26xx.a(tmp-007-sensor.)
 .text.status   0x00001f8c        0xc contiki-srf06-cc26xx.a(opt-3001-sensor)
 .text.enable_sensor
                0x00001f98       0x44 contiki-srf06-cc26xx.a(opt-3001-sensor)
 .text.notify_ready
                0x00001fdc       0x54 contiki-srf06-cc26xx.a(opt-3001-sensor)
 .text.configure
                0x00002030       0x4c contiki-srf06-cc26xx.a(opt-3001-sensor)
 .text.status   0x0000207c       0x14 contiki-srf06-cc26xx.a(hdc-1000-sensor)
 .text.notify_ready
                0x00002090       0x60 contiki-srf06-cc26xx.a(hdc-1000-sensor)
 .text.configure
                0x000020f0       0xb8 contiki-srf06-cc26xx.a(hdc-1000-sensor)
 .text.acc_convert
                0x000021a8       0x70 contiki-srf06-cc26xx.a(mpu-9250-sensor)
 .text.status   0x00002218       0x14 contiki-srf06-cc26xx.a(mpu-9250-sensor)
 .text.notify_ready
                0x0000222c       0x14 contiki-srf06-cc26xx.a(mpu-9250-sensor)
 .text.sensor_sleep
                0x00002240       0x38 contiki-srf06-cc26xx.a(mpu-9250-sensor)
 .text.configure
                0x00002278       0xdc contiki-srf06-cc26xx.a(mpu-9250-sensor)
 .text.int_status
                0x00002354       0x28 contiki-srf06-cc26xx.a(mpu-9250-sensor)
 .text.initialise
                0x0000237c       0xfc contiki-srf06-cc26xx.a(mpu-9250-sensor)
 .text.status.part.0
                0x00002478       0x14 contiki-srf06-cc26xx.a(button-sensor.o)
 .text.value_left
                0x0000248c       0x24 contiki-srf06-cc26xx.a(button-sensor.o)
 .text.value_right
                0x000024b0       0x18 contiki-srf06-cc26xx.a(button-sensor.o)
 .text.status_left
                0x000024c8       0x10 contiki-srf06-cc26xx.a(button-sensor.o)
 .text.status_right
                0x000024d8       0x10 contiki-srf06-cc26xx.a(button-sensor.o)
 .text.config_buttons
                0x000024e8       0x8c contiki-srf06-cc26xx.a(button-sensor.o)
 .text.config_left
                0x00002574        0xc contiki-srf06-cc26xx.a(button-sensor.o)
 .text.config_right
                0x00002580        0xc contiki-srf06-cc26xx.a(button-sensor.o)
 .text.button_press_handler
                0x0000258c       0x64 contiki-srf06-cc26xx.a(button-sensor.o)
 .text.value    0x000025f0       0x10 contiki-srf06-cc26xx.a(reed-relay.o)
 .text.status   0x00002600       0x20 contiki-srf06-cc26xx.a(reed-relay.o)
 .text.configure
                0x00002620       0x6c contiki-srf06-cc26xx.a(reed-relay.o)
 .text.reed_interrupt_handler
                0x0000268c       0x28 contiki-srf06-cc26xx.a(reed-relay.o)
 .text.buzzer_init
                0x000026b4        0xc contiki-srf06-cc26xx.a(buzzer.o)
                0x000026b4                buzzer_init
 .text.buzzer_start
                0x000026c0       0xa4 contiki-srf06-cc26xx.a(buzzer.o)
                0x000026c0                buzzer_start
 .text.buzzer_stop
                0x00002764       0x74 contiki-srf06-cc26xx.a(buzzer.o)
                0x00002764                buzzer_stop
 .text.power_domains_on
                0x000027d8       0x20 contiki-srf06-cc26xx.a(board.o)
 .text.lpm_wakeup_handler
                0x000027f8        0x4 contiki-srf06-cc26xx.a(board.o)
 .text.shutdown_handler
                0x000027fc       0x68 contiki-srf06-cc26xx.a(board.o)
 .text.board_init
                0x00002864      0x118 contiki-srf06-cc26xx.a(board.o)
                0x00002864                board_init
 .text.i2c_status
                0x0000297c       0x34 contiki-srf06-cc26xx.a(board-i2c.o)
 .text.accessible
                0x000029b0       0x24 contiki-srf06-cc26xx.a(board-i2c.o)
 .text.board_i2c_wakeup
                0x000029d4       0x5c contiki-srf06-cc26xx.a(board-i2c.o)
                0x000029d4                board_i2c_wakeup
 .text.board_i2c_shutdown
                0x00002a30       0xa4 contiki-srf06-cc26xx.a(board-i2c.o)
                0x00002a30                board_i2c_shutdown
 .text.board_i2c_write
                0x00002ad4       0xc0 contiki-srf06-cc26xx.a(board-i2c.o)
                0x00002ad4                board_i2c_write
 .text.board_i2c_write_single
                0x00002b94       0x44 contiki-srf06-cc26xx.a(board-i2c.o)
                0x00002b94                board_i2c_write_single
 .text.board_i2c_read
                0x00002bd8       0xb4 contiki-srf06-cc26xx.a(board-i2c.o)
                0x00002bd8                board_i2c_read
 .text.board_i2c_write_read
                0x00002c8c      0x138 contiki-srf06-cc26xx.a(board-i2c.o)
                0x00002c8c                board_i2c_write_read
 .text.board_i2c_select
                0x00002dc4       0xdc contiki-srf06-cc26xx.a(board-i2c.o)
                0x00002dc4                board_i2c_select
 .text.power_domain_on
                0x00002ea0       0x20 contiki-srf06-cc26xx.a(clock.o)
 .text.clock_init
                0x00002ec0       0x90 contiki-srf06-cc26xx.a(clock.o)
                0x00002ec0                clock_init
 .text.clock_time
                0x00002f50       0x34 contiki-srf06-cc26xx.a(clock.o)
                0x00002f50                clock_time
 .text.clock_update
                0x00002f84       0x3c contiki-srf06-cc26xx.a(clock.o)
                0x00002f84                clock_update
 .text.clock_seconds
                0x00002fc0       0x18 contiki-srf06-cc26xx.a(clock.o)
                0x00002fc0                clock_seconds
 .text.rtimer_arch_init
                0x00002fd8        0x4 contiki-srf06-cc26xx.a(rtimer-arch.o)
                0x00002fd8                rtimer_arch_init
 .text.rtimer_arch_schedule
                0x00002fdc        0x8 contiki-srf06-cc26xx.a(rtimer-arch.o)
                0x00002fdc                rtimer_arch_schedule
 .text.rtimer_arch_now
                0x00002fe4        0x4 contiki-srf06-cc26xx.a(rtimer-arch.o)
                0x00002fe4                rtimer_arch_now
 .text.soc_rtc_init
                0x00002fe8       0x94 contiki-srf06-cc26xx.a(soc-rtc.o)
                0x00002fe8                soc_rtc_init
 .text.soc_rtc_get_next_trigger
                0x0000307c       0x28 contiki-srf06-cc26xx.a(soc-rtc.o)
                0x0000307c                soc_rtc_get_next_trigger
 .text.soc_rtc_schedule_one_shot
                0x000030a4       0x4c contiki-srf06-cc26xx.a(soc-rtc.o)
                0x000030a4                soc_rtc_schedule_one_shot
 .text.soc_rtc_last_isr_time
                0x000030f0        0xc contiki-srf06-cc26xx.a(soc-rtc.o)
                0x000030f0                soc_rtc_last_isr_time
 .text.AONRTCIntHandler
                0x000030fc       0x68 contiki-srf06-cc26xx.a(soc-rtc.o)
                0x000030fc                AONRTCIntHandler
 .text.lock_config
                0x00003164       0x18 contiki-srf06-cc26xx.a(contiki-watchdo)
 .text.unlock_config
                0x0000317c       0x2c contiki-srf06-cc26xx.a(contiki-watchdo)
 .text.watchdog_init
                0x000031a8       0x1c contiki-srf06-cc26xx.a(contiki-watchdo)
                0x000031a8                watchdog_init
 .text.watchdog_start
                0x000031c4       0x30 contiki-srf06-cc26xx.a(contiki-watchdo)
                0x000031c4                watchdog_start
 .text.watchdog_periodic
                0x000031f4       0x1c contiki-srf06-cc26xx.a(contiki-watchdo)
                0x000031f4                watchdog_periodic
 .text.putchar  0x00003210       0x10 contiki-srf06-cc26xx.a(putchar.o)
                0x00003210                putchar
 .text.puts     0x00003220       0x30 contiki-srf06-cc26xx.a(putchar.o)
                0x00003220                puts
 .text.dbg_send_bytes
                0x00003250       0x40 contiki-srf06-cc26xx.a(putchar.o)
                0x00003250                dbg_send_bytes
 .text.ieee_addr_cpy_to
                0x00003290       0x40 contiki-srf06-cc26xx.a(ieee-addr.o)
                0x00003290                ieee_addr_cpy_to
 .text.power_and_clock
                0x000032d0       0x40 contiki-srf06-cc26xx.a(cc26xx-uart.o)
 .text.enable   0x00003310       0xf4 contiki-srf06-cc26xx.a(cc26xx-uart.o)
 .text.accessible
                0x00003404       0x24 contiki-srf06-cc26xx.a(cc26xx-uart.o)
 .text.lpm_drop_handler
                0x00003428       0xcc contiki-srf06-cc26xx.a(cc26xx-uart.o)
 .text.cc26xx_uart_init
                0x000034f4       0x28 contiki-srf06-cc26xx.a(cc26xx-uart.o)
                0x000034f4                cc26xx_uart_init
 .text.cc26xx_uart_write_byte
                0x0000351c       0x28 contiki-srf06-cc26xx.a(cc26xx-uart.o)
                0x0000351c                cc26xx_uart_write_byte
 .text.cc26xx_uart_busy
                0x00003544       0x18 contiki-srf06-cc26xx.a(cc26xx-uart.o)
                0x00003544                cc26xx_uart_busy
 .text.UART0IntHandler
                0x0000355c       0x54 contiki-srf06-cc26xx.a(cc26xx-uart.o)
                0x0000355c                UART0IntHandler
 .text.lpm_shutdown
                0x000035b0      0x1b8 contiki-srf06-cc26xx.a(lpm.o)
                0x000035b0                lpm_shutdown
 .text.lpm_drop
                0x00003768      0x1fc contiki-srf06-cc26xx.a(lpm.o)
                0x00003768                lpm_drop
 .text.lpm_sleep
                0x00003964       0x14 contiki-srf06-cc26xx.a(lpm.o)
                0x00003964                lpm_sleep
 .text.lpm_register_module
                0x00003978        0xc contiki-srf06-cc26xx.a(lpm.o)
                0x00003978                lpm_register_module
 .text.lpm_unregister_module
                0x00003984        0xc contiki-srf06-cc26xx.a(lpm.o)
                0x00003984                lpm_unregister_module
 .text.lpm_init
                0x00003990       0x20 contiki-srf06-cc26xx.a(lpm.o)
                0x00003990                lpm_init
 .text.lpm_pin_set_default_state
                0x000039b0       0x30 contiki-srf06-cc26xx.a(lpm.o)
                0x000039b0                lpm_pin_set_default_state
 .text.gpio_interrupt_register_handler
                0x000039e0       0x2c contiki-srf06-cc26xx.a(gpio-interrupt.)
                0x000039e0                gpio_interrupt_register_handler
 .text.gpio_interrupt_init
                0x00003a0c       0x24 contiki-srf06-cc26xx.a(gpio-interrupt.)
                0x00003a0c                gpio_interrupt_init
 .text.GPIOIntHandler
                0x00003a30       0x30 contiki-srf06-cc26xx.a(gpio-interrupt.)
                0x00003a30                GPIOIntHandler
 .text.osc_interface_dis
                0x00003a60       0x28 contiki-srf06-cc26xx.a(oscillators.o)
 .text.osc_interface_en
                0x00003a88       0x30 contiki-srf06-cc26xx.a(oscillators.o)
 .text.oscillators_select_lf_xosc
                0x00003ab8       0x48 contiki-srf06-cc26xx.a(oscillators.o)
                0x00003ab8                oscillators_select_lf_xosc
 .text.oscillators_select_lf_rcosc
                0x00003b00       0x30 contiki-srf06-cc26xx.a(oscillators.o)
                0x00003b00                oscillators_select_lf_rcosc
 .text.oscillators_request_hf_xosc
                0x00003b30       0x24 contiki-srf06-cc26xx.a(oscillators.o)
                0x00003b30                oscillators_request_hf_xosc
 .text.oscillators_switch_to_hf_xosc
                0x00003b54       0x28 contiki-srf06-cc26xx.a(oscillators.o)
                0x00003b54                oscillators_switch_to_hf_xosc
 .text.oscillators_switch_to_hf_rc
                0x00003b7c       0x2c contiki-srf06-cc26xx.a(oscillators.o)
                0x00003b7c                oscillators_switch_to_hf_rc
 .text.request  0x00003ba8       0x20 contiki-srf06-cc26xx.a(ieee-mode.o)
 .text.rx_on    0x00003bc8       0x60 contiki-srf06-cc26xx.a(ieee-mode.o)
 .text.rf_radio_setup
                0x00003c28       0x74 contiki-srf06-cc26xx.a(ieee-mode.o)
 .text.soft_on  0x00003c9c       0x18 contiki-srf06-cc26xx.a(ieee-mode.o)
 .text.pending_packet
                0x00003cb4       0x34 contiki-srf06-cc26xx.a(ieee-mode.o)
 .text.prepare  0x00003ce8       0x1c contiki-srf06-cc26xx.a(ieee-mode.o)
 .text.read_frame
                0x00003d04       0x58 contiki-srf06-cc26xx.a(ieee-mode.o)
 .text.soft_off
                0x00003d5c       0x3c contiki-srf06-cc26xx.a(ieee-mode.o)
 .text.get_object
                0x00003d98       0x30 contiki-srf06-cc26xx.a(ieee-mode.o)
 .text.transmitting
                0x00003dc8       0x4c contiki-srf06-cc26xx.a(ieee-mode.o)
 .text.rx_off   0x00003e14       0x5c contiki-srf06-cc26xx.a(ieee-mode.o)
 .text.get_cca_info
                0x00003e70       0x44 contiki-srf06-cc26xx.a(ieee-mode.o)
 .text.off      0x00003eb4       0x4c contiki-srf06-cc26xx.a(ieee-mode.o)
 .text.receiving_packet
                0x00003f00       0x40 contiki-srf06-cc26xx.a(ieee-mode.o)
 .text.on       0x00003f40       0x9c contiki-srf06-cc26xx.a(ieee-mode.o)
 .text.set_value
                0x00003fdc      0x158 contiki-srf06-cc26xx.a(ieee-mode.o)
 .text.get_value
                0x00004134      0x138 contiki-srf06-cc26xx.a(ieee-mode.o)
 .text.transmit
                0x0000426c       0xbc contiki-srf06-cc26xx.a(ieee-mode.o)
 .text.send     0x00004328       0x24 contiki-srf06-cc26xx.a(ieee-mode.o)
 .text.set_object
                0x0000434c       0x68 contiki-srf06-cc26xx.a(ieee-mode.o)
 .text.channel_clear
                0x000043b4       0x68 contiki-srf06-cc26xx.a(ieee-mode.o)
 .text.init     0x0000441c       0xe0 contiki-srf06-cc26xx.a(ieee-mode.o)
 .text.write_str
                0x000044fc       0x14 contiki-srf06-cc26xx.a(dbg-printf.o)
 .text.printf   0x00004510       0x24 contiki-srf06-cc26xx.a(dbg-printf.o)
                0x00004510                printf
 .text.buffer_str
                0x00004534       0x18 contiki-srf06-cc26xx.a(dbg-sprintf.o)
 .text.sprintf  0x0000454c       0x34 contiki-srf06-cc26xx.a(dbg-sprintf.o)
                0x0000454c                sprintf
 .text.fill_space
                0x00004580       0x3c contiki-srf06-cc26xx.a(strformat.o)
 .text.format_str_v
                0x000045bc      0x95c contiki-srf06-cc26xx.a(strformat.o)
                0x000045bc                format_str_v
 .text.autostart_start
                0x00004f18       0x18 contiki-srf06-cc26xx.a(autostart.o)
                0x00004f18                autostart_start
 .text.process_thread_ctimer_process
                0x00004f30       0x94 contiki-srf06-cc26xx.a(ctimer.o)
 .text.ctimer_init
                0x00004fc4       0x28 contiki-srf06-cc26xx.a(ctimer.o)
                0x00004fc4                ctimer_init
 .text.ctimer_set_with_process
                0x00004fec       0x4c contiki-srf06-cc26xx.a(ctimer.o)
                0x00004fec                ctimer_set_with_process
 .text.ctimer_set
                0x00005038       0x18 contiki-srf06-cc26xx.a(ctimer.o)
                0x00005038                ctimer_set
 .text.ctimer_reset
                0x00005050       0x38 contiki-srf06-cc26xx.a(ctimer.o)
                0x00005050                ctimer_reset
 .text.ctimer_stop
                0x00005088       0x34 contiki-srf06-cc26xx.a(ctimer.o)
                0x00005088                ctimer_stop
 .text.energest_init
                0x000050bc        0x4 contiki-srf06-cc26xx.a(energest.o)
                0x000050bc                energest_init
 .text.update_time
                0x000050c0       0x44 contiki-srf06-cc26xx.a(etimer.o)
 .text.process_thread_etimer_process
                0x00005104       0xc8 contiki-srf06-cc26xx.a(etimer.o)
 .text.add_timer
                0x000051cc       0x54 contiki-srf06-cc26xx.a(etimer.o)
 .text.etimer_request_poll
                0x00005220        0xc contiki-srf06-cc26xx.a(etimer.o)
                0x00005220                etimer_request_poll
 .text.etimer_set
                0x0000522c       0x14 contiki-srf06-cc26xx.a(etimer.o)
                0x0000522c                etimer_set
 .text.etimer_reset
                0x00005240       0x14 contiki-srf06-cc26xx.a(etimer.o)
                0x00005240                etimer_reset
 .text.etimer_restart
                0x00005254       0x14 contiki-srf06-cc26xx.a(etimer.o)
                0x00005254                etimer_restart
 .text.etimer_expired
                0x00005268        0xc contiki-srf06-cc26xx.a(etimer.o)
                0x00005268                etimer_expired
 .text.etimer_expiration_time
                0x00005274        0x8 contiki-srf06-cc26xx.a(etimer.o)
                0x00005274                etimer_expiration_time
 .text.etimer_pending
                0x0000527c       0x10 contiki-srf06-cc26xx.a(etimer.o)
                0x0000527c                etimer_pending
 .text.etimer_next_expiration_time
                0x0000528c       0x14 contiki-srf06-cc26xx.a(etimer.o)
                0x0000528c                etimer_next_expiration_time
 .text.etimer_stop
                0x000052a0       0x4c contiki-srf06-cc26xx.a(etimer.o)
                0x000052a0                etimer_stop
 .text.exit_process
                0x000052ec       0xb0 contiki-srf06-cc26xx.a(process.o)
 .text.call_process.part.0
                0x0000539c       0x38 contiki-srf06-cc26xx.a(process.o)
 .text.do_poll  0x000053d4       0x3c contiki-srf06-cc26xx.a(process.o)
 .text.process_alloc_event
                0x00005410       0x10 contiki-srf06-cc26xx.a(process.o)
                0x00005410                process_alloc_event
 .text.process_init
                0x00005420       0x34 contiki-srf06-cc26xx.a(process.o)
                0x00005420                process_init
 .text.process_run
                0x00005454       0xd8 contiki-srf06-cc26xx.a(process.o)
                0x00005454                process_run
 .text.process_nevents
                0x0000552c       0x14 contiki-srf06-cc26xx.a(process.o)
                0x0000552c                process_nevents
 .text.process_post
                0x00005540       0x50 contiki-srf06-cc26xx.a(process.o)
                0x00005540                process_post
 .text.process_post_synch
                0x00005590       0x18 contiki-srf06-cc26xx.a(process.o)
                0x00005590                process_post_synch
 .text.process_start
                0x000055a8       0x40 contiki-srf06-cc26xx.a(process.o)
                0x000055a8                process_start
 .text.process_poll
                0x000055e8       0x18 contiki-srf06-cc26xx.a(process.o)
                0x000055e8                process_poll
 .text.rtimer_init
                0x00005600        0x4 contiki-srf06-cc26xx.a(rtimer.o)
                0x00005600                rtimer_init
 .text.rtimer_set
                0x00005604       0x2c contiki-srf06-cc26xx.a(rtimer.o)
                0x00005604                rtimer_set
 .text.rtimer_run_next
                0x00005630       0x28 contiki-srf06-cc26xx.a(rtimer.o)
                0x00005630                rtimer_run_next
 .text.timer_set
                0x00005658       0x10 contiki-srf06-cc26xx.a(timer.o)
                0x00005658                timer_set
 .text.timer_reset
                0x00005668        0xc contiki-srf06-cc26xx.a(timer.o)
                0x00005668                timer_reset
 .text.timer_restart
                0x00005674        0xc contiki-srf06-cc26xx.a(timer.o)
                0x00005674                timer_restart
 .text.timer_expired
                0x00005680       0x1c contiki-srf06-cc26xx.a(timer.o)
                0x00005680                timer_expired
 .text.process_thread_serial_line_process
                0x0000569c       0xac contiki-srf06-cc26xx.a(serial-line.o)
 .text.serial_line_init
                0x00005748       0x24 contiki-srf06-cc26xx.a(serial-line.o)
                0x00005748                serial_line_init
 .text.list_init
                0x0000576c        0x8 contiki-srf06-cc26xx.a(list.o)
                0x0000576c                list_init
 .text.list_head
                0x00005774        0x4 contiki-srf06-cc26xx.a(list.o)
                0x00005774                list_head
 .text.list_tail
                0x00005778       0x14 contiki-srf06-cc26xx.a(list.o)
                0x00005778                list_tail
 .text.list_add
                0x0000578c       0x48 contiki-srf06-cc26xx.a(list.o)
                0x0000578c                list_add
 .text.list_push
                0x000057d4       0x40 contiki-srf06-cc26xx.a(list.o)
                0x000057d4                list_push
 .text.list_remove
                0x00005814       0x2c contiki-srf06-cc26xx.a(list.o)
                0x00005814                list_remove
 .text.list_length
                0x00005840       0x14 contiki-srf06-cc26xx.a(list.o)
                0x00005840                list_length
 .text.list_item_next
                0x00005854        0x8 contiki-srf06-cc26xx.a(list.o)
                0x00005854                list_item_next
 .text.random_init
                0x0000585c        0x4 contiki-srf06-cc26xx.a(random.o)
                0x0000585c                random_init
 .text.random_rand
                0x00005860        0xc contiki-srf06-cc26xx.a(random.o)
                0x00005860                random_rand
 .text.ringbuf_init
                0x0000586c       0x10 contiki-srf06-cc26xx.a(ringbuf.o)
                0x0000586c                ringbuf_init
 .text.ringbuf_get
                0x0000587c       0x28 contiki-srf06-cc26xx.a(ringbuf.o)
                0x0000587c                ringbuf_get
 .text.sicslowpan_init
                0x000058a4       0x24 contiki-srf06-cc26xx.a(sicslowpan.o)
                0x000058a4                sicslowpan_init
 .text.set_packet_attrs
                0x000058c8       0x4c contiki-srf06-cc26xx.a(sicslowpan.o)
 .text.compress_addr_64
                0x00005914       0x9c contiki-srf06-cc26xx.a(sicslowpan.o)
 .text.addr_context_lookup_by_prefix
                0x000059b0       0x28 contiki-srf06-cc26xx.a(sicslowpan.o)
 .text.send_packet
                0x000059d8       0x24 contiki-srf06-cc26xx.a(sicslowpan.o)
 .text.packet_sent
                0x000059fc       0x28 contiki-srf06-cc26xx.a(sicslowpan.o)
 .text.store_fragment
                0x00005a24       0x68 contiki-srf06-cc26xx.a(sicslowpan.o)
 .text.add_fragment
                0x00005a8c      0x19c contiki-srf06-cc26xx.a(sicslowpan.o)
 .text.uncompress_addr
                0x00005c28       0xb8 contiki-srf06-cc26xx.a(sicslowpan.o)
 .text.input    0x00005ce0      0x654 contiki-srf06-cc26xx.a(sicslowpan.o)
 .text.output   0x00006334      0x738 contiki-srf06-cc26xx.a(sicslowpan.o)
 .text.chksum   0x00006a6c       0x50 contiki-srf06-cc26xx.a(uip6.o)
 .text.upper_layer_chksum
                0x00006abc       0x58 contiki-srf06-cc26xx.a(uip6.o)
 .text.ext_hdr_options_process
                0x00006b14       0xc8 contiki-srf06-cc26xx.a(uip6.o)
 .text.uip_add32
                0x00006bdc       0x58 contiki-srf06-cc26xx.a(uip6.o)
                0x00006bdc                uip_add32
 .text.unlikely.uip_add_rcv_nxt
                0x00006c34       0x2c contiki-srf06-cc26xx.a(uip6.o)
 .text.uip_icmp6chksum
                0x00006c60        0x8 contiki-srf06-cc26xx.a(uip6.o)
                0x00006c60                uip_icmp6chksum
 .text.uip_init
                0x00006c68       0x64 contiki-srf06-cc26xx.a(uip6.o)
                0x00006c68                uip_init
 .text.remove_ext_hdr
                0x00006ccc       0x60 contiki-srf06-cc26xx.a(uip6.o)
                0x00006ccc                remove_ext_hdr
 .text.uip_unlisten
                0x00006d2c       0x44 contiki-srf06-cc26xx.a(uip6.o)
                0x00006d2c                uip_unlisten
 .text.uip_listen
                0x00006d70       0x3c contiki-srf06-cc26xx.a(uip6.o)
                0x00006d70                uip_listen
 .text.uip_process
                0x00006dac     0x119c contiki-srf06-cc26xx.a(uip6.o)
                0x00006dac                uip_process
 .text.uip_htons
                0x00007f48        0x8 contiki-srf06-cc26xx.a(uip6.o)
                0x00007f48                uip_htons
 .text.uip_htonl
                0x00007f50       0x14 contiki-srf06-cc26xx.a(uip6.o)
                0x00007f50                uip_htonl
 .text.uip_send
                0x00007f64       0x50 contiki-srf06-cc26xx.a(uip6.o)
                0x00007f64                uip_send
 .text.uip_ds6_list_loop
                0x00007fb4       0x60 contiki-srf06-cc26xx.a(uip-ds6.o)
                0x00007fb4                uip_ds6_list_loop
 .text.uip_ds6_prefix_add
                0x00008014       0x6c contiki-srf06-cc26xx.a(uip-ds6.o)
                0x00008014                uip_ds6_prefix_add
 .text.uip_ds6_is_addr_onlink
                0x00008080       0x3c contiki-srf06-cc26xx.a(uip-ds6.o)
                0x00008080                uip_ds6_is_addr_onlink
 .text.uip_ds6_addr_lookup
                0x000080bc       0x30 contiki-srf06-cc26xx.a(uip-ds6.o)
                0x000080bc                uip_ds6_addr_lookup
 .text.uip_ds6_get_link_local
                0x000080ec       0x44 contiki-srf06-cc26xx.a(uip-ds6.o)
                0x000080ec                uip_ds6_get_link_local
 .text.uip_ds6_maddr_add
                0x00008130       0x50 contiki-srf06-cc26xx.a(uip-ds6.o)
                0x00008130                uip_ds6_maddr_add
 .text.uip_ds6_addr_add
                0x00008180       0xa8 contiki-srf06-cc26xx.a(uip-ds6.o)
                0x00008180                uip_ds6_addr_add
 .text.uip_ds6_maddr_lookup
                0x00008228       0x30 contiki-srf06-cc26xx.a(uip-ds6.o)
                0x00008228                uip_ds6_maddr_lookup
 .text.uip_ds6_addr_rm
                0x00008258       0x48 contiki-srf06-cc26xx.a(uip-ds6.o)
                0x00008258                uip_ds6_addr_rm
 .text.uip_ds6_periodic
                0x000082a0       0x60 contiki-srf06-cc26xx.a(uip-ds6.o)
                0x000082a0                uip_ds6_periodic
 .text.uip_ds6_select_src
                0x00008300       0xf4 contiki-srf06-cc26xx.a(uip-ds6.o)
                0x00008300                uip_ds6_select_src
 .text.uip_ds6_set_addr_iid
                0x000083f4       0x14 contiki-srf06-cc26xx.a(uip-ds6.o)
                0x000083f4                uip_ds6_set_addr_iid
 .text.uip_ds6_compute_reachable_time
                0x00008408       0x28 contiki-srf06-cc26xx.a(uip-ds6.o)
                0x00008408                uip_ds6_compute_reachable_time
 .text.uip_ds6_init
                0x00008430       0xf8 contiki-srf06-cc26xx.a(uip-ds6.o)
                0x00008430                uip_ds6_init
 .text.uip_ds6_nbr_rm
                0x00008528       0x20 contiki-srf06-cc26xx.a(uip-ds6-nbr.o)
                0x00008528                uip_ds6_nbr_rm
 .text.uip_ds6_neighbors_init
                0x00008548       0x14 contiki-srf06-cc26xx.a(uip-ds6-nbr.o)
                0x00008548                uip_ds6_neighbors_init
 .text.uip_ds6_nbr_add
                0x0000855c       0x54 contiki-srf06-cc26xx.a(uip-ds6-nbr.o)
                0x0000855c                uip_ds6_nbr_add
 .text.uip_ds6_nbr_get_ll
                0x000085b0       0x10 contiki-srf06-cc26xx.a(uip-ds6-nbr.o)
                0x000085b0                uip_ds6_nbr_get_ll
 .text.uip_ds6_nbr_lookup
                0x000085c0       0x3c contiki-srf06-cc26xx.a(uip-ds6-nbr.o)
                0x000085c0                uip_ds6_nbr_lookup
 .text.uip_ds6_nbr_ipaddr_from_lladdr
                0x000085fc       0x10 contiki-srf06-cc26xx.a(uip-ds6-nbr.o)
                0x000085fc                uip_ds6_nbr_ipaddr_from_lladdr
 .text.uip_ds6_nbr_lladdr_from_ipaddr
                0x0000860c       0x1c contiki-srf06-cc26xx.a(uip-ds6-nbr.o)
                0x0000860c                uip_ds6_nbr_lladdr_from_ipaddr
 .text.uip_ds6_link_neighbor_callback
                0x00008628       0x2c contiki-srf06-cc26xx.a(uip-ds6-nbr.o)
                0x00008628                uip_ds6_link_neighbor_callback
 .text.uip_ds6_neighbor_periodic
                0x00008654       0x70 contiki-srf06-cc26xx.a(uip-ds6-nbr.o)
                0x00008654                uip_ds6_neighbor_periodic
 .text.call_route_callback
                0x000086c4       0x50 contiki-srf06-cc26xx.a(uip-ds6-route.o)
 .text.uip_ds6_route_init
                0x00008714       0x4c contiki-srf06-cc26xx.a(uip-ds6-route.o)
                0x00008714                uip_ds6_route_init
 .text.uip_ds6_route_nexthop
                0x00008760       0x1c contiki-srf06-cc26xx.a(uip-ds6-route.o)
                0x00008760                uip_ds6_route_nexthop
 .text.uip_ds6_route_head
                0x0000877c        0xc contiki-srf06-cc26xx.a(uip-ds6-route.o)
                0x0000877c                uip_ds6_route_head
 .text.uip_ds6_route_next
                0x00008788        0x8 contiki-srf06-cc26xx.a(uip-ds6-route.o)
                0x00008788                uip_ds6_route_next
 .text.uip_ds6_route_lookup
                0x00008790       0x78 contiki-srf06-cc26xx.a(uip-ds6-route.o)
                0x00008790                uip_ds6_route_lookup
 .text.uip_ds6_route_rm
                0x00008808       0xac contiki-srf06-cc26xx.a(uip-ds6-route.o)
                0x00008808                uip_ds6_route_rm
 .text.rm_routelist
                0x000088b4       0x38 contiki-srf06-cc26xx.a(uip-ds6-route.o)
 .text.rm_routelist_callback
                0x000088ec        0x4 contiki-srf06-cc26xx.a(uip-ds6-route.o)
 .text.uip_ds6_route_add
                0x000088f0      0x134 contiki-srf06-cc26xx.a(uip-ds6-route.o)
                0x000088f0                uip_ds6_route_add
 .text.uip_ds6_defrt_rm
                0x00008a24       0x48 contiki-srf06-cc26xx.a(uip-ds6-route.o)
                0x00008a24                uip_ds6_defrt_rm
 .text.uip_ds6_defrt_lookup
                0x00008a6c       0x34 contiki-srf06-cc26xx.a(uip-ds6-route.o)
                0x00008a6c                uip_ds6_defrt_lookup
 .text.uip_ds6_defrt_add
                0x00008aa0       0x5c contiki-srf06-cc26xx.a(uip-ds6-route.o)
                0x00008aa0                uip_ds6_defrt_add
 .text.uip_ds6_defrt_choose
                0x00008afc       0x34 contiki-srf06-cc26xx.a(uip-ds6-route.o)
                0x00008afc                uip_ds6_defrt_choose
 .text.uip_ds6_defrt_periodic
                0x00008b30       0x3c contiki-srf06-cc26xx.a(uip-ds6-route.o)
                0x00008b30                uip_ds6_defrt_periodic
 .text.echo_reply_input
                0x00008b6c      0x110 contiki-srf06-cc26xx.a(uip-icmp6.o)
 .text.echo_request_input
                0x00008c7c      0x118 contiki-srf06-cc26xx.a(uip-icmp6.o)
 .text.uip_icmp6_input
                0x00008d94       0x3c contiki-srf06-cc26xx.a(uip-icmp6.o)
                0x00008d94                uip_icmp6_input
 .text.uip_icmp6_register_input_handler
                0x00008dd0        0xc contiki-srf06-cc26xx.a(uip-icmp6.o)
                0x00008dd0                uip_icmp6_register_input_handler
 .text.uip_icmp6_error_output
                0x00008ddc      0x158 contiki-srf06-cc26xx.a(uip-icmp6.o)
                0x00008ddc                uip_icmp6_error_output
 .text.uip_icmp6_send
                0x00008f34       0x84 contiki-srf06-cc26xx.a(uip-icmp6.o)
                0x00008f34                uip_icmp6_send
 .text.uip_icmp6_init
                0x00008fb8       0x24 contiki-srf06-cc26xx.a(uip-icmp6.o)
                0x00008fb8                uip_icmp6_init
 .text.uip_nd6_init
                0x00008fdc        0x4 contiki-srf06-cc26xx.a(uip-nd6.o)
                0x00008fdc                uip_nd6_init
 .text.start_periodic_tcp_timer
                0x00008fe0       0x1c contiki-srf06-cc26xx.a(tcpip.o)
 .text.tcpip_set_outputfunc
                0x00008ffc        0xc contiki-srf06-cc26xx.a(tcpip.o)
                0x00008ffc                tcpip_set_outputfunc
 .text.tcp_listen
                0x00009008       0x50 contiki-srf06-cc26xx.a(tcpip.o)
                0x00009008                tcp_listen
 .text.tcp_attach
                0x00009058       0x10 contiki-srf06-cc26xx.a(tcpip.o)
                0x00009058                tcp_attach
 .text.tcpip_icmp6_call
                0x00009068       0x28 contiki-srf06-cc26xx.a(tcpip.o)
                0x00009068                tcpip_icmp6_call
 .text.tcpip_input
                0x00009090       0x24 contiki-srf06-cc26xx.a(tcpip.o)
                0x00009090                tcpip_input
 .text.tcpip_ipv6_output
                0x000090b4       0xc8 contiki-srf06-cc26xx.a(tcpip.o)
                0x000090b4                tcpip_ipv6_output
 .text.process_thread_tcpip_process
                0x0000917c      0x208 contiki-srf06-cc26xx.a(tcpip.o)
 .text.tcpip_uipcall
                0x00009384       0x90 contiki-srf06-cc26xx.a(tcpip.o)
                0x00009384                tcpip_uipcall
 .text.newdata  0x00009414       0x54 contiki-srf06-cc26xx.a(tcp-socket.o)
 .text.senddata
                0x00009468       0x34 contiki-srf06-cc26xx.a(tcp-socket.o)
 .text.process_thread_tcp_socket_process
                0x0000949c      0x2b0 contiki-srf06-cc26xx.a(tcp-socket.o)
 .text.tcp_socket_register
                0x0000974c       0x70 contiki-srf06-cc26xx.a(tcp-socket.o)
                0x0000974c                tcp_socket_register
 .text.tcp_socket_listen
                0x000097bc       0x3c contiki-srf06-cc26xx.a(tcp-socket.o)
                0x000097bc                tcp_socket_listen
 .text.tcp_socket_send
                0x000097f8       0x38 contiki-srf06-cc26xx.a(tcp-socket.o)
                0x000097f8                tcp_socket_send
 .text.tcp_socket_send_str
                0x00009830       0x1c contiki-srf06-cc26xx.a(tcp-socket.o)
                0x00009830                tcp_socket_send_str
 .text.tcp_socket_close
                0x0000984c       0x1c contiki-srf06-cc26xx.a(tcp-socket.o)
                0x0000984c                tcp_socket_close
 .text.uip_debug_ipaddr_print
                0x00009868       0xb0 contiki-srf06-cc26xx.a(uip-debug.o)
                0x00009868                uip_debug_ipaddr_print
 .text.rpl_get_mode
                0x00009918        0xc contiki-srf06-cc26xx.a(rpl.o)
                0x00009918                rpl_get_mode
 .text.rpl_purge_routes
                0x00009924       0x7c contiki-srf06-cc26xx.a(rpl.o)
                0x00009924                rpl_purge_routes
 .text.rpl_remove_routes
                0x000099a0       0x24 contiki-srf06-cc26xx.a(rpl.o)
                0x000099a0                rpl_remove_routes
 .text.rpl_remove_routes_by_nexthop
                0x000099c4       0x40 contiki-srf06-cc26xx.a(rpl.o)
                0x000099c4                rpl_remove_routes_by_nexthop
 .text.rpl_add_route
                0x00009a04       0x2c contiki-srf06-cc26xx.a(rpl.o)
                0x00009a04                rpl_add_route
 .text.rpl_link_neighbor_callback
                0x00009a30       0x78 contiki-srf06-cc26xx.a(rpl.o)
                0x00009a30                rpl_link_neighbor_callback
 .text.rpl_ipv6_neighbor_callback
                0x00009aa8       0x30 contiki-srf06-cc26xx.a(rpl.o)
                0x00009aa8                rpl_ipv6_neighbor_callback
 .text.rpl_purge_dags
                0x00009ad8       0x40 contiki-srf06-cc26xx.a(rpl.o)
                0x00009ad8                rpl_purge_dags
 .text.rpl_init
                0x00009b18       0x58 contiki-srf06-cc26xx.a(rpl.o)
                0x00009b18                rpl_init
 .text.lollipop_greater_than
                0x00009b70       0x3c contiki-srf06-cc26xx.a(rpl-dag.o)
 .text.rpl_set_preferred_parent
                0x00009bac       0x2c contiki-srf06-cc26xx.a(rpl-dag.o)
 .text.set_ip_from_prefix
                0x00009bd8       0x2c contiki-srf06-cc26xx.a(rpl-dag.o)
 .text.check_prefix
                0x00009c04       0x78 contiki-srf06-cc26xx.a(rpl-dag.o)
 .text.find_parent_any_dag_any_instance
                0x00009c7c       0x1c contiki-srf06-cc26xx.a(rpl-dag.o)
 .text.rpl_get_nbr
                0x00009c98       0x28 contiki-srf06-cc26xx.a(rpl-dag.o)
                0x00009c98                rpl_get_nbr
 .text.rpl_dag_init
                0x00009cc0       0x14 contiki-srf06-cc26xx.a(rpl-dag.o)
                0x00009cc0                rpl_dag_init
 .text.rpl_get_parent
                0x00009cd4       0x10 contiki-srf06-cc26xx.a(rpl-dag.o)
                0x00009cd4                rpl_get_parent
 .text.rpl_get_parent_ipaddr
                0x00009ce4       0x18 contiki-srf06-cc26xx.a(rpl-dag.o)
                0x00009ce4                rpl_get_parent_ipaddr
 .text.rpl_repair_root
                0x00009cfc       0x5c contiki-srf06-cc26xx.a(rpl-dag.o)
                0x00009cfc                rpl_repair_root
 .text.rpl_set_prefix
                0x00009d58       0x98 contiki-srf06-cc26xx.a(rpl-dag.o)
                0x00009d58                rpl_set_prefix
 .text.rpl_set_default_route
                0x00009df0       0x3c contiki-srf06-cc26xx.a(rpl-dag.o)
                0x00009df0                rpl_set_default_route
 .text.rpl_alloc_instance
                0x00009e2c       0x34 contiki-srf06-cc26xx.a(rpl-dag.o)
                0x00009e2c                rpl_alloc_instance
 .text.rpl_alloc_dag
                0x00009e60       0x5c contiki-srf06-cc26xx.a(rpl-dag.o)
                0x00009e60                rpl_alloc_dag
 .text.rpl_add_parent
                0x00009ebc       0x44 contiki-srf06-cc26xx.a(rpl-dag.o)
                0x00009ebc                rpl_add_parent
 .text.rpl_find_parent
                0x00009f00       0x18 contiki-srf06-cc26xx.a(rpl-dag.o)
                0x00009f00                rpl_find_parent
 .text.rpl_find_parent_any_dag
                0x00009f18       0x20 contiki-srf06-cc26xx.a(rpl-dag.o)
                0x00009f18                rpl_find_parent_any_dag
 .text.rpl_select_parent
                0x00009f38       0x84 contiki-srf06-cc26xx.a(rpl-dag.o)
                0x00009f38                rpl_select_parent
 .text.rpl_select_dag
                0x00009fbc      0x17c contiki-srf06-cc26xx.a(rpl-dag.o)
                0x00009fbc                rpl_select_dag
 .text.rpl_nullify_parent
                0x0000a138       0x4c contiki-srf06-cc26xx.a(rpl-dag.o)
                0x0000a138                rpl_nullify_parent
 .text.rpl_remove_parent
                0x0000a184       0x1c contiki-srf06-cc26xx.a(rpl-dag.o)
                0x0000a184                rpl_remove_parent
 .text.nbr_callback
                0x0000a1a0        0x4 contiki-srf06-cc26xx.a(rpl-dag.o)
 .text.remove_parents.constprop.5
                0x0000a1a4       0x44 contiki-srf06-cc26xx.a(rpl-dag.o)
 .text.rpl_free_dag
                0x0000a1e8       0x38 contiki-srf06-cc26xx.a(rpl-dag.o)
                0x0000a1e8                rpl_free_dag
 .text.rpl_move_parent
                0x0000a220       0x4c contiki-srf06-cc26xx.a(rpl-dag.o)
                0x0000a220                rpl_move_parent
 .text.rpl_get_any_dag
                0x0000a26c       0x18 contiki-srf06-cc26xx.a(rpl-dag.o)
                0x0000a26c                rpl_get_any_dag
 .text.rpl_get_instance
                0x0000a284       0x20 contiki-srf06-cc26xx.a(rpl-dag.o)
                0x0000a284                rpl_get_instance
 .text.rpl_join_instance
                0x0000a2a4      0x144 contiki-srf06-cc26xx.a(rpl-dag.o)
                0x0000a2a4                rpl_join_instance
 .text.rpl_local_repair
                0x0000a3e8       0x68 contiki-srf06-cc26xx.a(rpl-dag.o)
                0x0000a3e8                rpl_local_repair
 .text.rpl_process_parent_event
                0x0000a450       0x60 contiki-srf06-cc26xx.a(rpl-dag.o)
                0x0000a450                rpl_process_parent_event
 .text.rpl_add_dag
                0x0000a4b0      0x150 contiki-srf06-cc26xx.a(rpl-dag.o)
                0x0000a4b0                rpl_add_dag
 .text.rpl_recalculate_ranks
                0x0000a600       0x50 contiki-srf06-cc26xx.a(rpl-dag.o)
                0x0000a600                rpl_recalculate_ranks
 .text.rpl_process_dio
                0x0000a650      0x318 contiki-srf06-cc26xx.a(rpl-dag.o)
                0x0000a650                rpl_process_dio
 .text.rpl_verify_header
                0x0000a968      0x104 contiki-srf06-cc26xx.a(rpl-ext-header.)
                0x0000a968                rpl_verify_header
 .text.rpl_update_header_empty
                0x0000aa6c      0x12c contiki-srf06-cc26xx.a(rpl-ext-header.)
                0x0000aa6c                rpl_update_header_empty
 .text.rpl_update_header_final
                0x0000ab98       0x88 contiki-srf06-cc26xx.a(rpl-ext-header.)
                0x0000ab98                rpl_update_header_final
 .text.rpl_invert_header
                0x0000ac20       0x68 contiki-srf06-cc26xx.a(rpl-ext-header.)
                0x0000ac20                rpl_invert_header
 .text.rpl_insert_header
                0x0000ac88       0x1c contiki-srf06-cc26xx.a(rpl-ext-header.)
                0x0000ac88                rpl_insert_header
 .text.get32    0x0000aca4       0x20 contiki-srf06-cc26xx.a(rpl-icmp6.o)
 .text.dao_ack_input
                0x0000acc4       0x14 contiki-srf06-cc26xx.a(rpl-icmp6.o)
 .text.dio_input
                0x0000acd8      0x2b8 contiki-srf06-cc26xx.a(rpl-icmp6.o)
 .text.dis_output
                0x0000af90       0x58 contiki-srf06-cc26xx.a(rpl-icmp6.o)
                0x0000af90                dis_output
 .text.dio_output
                0x0000afe8      0x2dc contiki-srf06-cc26xx.a(rpl-icmp6.o)
                0x0000afe8                dio_output
 .text.dis_input
                0x0000b2c4       0x40 contiki-srf06-cc26xx.a(rpl-icmp6.o)
 .text.dao_output_target
                0x0000b304      0x104 contiki-srf06-cc26xx.a(rpl-icmp6.o)
                0x0000b304                dao_output_target
 .text.dao_output
                0x0000b408       0x58 contiki-srf06-cc26xx.a(rpl-icmp6.o)
                0x0000b408                dao_output
 .text.dao_ack_output
                0x0000b460       0x30 contiki-srf06-cc26xx.a(rpl-icmp6.o)
                0x0000b460                dao_ack_output
 .text.dao_input
                0x0000b490      0x218 contiki-srf06-cc26xx.a(rpl-icmp6.o)
 .text.rpl_icmp6_register_handlers
                0x0000b6a8       0x30 contiki-srf06-cc26xx.a(rpl-icmp6.o)
                0x0000b6a8                rpl_icmp6_register_handlers
 .text.reset    0x0000b6d8        0x4 contiki-srf06-cc26xx.a(rpl-mrhof.o)
 .text.update_metric_container
                0x0000b6dc        0x8 contiki-srf06-cc26xx.a(rpl-mrhof.o)
 .text.calculate_rank
                0x0000b6e4       0x44 contiki-srf06-cc26xx.a(rpl-mrhof.o)
 .text.neighbor_link_callback
                0x0000b728       0x54 contiki-srf06-cc26xx.a(rpl-mrhof.o)
 .text.best_dag
                0x0000b77c       0x2c contiki-srf06-cc26xx.a(rpl-mrhof.o)
 .text.best_parent
                0x0000b7a8       0x60 contiki-srf06-cc26xx.a(rpl-mrhof.o)
 .text.new_dio_interval
                0x0000b808       0x60 contiki-srf06-cc26xx.a(rpl-timers.o)
 .text.handle_periodic_timer
                0x0000b868       0x3c contiki-srf06-cc26xx.a(rpl-timers.o)
 .text.set_dao_lifetime_timer
                0x0000b8a4       0x3c contiki-srf06-cc26xx.a(rpl-timers.o)
 .text.handle_unicast_dio_timer
                0x0000b8e0       0x1c contiki-srf06-cc26xx.a(rpl-timers.o)
 .text.handle_dio_timer
                0x0000b8fc       0x8c contiki-srf06-cc26xx.a(rpl-timers.o)
 .text.schedule_dao
                0x0000b988       0x54 contiki-srf06-cc26xx.a(rpl-timers.o)
 .text.handle_dao_timer
                0x0000b9dc       0x5c contiki-srf06-cc26xx.a(rpl-timers.o)
 .text.rpl_reset_periodic_timer
                0x0000ba38       0x3c contiki-srf06-cc26xx.a(rpl-timers.o)
                0x0000ba38                rpl_reset_periodic_timer
 .text.rpl_reset_dio_timer
                0x0000ba74       0x1c contiki-srf06-cc26xx.a(rpl-timers.o)
                0x0000ba74                rpl_reset_dio_timer
 .text.rpl_schedule_dao
                0x0000ba90        0x8 contiki-srf06-cc26xx.a(rpl-timers.o)
                0x0000ba90                rpl_schedule_dao
 .text.rpl_schedule_unicast_dio_immediately
                0x0000ba98       0x14 contiki-srf06-cc26xx.a(rpl-timers.o)
                0x0000ba98                rpl_schedule_unicast_dio_immediately
 .text.rpl_schedule_probing
                0x0000baac       0x38 contiki-srf06-cc26xx.a(rpl-timers.o)
                0x0000baac                rpl_schedule_probing
 .text.handle_probing_timer
                0x0000bae4       0xdc contiki-srf06-cc26xx.a(rpl-timers.o)
 .text.NOROM_AONRTCCurrentCompareValueGet
                0x0000bbc0       0x24 contiki-srf06-cc26xx.a(aon_rtc.o)
                0x0000bbc0                NOROM_AONRTCCurrentCompareValueGet
 .text.NOROM_CPUcpsid
                0x0000bbe4        0x8 contiki-srf06-cc26xx.a(cpu.o)
                0x0000bbe4                NOROM_CPUcpsid
 .text.NOROM_CPUcpsie
                0x0000bbec        0x8 contiki-srf06-cc26xx.a(cpu.o)
                0x0000bbec                NOROM_CPUcpsie
 .text.NOROM_CPUdelay
                0x0000bbf4        0x8 contiki-srf06-cc26xx.a(cpu.o)
                0x0000bbf4                NOROM_CPUdelay
 .text.NOROM_DDI16BitfieldWrite
                0x0000bbfc       0x4c contiki-srf06-cc26xx.a(ddi.o)
                0x0000bbfc                NOROM_DDI16BitfieldWrite
 .text.NOROM_DDI16BitfieldRead
                0x0000bc48       0x48 contiki-srf06-cc26xx.a(ddi.o)
                0x0000bc48                NOROM_DDI16BitfieldRead
 .text.NOROM_OSCClockSourceSet
                0x0000bc90       0x50 contiki-srf06-cc26xx.a(osc.o)
                0x0000bc90                NOROM_OSCClockSourceSet
 .text.NOROM_OSCClockSourceGet
                0x0000bce0       0x24 contiki-srf06-cc26xx.a(osc.o)
                0x0000bce0                NOROM_OSCClockSourceGet
 .text.NOROM_OSCInterfaceEnable
                0x0000bd04       0x34 contiki-srf06-cc26xx.a(osc.o)
                0x0000bd04                NOROM_OSCInterfaceEnable
 .text.NOROM_PowerCtrlSourceSet
                0x0000bd38       0x30 contiki-srf06-cc26xx.a(pwr_ctrl.o)
                0x0000bd38                NOROM_PowerCtrlSourceSet
 .text.HapiTrimDeviceShutDown
                0x0000bd68      0x4f4 contiki-srf06-cc26xx.a(setup.o)
 .text.trimDevice
                0x0000c25c       0xfc contiki-srf06-cc26xx.a(setup.o)
                0x0000c25c                trimDevice
 .text.SysCtrlSetRechargeBeforePowerDown
                0x0000c358      0x1e8 contiki-srf06-cc26xx.a(sys_ctrl.o)
                0x0000c358                SysCtrlSetRechargeBeforePowerDown
 .text.SysCtrlAdjustRechargeAfterPowerDown
                0x0000c540       0x64 contiki-srf06-cc26xx.a(sys_ctrl.o)
                0x0000c540                SysCtrlAdjustRechargeAfterPowerDown
 .text.SysCtrl_DCDC_VoltageConditionalControl
                0x0000c5a4       0x78 contiki-srf06-cc26xx.a(sys_ctrl.o)
                0x0000c5a4                SysCtrl_DCDC_VoltageConditionalControl
 .text.linkaddr_copy
                0x0000c61c        0xc contiki-srf06-cc26xx.a(linkaddr.o)
                0x0000c61c                linkaddr_copy
 .text.linkaddr_cmp
                0x0000c628       0x10 contiki-srf06-cc26xx.a(linkaddr.o)
                0x0000c628                linkaddr_cmp
 .text.nbr_set_bit
                0x0000c638       0x4c contiki-srf06-cc26xx.a(nbr-table.o)
 .text.index_from_lladdr
                0x0000c684       0x50 contiki-srf06-cc26xx.a(nbr-table.o)
 .text.nbr_get_bit.constprop.0
                0x0000c6d4       0x2c contiki-srf06-cc26xx.a(nbr-table.o)
 .text.nbr_table_register
                0x0000c700       0x2c contiki-srf06-cc26xx.a(nbr-table.o)
                0x0000c700                nbr_table_register
 .text.nbr_table_next
                0x0000c72c       0x70 contiki-srf06-cc26xx.a(nbr-table.o)
                0x0000c72c                nbr_table_next
 .text.nbr_table_head
                0x0000c79c       0x58 contiki-srf06-cc26xx.a(nbr-table.o)
                0x0000c79c                nbr_table_head
 .text.nbr_table_add_lladdr
                0x0000c7f4      0x190 contiki-srf06-cc26xx.a(nbr-table.o)
                0x0000c7f4                nbr_table_add_lladdr
 .text.nbr_table_get_from_lladdr
                0x0000c984       0x34 contiki-srf06-cc26xx.a(nbr-table.o)
                0x0000c984                nbr_table_get_from_lladdr
 .text.nbr_table_remove
                0x0000c9b8       0x2c contiki-srf06-cc26xx.a(nbr-table.o)
                0x0000c9b8                nbr_table_remove
 .text.nbr_table_lock
                0x0000c9e4       0x14 contiki-srf06-cc26xx.a(nbr-table.o)
                0x0000c9e4                nbr_table_lock
 .text.nbr_table_unlock
                0x0000c9f8       0x14 contiki-srf06-cc26xx.a(nbr-table.o)
                0x0000c9f8                nbr_table_unlock
 .text.nbr_table_get_lladdr
                0x0000ca0c       0x30 contiki-srf06-cc26xx.a(nbr-table.o)
                0x0000ca0c                nbr_table_get_lladdr
 .text.netstack_init
                0x0000ca3c       0x38 contiki-srf06-cc26xx.a(netstack.o)
                0x0000ca3c                netstack_init
 .text.packetbuf_copyto
                0x0000ca74       0x50 contiki-srf06-cc26xx.a(packetbuf.o)
                0x0000ca74                packetbuf_copyto
 .text.packetbuf_hdralloc
                0x0000cac4       0x48 contiki-srf06-cc26xx.a(packetbuf.o)
                0x0000cac4                packetbuf_hdralloc
 .text.packetbuf_hdrreduce
                0x0000cb0c       0x2c contiki-srf06-cc26xx.a(packetbuf.o)
                0x0000cb0c                packetbuf_hdrreduce
 .text.packetbuf_set_datalen
                0x0000cb38        0xc contiki-srf06-cc26xx.a(packetbuf.o)
                0x0000cb38                packetbuf_set_datalen
 .text.packetbuf_dataptr
                0x0000cb44       0x14 contiki-srf06-cc26xx.a(packetbuf.o)
                0x0000cb44                packetbuf_dataptr
 .text.packetbuf_hdrptr
                0x0000cb58       0x14 contiki-srf06-cc26xx.a(packetbuf.o)
                0x0000cb58                packetbuf_hdrptr
 .text.packetbuf_datalen
                0x0000cb6c        0xc contiki-srf06-cc26xx.a(packetbuf.o)
                0x0000cb6c                packetbuf_datalen
 .text.packetbuf_totlen
                0x0000cb78       0x28 contiki-srf06-cc26xx.a(packetbuf.o)
                0x0000cb78                packetbuf_totlen
 .text.packetbuf_attr_clear
                0x0000cba0       0x38 contiki-srf06-cc26xx.a(packetbuf.o)
                0x0000cba0                packetbuf_attr_clear
 .text.packetbuf_clear
                0x0000cbd8       0x34 contiki-srf06-cc26xx.a(packetbuf.o)
                0x0000cbd8                packetbuf_clear
 .text.packetbuf_copyfrom
                0x0000cc0c       0x2c contiki-srf06-cc26xx.a(packetbuf.o)
                0x0000cc0c                packetbuf_copyfrom
 .text.packetbuf_attr_copyto
                0x0000cc38       0x44 contiki-srf06-cc26xx.a(packetbuf.o)
                0x0000cc38                packetbuf_attr_copyto
 .text.packetbuf_attr_copyfrom
                0x0000cc7c       0x44 contiki-srf06-cc26xx.a(packetbuf.o)
                0x0000cc7c                packetbuf_attr_copyfrom
 .text.packetbuf_set_attr
                0x0000ccc0       0x10 contiki-srf06-cc26xx.a(packetbuf.o)
                0x0000ccc0                packetbuf_set_attr
 .text.packetbuf_attr
                0x0000ccd0        0xc contiki-srf06-cc26xx.a(packetbuf.o)
                0x0000ccd0                packetbuf_attr
 .text.packetbuf_set_addr
                0x0000ccdc       0x18 contiki-srf06-cc26xx.a(packetbuf.o)
                0x0000ccdc                packetbuf_set_addr
 .text.packetbuf_addr
                0x0000ccf4       0x10 contiki-srf06-cc26xx.a(packetbuf.o)
                0x0000ccf4                packetbuf_addr
 .text.packetbuf_holds_broadcast
                0x0000cd04       0x10 contiki-srf06-cc26xx.a(packetbuf.o)
                0x0000cd04                packetbuf_holds_broadcast
 .text.queuebuf_init
                0x0000cd14       0x1c contiki-srf06-cc26xx.a(queuebuf.o)
                0x0000cd14                queuebuf_init
 .text.queuebuf_numfree
                0x0000cd30        0xc contiki-srf06-cc26xx.a(queuebuf.o)
                0x0000cd30                queuebuf_numfree
 .text.queuebuf_new_from_packetbuf
                0x0000cd3c       0x48 contiki-srf06-cc26xx.a(queuebuf.o)
                0x0000cd3c                queuebuf_new_from_packetbuf
 .text.queuebuf_update_attr_from_packetbuf
                0x0000cd84        0xc contiki-srf06-cc26xx.a(queuebuf.o)
                0x0000cd84                queuebuf_update_attr_from_packetbuf
 .text.queuebuf_update_from_packetbuf
                0x0000cd90       0x1c contiki-srf06-cc26xx.a(queuebuf.o)
                0x0000cd90                queuebuf_update_from_packetbuf
 .text.queuebuf_free
                0x0000cdac       0x2c contiki-srf06-cc26xx.a(queuebuf.o)
                0x0000cdac                queuebuf_free
 .text.queuebuf_to_packetbuf
                0x0000cdd8       0x30 contiki-srf06-cc26xx.a(queuebuf.o)
                0x0000cdd8                queuebuf_to_packetbuf
 .text.queuebuf_attr
                0x0000ce08        0xc contiki-srf06-cc26xx.a(queuebuf.o)
                0x0000ce08                queuebuf_attr
 .text.input_packet
                0x0000ce14        0xc contiki-srf06-cc26xx.a(csma.o)
 .text.on       0x0000ce20        0xc contiki-srf06-cc26xx.a(csma.o)
 .text.off      0x0000ce2c        0xc contiki-srf06-cc26xx.a(csma.o)
 .text.channel_check_interval
                0x0000ce38       0x10 contiki-srf06-cc26xx.a(csma.o)
 .text.transmit_packet_list
                0x0000ce48       0x34 contiki-srf06-cc26xx.a(csma.o)
 .text.free_packet
                0x0000ce7c       0x98 contiki-srf06-cc26xx.a(csma.o)
 .text.packet_sent
                0x0000cf14      0x100 contiki-srf06-cc26xx.a(csma.o)
 .text.send_packet
                0x0000d014      0x164 contiki-srf06-cc26xx.a(csma.o)
 .text.init     0x0000d178       0x24 contiki-srf06-cc26xx.a(csma.o)
 .text.parse    0x0000d19c       0xa0 contiki-srf06-cc26xx.a(framer-802154.o)
 .text.create_frame.isra.0
                0x0000d23c      0x13c contiki-srf06-cc26xx.a(framer-802154.o)
 .text.create   0x0000d378        0x8 contiki-srf06-cc26xx.a(framer-802154.o)
 .text.hdr_length
                0x0000d380        0x8 contiki-srf06-cc26xx.a(framer-802154.o)
 .text.mac_call_sent_callback
                0x0000d388       0x10 contiki-srf06-cc26xx.a(mac.o)
                0x0000d388                mac_call_sent_callback
 .text.duty_cycle
                0x0000d398        0x4 contiki-srf06-cc26xx.a(contikimac.o)
 .text.init     0x0000d39c       0x40 contiki-srf06-cc26xx.a(contikimac.o)
 .text.on       0x0000d3dc       0x2c contiki-srf06-cc26xx.a(contikimac.o)
 .text.off      0x0000d408       0x38 contiki-srf06-cc26xx.a(contikimac.o)
 .text.recv_burst_off
                0x0000d440       0x14 contiki-srf06-cc26xx.a(contikimac.o)
 .text.powercycle_turn_radio_off.part.2
                0x0000d454       0x10 contiki-srf06-cc26xx.a(contikimac.o)
 .text.turn_off
                0x0000d464       0x48 contiki-srf06-cc26xx.a(contikimac.o)
 .text.turn_on  0x0000d4ac       0x40 contiki-srf06-cc26xx.a(contikimac.o)
 .text.schedule_powercycle_fixed.part.5
                0x0000d4ec       0x2c contiki-srf06-cc26xx.a(contikimac.o)
 .text.input_packet
                0x0000d518       0xac contiki-srf06-cc26xx.a(contikimac.o)
 .text.send_packet.isra.8
                0x0000d5c4      0x228 contiki-srf06-cc26xx.a(contikimac.o)
 .text.qsend_list
                0x0000d7ec       0xe0 contiki-srf06-cc26xx.a(contikimac.o)
 .text.qsend_packet
                0x0000d8cc       0x24 contiki-srf06-cc26xx.a(contikimac.o)
 .text.powercycle_wrapper
                0x0000d8f0      0x234 contiki-srf06-cc26xx.a(contikimac.o)
 .text.init     0x0000db24        0x4 contiki-srf06-cc26xx.a(nullsec.o)
 .text.input    0x0000db28        0xc contiki-srf06-cc26xx.a(nullsec.o)
 .text.send     0x0000db34       0x20 contiki-srf06-cc26xx.a(nullsec.o)
 .text.sensor_common_read_reg
                0x0000db54       0x1c contiki-srf06-cc26xx.a(sensor-common.o)
                0x0000db54                sensor_common_read_reg
 .text.sensor_common_write_reg
                0x0000db70       0x38 contiki-srf06-cc26xx.a(sensor-common.o)
                0x0000db70                sensor_common_write_reg
 .text.sensor_common_set_error_data
                0x0000dba8       0x10 contiki-srf06-cc26xx.a(sensor-common.o)
                0x0000dba8                sensor_common_set_error_data
 .text.verify_part
                0x0000dbb8       0x6c contiki-srf06-cc26xx.a(ext-flash.o)
 .text.wait_ready
                0x0000dc24       0x64 contiki-srf06-cc26xx.a(ext-flash.o)
 .text.power_down
                0x0000dc88       0x50 contiki-srf06-cc26xx.a(ext-flash.o)
 .text.ext_flash_open
                0x0000dcd8       0x60 contiki-srf06-cc26xx.a(ext-flash.o)
                0x0000dcd8                ext_flash_open
 .text.ext_flash_init
                0x0000dd38       0x14 contiki-srf06-cc26xx.a(ext-flash.o)
                0x0000dd38                ext_flash_init
 .text.accessible
                0x0000dd4c       0x24 contiki-srf06-cc26xx.a(board-spi.o)
 .text.board_spi_write
                0x0000dd70       0x3c contiki-srf06-cc26xx.a(board-spi.o)
                0x0000dd70                board_spi_write
 .text.board_spi_read
                0x0000ddac       0x48 contiki-srf06-cc26xx.a(board-spi.o)
                0x0000ddac                board_spi_read
 .text.board_spi_flush
                0x0000ddf4       0x24 contiki-srf06-cc26xx.a(board-spi.o)
                0x0000ddf4                board_spi_flush
 .text.board_spi_open
                0x0000de18       0xc0 contiki-srf06-cc26xx.a(board-spi.o)
                0x0000de18                board_spi_open
 .text.board_spi_close
                0x0000ded8       0x70 contiki-srf06-cc26xx.a(board-spi.o)
                0x0000ded8                board_spi_close
 .text.process_thread_rf_core_process
                0x0000df48       0x58 contiki-srf06-cc26xx.a(rf-core.o)
 .text.rf_core_is_accessible
                0x0000dfa0       0x10 contiki-srf06-cc26xx.a(rf-core.o)
                0x0000dfa0                rf_core_is_accessible
 .text.rf_core_send_cmd
                0x0000dfb0       0xa4 contiki-srf06-cc26xx.a(rf-core.o)
                0x0000dfb0                rf_core_send_cmd
 .text.rf_core_wait_cmd_done
                0x0000e054       0x30 contiki-srf06-cc26xx.a(rf-core.o)
                0x0000e054                rf_core_wait_cmd_done
 .text.rf_core_power_up
                0x0000e084       0xb4 contiki-srf06-cc26xx.a(rf-core.o)
                0x0000e084                rf_core_power_up
 .text.rf_core_power_down
                0x0000e138       0xe8 contiki-srf06-cc26xx.a(rf-core.o)
                0x0000e138                rf_core_power_down
 .text.rf_core_set_modesel
                0x0000e220       0x68 contiki-srf06-cc26xx.a(rf-core.o)
                0x0000e220                rf_core_set_modesel
 .text.rf_core_boot
                0x0000e288       0x30 contiki-srf06-cc26xx.a(rf-core.o)
                0x0000e288                rf_core_boot
 .text.rf_core_setup_interrupts
                0x0000e2b8       0x6c contiki-srf06-cc26xx.a(rf-core.o)
                0x0000e2b8                rf_core_setup_interrupts
 .text.rf_core_cmd_done_en
                0x0000e324       0x28 contiki-srf06-cc26xx.a(rf-core.o)
                0x0000e324                rf_core_cmd_done_en
 .text.rf_core_cmd_done_dis
                0x0000e34c       0x10 contiki-srf06-cc26xx.a(rf-core.o)
                0x0000e34c                rf_core_cmd_done_dis
 .text.rf_core_get_last_radio_op
                0x0000e35c        0xc contiki-srf06-cc26xx.a(rf-core.o)
                0x0000e35c                rf_core_get_last_radio_op
 .text.rf_core_init_radio_op
                0x0000e368       0x20 contiki-srf06-cc26xx.a(rf-core.o)
                0x0000e368                rf_core_init_radio_op
 .text.rf_core_primary_mode_register
                0x0000e388        0xc contiki-srf06-cc26xx.a(rf-core.o)
                0x0000e388                rf_core_primary_mode_register
 .text.RFCCPE1IntHandler
                0x0000e394       0x28 contiki-srf06-cc26xx.a(rf-core.o)
                0x0000e394                RFCCPE1IntHandler
 .text.RFCCPE0IntHandler
                0x0000e3bc       0x5c contiki-srf06-cc26xx.a(rf-core.o)
                0x0000e3bc                RFCCPE0IntHandler
 .text.rf_ble_is_active
                0x0000e418        0xc contiki-srf06-cc26xx.a(rf-ble.o)
                0x0000e418                rf_ble_is_active
 .text.stimer_set
                0x0000e424       0x10 contiki-srf06-cc26xx.a(stimer.o)
                0x0000e424                stimer_set
 .text.stimer_expired
                0x0000e434       0x20 contiki-srf06-cc26xx.a(stimer.o)
                0x0000e434                stimer_expired
 .text.memb_init
                0x0000e454       0x24 contiki-srf06-cc26xx.a(memb.o)
                0x0000e454                memb_init
 .text.memb_alloc
                0x0000e478       0x3c contiki-srf06-cc26xx.a(memb.o)
                0x0000e478                memb_alloc
 .text.memb_free
                0x0000e4b4       0x44 contiki-srf06-cc26xx.a(memb.o)
                0x0000e4b4                memb_free
 .text.memb_inmemb
                0x0000e4f8       0x1c contiki-srf06-cc26xx.a(memb.o)
                0x0000e4f8                memb_inmemb
 .text.memb_numfree
                0x0000e514       0x1c contiki-srf06-cc26xx.a(memb.o)
                0x0000e514                memb_numfree
 .text.AONBatMonTemperatureGetDegC
                0x0000e530       0x30 contiki-srf06-cc26xx.a(aon_batmon.o)
                0x0000e530                AONBatMonTemperatureGetDegC
 .text.ChipInfo_GetSupportedProtocol_BV
                0x0000e560       0x10 contiki-srf06-cc26xx.a(chipinfo.o)
                0x0000e560                ChipInfo_GetSupportedProtocol_BV
 .text.ChipInfo_GetChipFamily
                0x0000e570       0x38 contiki-srf06-cc26xx.a(chipinfo.o)
                0x0000e570                ChipInfo_GetChipFamily
 .text.ChipInfo_GetHwRevision
                0x0000e5a8       0x98 contiki-srf06-cc26xx.a(chipinfo.o)
                0x0000e5a8                ChipInfo_GetHwRevision
 .text.ThisCodeIsBuiltForCC26xxHwRev22AndLater_HaltIfViolated
                0x0000e640       0x2c contiki-srf06-cc26xx.a(chipinfo.o)
                0x0000e640                ThisCodeIsBuiltForCC26xxHwRev22AndLater_HaltIfViolated
 .text.frame802154_get_pan_id
                0x0000e66c        0xc contiki-srf06-cc26xx.a(frame802154.o)
                0x0000e66c                frame802154_get_pan_id
 .text.frame802154_has_panid
                0x0000e678       0x54 contiki-srf06-cc26xx.a(frame802154.o)
                0x0000e678                frame802154_has_panid
 .text.field_len
                0x0000e6cc       0x9c contiki-srf06-cc26xx.a(frame802154.o)
 .text.frame802154_is_broadcast_addr
                0x0000e768       0x20 contiki-srf06-cc26xx.a(frame802154.o)
                0x0000e768                frame802154_is_broadcast_addr
 .text.frame802154_hdrlen
                0x0000e788       0x34 contiki-srf06-cc26xx.a(frame802154.o)
                0x0000e788                frame802154_hdrlen
 .text.frame802154_create
                0x0000e7bc      0x10c contiki-srf06-cc26xx.a(frame802154.o)
                0x0000e7bc                frame802154_create
 .text.frame802154_parse
                0x0000e8c8      0x17c contiki-srf06-cc26xx.a(frame802154.o)
                0x0000e8c8                frame802154_parse
 .text.mac_sequence_is_duplicate
                0x0000ea44       0x3c contiki-srf06-cc26xx.a(mac-sequence.o)
                0x0000ea44                mac_sequence_is_duplicate
 .text.mac_sequence_register_seqno
                0x0000ea80       0x70 contiki-srf06-cc26xx.a(mac-sequence.o)
                0x0000ea80                mac_sequence_register_seqno
 .text.exp2     0x0000eaf0       0x10 /usr/bin/../lib/gcc/arm-none-eabi/4.9.3/../../../../arm-none-eabi/lib/armv7-m/libm.a(lib_a-w_exp2.o)
                0x0000eaf0                exp2
 .text.pow      0x0000eb00      0x2f0 /usr/bin/../lib/gcc/arm-none-eabi/4.9.3/../../../../arm-none-eabi/lib/armv7-m/libm.a(lib_a-w_pow.o)
                0x0000eb00                pow
 .text.__ieee754_sqrt
                0x0000edf0      0x18c /usr/bin/../lib/gcc/arm-none-eabi/4.9.3/../../../../arm-none-eabi/lib/armv7-m/libm.a(lib_a-e_sqrt.o)
                0x0000edf0                __ieee754_sqrt
 .text.fabs     0x0000ef7c        0x8 /usr/bin/../lib/gcc/arm-none-eabi/4.9.3/../../../../arm-none-eabi/lib/armv7-m/libm.a(lib_a-s_fabs.o)
                0x0000ef7c                fabs
 .text.finite   0x0000ef84        0xc /usr/bin/../lib/gcc/arm-none-eabi/4.9.3/../../../../arm-none-eabi/lib/armv7-m/libm.a(lib_a-s_finite.o)
                0x0000ef84                finite
 .text.__fpclassifyd
                0x0000ef90       0x58 /usr/bin/../lib/gcc/arm-none-eabi/4.9.3/../../../../arm-none-eabi/lib/armv7-m/libm.a(lib_a-s_fpclassify.o)
                0x0000ef90                __fpclassifyd
 .text.matherr  0x0000efe8        0x4 /usr/bin/../lib/gcc/arm-none-eabi/4.9.3/../../../../arm-none-eabi/lib/armv7-m/libm.a(lib_a-s_matherr.o)
                0x0000efe8                matherr
 .text.nan      0x0000efec        0xc /usr/bin/../lib/gcc/arm-none-eabi/4.9.3/../../../../arm-none-eabi/lib/armv7-m/libm.a(lib_a-s_nan.o)
                0x0000efec                nan
 .text.rint     0x0000eff8      0x11c /usr/bin/../lib/gcc/arm-none-eabi/4.9.3/../../../../arm-none-eabi/lib/armv7-m/libm.a(lib_a-s_rint.o)
                0x0000eff8                rint
 .text.copysign
                0x0000f114       0x10 /usr/bin/../lib/gcc/arm-none-eabi/4.9.3/../../../../arm-none-eabi/lib/armv7-m/libm.a(lib_a-s_copysign.o)
                0x0000f114                copysign
 .text          0x0000f124      0x370 /usr/bin/../lib/gcc/arm-none-eabi/4.9.3/armv7-m/libgcc.a(_arm_addsubdf3.o)
                0x0000f124                __aeabi_drsub
                0x0000f12c                __aeabi_dsub
                0x0000f12c                __subdf3
                0x0000f130                __adddf3
                0x0000f130                __aeabi_dadd
                0x0000f3a8                __aeabi_ui2d
                0x0000f3a8                __floatunsidf
                0x0000f3c8                __floatsidf
                0x0000f3c8                __aeabi_i2d
                0x0000f3ec                __extendsfdf2
                0x0000f3ec                __aeabi_f2d
                0x0000f428                __aeabi_ul2d
                0x0000f428                __floatundidf
                0x0000f438                __floatdidf
                0x0000f438                __aeabi_l2d
 .text          0x0000f494      0x424 /usr/bin/../lib/gcc/arm-none-eabi/4.9.3/armv7-m/libgcc.a(_arm_muldivdf3.o)
                0x0000f494                __aeabi_dmul
                0x0000f494                __muldf3
                0x0000f6e8                __aeabi_ddiv
                0x0000f6e8                __divdf3
 .text          0x0000f8b8      0x110 /usr/bin/../lib/gcc/arm-none-eabi/4.9.3/armv7-m/libgcc.a(_arm_cmpdf2.o)
                0x0000f8b8                __gtdf2
                0x0000f8b8                __gedf2
                0x0000f8c0                __ltdf2
                0x0000f8c0                __ledf2
                0x0000f8c8                __cmpdf2
                0x0000f8c8                __eqdf2
                0x0000f8c8                __nedf2
                0x0000f944                __aeabi_cdrcmple
                0x0000f954                __aeabi_cdcmple
                0x0000f954                __aeabi_cdcmpeq
                0x0000f964                __aeabi_dcmpeq
                0x0000f978                __aeabi_dcmplt
                0x0000f98c                __aeabi_dcmple
                0x0000f9a0                __aeabi_dcmpge
                0x0000f9b4                __aeabi_dcmpgt
 .text          0x0000f9c8       0xa0 /usr/bin/../lib/gcc/arm-none-eabi/4.9.3/armv7-m/libgcc.a(_arm_truncdfsf2.o)
                0x0000f9c8                __aeabi_d2f
                0x0000f9c8                __truncdfsf2
 .text          0x0000fa68      0x21c /usr/bin/../lib/gcc/arm-none-eabi/4.9.3/armv7-m/libgcc.a(_arm_addsubsf3.o)
                0x0000fa68                __aeabi_frsub
                0x0000fa70                __subsf3
                0x0000fa70                __aeabi_fsub
                0x0000fa74                __aeabi_fadd
                0x0000fa74                __addsf3
                0x0000fbd4                __aeabi_ui2f
                0x0000fbd4                __floatunsisf
                0x0000fbdc                __aeabi_i2f
                0x0000fbdc                __floatsisf
                0x0000fbf8                __floatundisf
                0x0000fbf8                __aeabi_ul2f
                0x0000fc08                __floatdisf
                0x0000fc08                __aeabi_l2f
 .text          0x0000fc84      0x2a0 /usr/bin/../lib/gcc/arm-none-eabi/4.9.3/armv7-m/libgcc.a(_arm_muldivsf3.o)
                0x0000fc84                __mulsf3
                0x0000fc84                __aeabi_fmul
                0x0000fdec                __divsf3
                0x0000fdec                __aeabi_fdiv
 .text          0x0000ff24       0x4c /usr/bin/../lib/gcc/arm-none-eabi/4.9.3/armv7-m/libgcc.a(_arm_fixsfsi.o)
                0x0000ff24                __fixsfsi
                0x0000ff24                __aeabi_f2iz
 .text          0x0000ff70       0x30 /usr/bin/../lib/gcc/arm-none-eabi/4.9.3/armv7-m/libgcc.a(_aeabi_uldivmod.o)
                0x0000ff70                __aeabi_uldivmod
 .text          0x0000ffa0       0x60 /usr/bin/../lib/gcc/arm-none-eabi/4.9.3/armv7-m/libgcc.a(bpabi.o)
                0x0000ffa0                __gnu_ldivmod_helper
                0x0000ffd0                __gnu_uldivmod_helper
 .text          0x00010000        0x4 /usr/bin/../lib/gcc/arm-none-eabi/4.9.3/armv7-m/libgcc.a(_dvmd_tls.o)
                0x00010000                __aeabi_ldiv0
                0x00010000                __aeabi_idiv0
 .text          0x00010004      0x2ac /usr/bin/../lib/gcc/arm-none-eabi/4.9.3/armv7-m/libgcc.a(_divdi3.o)
                0x00010004                __divdi3
 .text          0x000102b0      0x270 /usr/bin/../lib/gcc/arm-none-eabi/4.9.3/armv7-m/libgcc.a(_udivdi3.o)
                0x000102b0                __udivdi3
 .text.atoi     0x00010520        0x8 /usr/bin/../lib/gcc/arm-none-eabi/4.9.3/../../../../arm-none-eabi/lib/armv7-m/libc.a(lib_a-atoi.o)
                0x00010520                atoi
 .text.__errno  0x00010528        0xc /usr/bin/../lib/gcc/arm-none-eabi/4.9.3/../../../../arm-none-eabi/lib/armv7-m/libc.a(lib_a-errno.o)
                0x00010528                __errno
 .text.memcmp   0x00010534       0x64 /usr/bin/../lib/gcc/arm-none-eabi/4.9.3/../../../../arm-none-eabi/lib/armv7-m/libc.a(lib_a-memcmp.o)
                0x00010534                memcmp
 .text          0x00010598       0xec /usr/bin/../lib/gcc/arm-none-eabi/4.9.3/../../../../arm-none-eabi/lib/armv7-m/libc.a(lib_a-memcpy.o)
                0x00010598                memcpy
 .text.memmove  0x00010684       0xc8 /usr/bin/../lib/gcc/arm-none-eabi/4.9.3/../../../../arm-none-eabi/lib/armv7-m/libc.a(lib_a-memmove.o)
                0x00010684                memmove
 .text.memset   0x0001074c       0x9c /usr/bin/../lib/gcc/arm-none-eabi/4.9.3/../../../../arm-none-eabi/lib/armv7-m/libc.a(lib_a-memset.o)
                0x0001074c                memset
 .text.srand    0x000107e8       0x14 /usr/bin/../lib/gcc/arm-none-eabi/4.9.3/../../../../arm-none-eabi/lib/armv7-m/libc.a(lib_a-rand.o)
                0x000107e8                srand
 .text.rand     0x000107fc       0x40 /usr/bin/../lib/gcc/arm-none-eabi/4.9.3/../../../../arm-none-eabi/lib/armv7-m/libc.a(lib_a-rand.o)
                0x000107fc                rand
 .text.strcat   0x0001083c       0x40 /usr/bin/../lib/gcc/arm-none-eabi/4.9.3/../../../../arm-none-eabi/lib/armv7-m/libc.a(lib_a-strcat.o)
                0x0001083c                strcat
 .text          0x0001087c      0x1bc /usr/bin/../lib/gcc/arm-none-eabi/4.9.3/../../../../arm-none-eabi/lib/armv7-m/libc.a(lib_a-strcmp.o)
                0x0001087c                strcmp
 .text.strcpy   0x00010a38       0xbc /usr/bin/../lib/gcc/arm-none-eabi/4.9.3/../../../../arm-none-eabi/lib/armv7-m/libc.a(lib_a-strcpy.o)
                0x00010a38                strcpy
 .text.strlen   0x00010af4       0x5c /usr/bin/../lib/gcc/arm-none-eabi/4.9.3/../../../../arm-none-eabi/lib/armv7-m/libc.a(lib_a-strlen.o)
                0x00010af4                strlen
 .text.strtok   0x00010b50       0x10 /usr/bin/../lib/gcc/arm-none-eabi/4.9.3/../../../../arm-none-eabi/lib/armv7-m/libc.a(lib_a-strtok.o)
                0x00010b50                strtok
 .text.__strtok_r
                0x00010b60       0x64 /usr/bin/../lib/gcc/arm-none-eabi/4.9.3/../../../../arm-none-eabi/lib/armv7-m/libc.a(lib_a-strtok_r.o)
                0x00010b60                __strtok_r
 .text._strtol_r
                0x00010bc4      0x11c /usr/bin/../lib/gcc/arm-none-eabi/4.9.3/../../../../arm-none-eabi/lib/armv7-m/libc.a(lib_a-strtol.o)
                0x00010bc4                _strtol_r
 .text.strtol   0x00010ce0       0x18 /usr/bin/../lib/gcc/arm-none-eabi/4.9.3/../../../../arm-none-eabi/lib/armv7-m/libc.a(lib_a-strtol.o)
                0x00010ce0                strtol
 *(SORT(.rodata*))
 .rodata.dp_h   0x00010cf8       0x10 /usr/bin/../lib/gcc/arm-none-eabi/4.9.3/../../../../arm-none-eabi/lib/armv7-m/libm.a(lib_a-e_pow.o)
 .rodata.dp_l   0x00010d08       0x10 /usr/bin/../lib/gcc/arm-none-eabi/4.9.3/../../../../arm-none-eabi/lib/armv7-m/libm.a(lib_a-e_pow.o)
 .rodata.bp     0x00010d18       0x10 /usr/bin/../lib/gcc/arm-none-eabi/4.9.3/../../../../arm-none-eabi/lib/armv7-m/libm.a(lib_a-e_pow.o)
 .rodata.TWO52  0x00010d28       0x10 /usr/bin/../lib/gcc/arm-none-eabi/4.9.3/../../../../arm-none-eabi/lib/armv7-m/libm.a(lib_a-s_rint.o)
 .rodata.autostart_processes
                0x00010d38        0x8 prac3.co
                0x00010d38                autostart_processes
 .rodata.str1.4
                0x00010d40      0x319 prac3.co
                                0x321 (size before relaxing)
 *fill*         0x00011059        0x3 00000000
 .rodata.str1.4
                0x0001105c       0xa1 contiki-srf06-cc26xx.a(contiki-main.o)
 *fill*         0x000110fd        0x3 00000000
 .rodata.str1.4
                0x00011100        0x8 contiki-srf06-cc26xx.a(sensors.o)
 .rodata.str1.4
                0x00011108        0x7 contiki-srf06-cc26xx.a(bmp-280-sensor.)
 *fill*         0x0001110f        0x1 00000000
 .rodata.bmp_280_sensor
                0x00011110       0x10 contiki-srf06-cc26xx.a(bmp-280-sensor.)
                0x00011110                bmp_280_sensor
 .rodata.tmp_007_sensor
                0x00011120       0x10 contiki-srf06-cc26xx.a(tmp-007-sensor.)
                0x00011120                tmp_007_sensor
 .rodata.str1.4
                0x00011130        0x7 contiki-srf06-cc26xx.a(tmp-007-sensor.)
 *fill*         0x00011137        0x1 00000000
 .rodata.str1.4
                0x00011138        0x8 contiki-srf06-cc26xx.a(opt-3001-sensor)
 .rodata.opt_3001_sensor
                0x00011140       0x10 contiki-srf06-cc26xx.a(opt-3001-sensor)
                0x00011140                opt_3001_sensor
 .rodata.hdc_1000_sensor
                0x00011150       0x10 contiki-srf06-cc26xx.a(hdc-1000-sensor)
                0x00011150                hdc_1000_sensor
 .rodata.str1.4
                0x00011160        0x8 contiki-srf06-cc26xx.a(hdc-1000-sensor)
 .rodata.mpu_9250_sensor
                0x00011168       0x10 contiki-srf06-cc26xx.a(mpu-9250-sensor)
                0x00011168                mpu_9250_sensor
 .rodata.str1.4
                0x00011178        0x8 contiki-srf06-cc26xx.a(mpu-9250-sensor)
 .rodata.str1.4
                0x00011180        0x7 contiki-srf06-cc26xx.a(button-sensor.o)
 *fill*         0x00011187        0x1 00000000
 .rodata.button_left_sensor
                0x00011188       0x10 contiki-srf06-cc26xx.a(button-sensor.o)
                0x00011188                button_left_sensor
 .rodata.button_right_sensor
                0x00011198       0x10 contiki-srf06-cc26xx.a(button-sensor.o)
                0x00011198                button_right_sensor
 .rodata.str1.4
                0x000111a8        0x5 contiki-srf06-cc26xx.a(reed-relay.o)
 *fill*         0x000111ad        0x3 00000000
 .rodata.reed_relay_sensor
                0x000111b0       0x10 contiki-srf06-cc26xx.a(reed-relay.o)
                0x000111b0                reed_relay_sensor
 .rodata.output_power
                0x000111c0       0x68 contiki-srf06-cc26xx.a(ieee-mode.o)
 .rodata.ieee_mode_driver
                0x00011228       0x38 contiki-srf06-cc26xx.a(ieee-mode.o)
                0x00011228                ieee_mode_driver
 .rodata.mode_ieee
                0x00011260        0x8 contiki-srf06-cc26xx.a(ieee-mode.o)
 .rodata.str1.4
                0x00011268       0x42 contiki-srf06-cc26xx.a(strformat.o)
                                 0x46 (size before relaxing)
 *fill*         0x000112aa        0x2 00000000
 .rodata.buffer.4019
                0x000112ac       0x10 contiki-srf06-cc26xx.a(strformat.o)
 .rodata.buffer.4028
                0x000112bc       0x10 contiki-srf06-cc26xx.a(strformat.o)
 .rodata.str1.4
                0x000112cc        0xf contiki-srf06-cc26xx.a(ctimer.o)
 *fill*         0x000112db        0x1 00000000
 .rodata.str1.4
                0x000112dc        0xc contiki-srf06-cc26xx.a(etimer.o)
 .rodata.str1.4
                0x000112e8        0xe contiki-srf06-cc26xx.a(serial-line.o)
 *fill*         0x000112f6        0x2 00000000
 .rodata        0x000112f8        0x2 contiki-srf06-cc26xx.a(sicslowpan.o)
 *fill*         0x000112fa        0x2 00000000
 .rodata.ttl_values
                0x000112fc        0x4 contiki-srf06-cc26xx.a(sicslowpan.o)
 .rodata.unc_llconf
                0x00011300        0x4 contiki-srf06-cc26xx.a(sicslowpan.o)
                0x00011300                unc_llconf
 .rodata.llprefix
                0x00011304        0x2 contiki-srf06-cc26xx.a(sicslowpan.o)
                0x00011304                llprefix
 *fill*         0x00011306        0x2 00000000
 .rodata.sicslowpan_driver
                0x00011308        0xc contiki-srf06-cc26xx.a(sicslowpan.o)
                0x00011308                sicslowpan_driver
 .rodata.unc_mxconf
                0x00011314        0x4 contiki-srf06-cc26xx.a(sicslowpan.o)
                0x00011314                unc_mxconf
 .rodata.unc_ctxconf
                0x00011318        0x4 contiki-srf06-cc26xx.a(sicslowpan.o)
                0x00011318                unc_ctxconf
 .rodata.str1.4
                0x0001131c        0xb contiki-srf06-cc26xx.a(sicslowpan.o)
 *fill*         0x00011327        0x1 00000000
 .rodata.str1.4
                0x00011328        0xd contiki-srf06-cc26xx.a(tcpip.o)
 *fill*         0x00011335        0x3 00000000
 .rodata.str1.4
                0x00011338       0x9b contiki-srf06-cc26xx.a(tcp-socket.o)
 *fill*         0x000113d3        0x1 00000000
 .rodata.str1.4
                0x000113d4       0x41 contiki-srf06-cc26xx.a(uip-debug.o)
 *fill*         0x00011415        0x3 00000000
 .rodata.linkaddr_null
                0x00011418        0x8 contiki-srf06-cc26xx.a(linkaddr.o)
                0x00011418                linkaddr_null
 .rodata.str1.4
                0x00011420        0x5 contiki-srf06-cc26xx.a(csma.o)
 *fill*         0x00011425        0x3 00000000
 .rodata.csma_driver
                0x00011428       0x1c contiki-srf06-cc26xx.a(csma.o)
                0x00011428                csma_driver
 .rodata.framer_802154
                0x00011444        0xc contiki-srf06-cc26xx.a(framer-802154.o)
                0x00011444                framer_802154
 .rodata.str1.4
                0x00011450        0xb contiki-srf06-cc26xx.a(contikimac.o)
 *fill*         0x0001145b        0x1 00000000
 .rodata.contikimac_driver
                0x0001145c       0x20 contiki-srf06-cc26xx.a(contikimac.o)
                0x0001145c                contikimac_driver
 .rodata.str1.4
                0x0001147c        0x8 contiki-srf06-cc26xx.a(nullsec.o)
 .rodata.nullsec_driver
                0x00011484       0x10 contiki-srf06-cc26xx.a(nullsec.o)
                0x00011484                nullsec_driver
 .rodata        0x00011494        0x4 contiki-srf06-cc26xx.a(ext-flash.o)
 .rodata.str1.4
                0x00011498       0x46 contiki-srf06-cc26xx.a(rf-core.o)
 *fill*         0x000114de        0x2 00000000
 .rodata.str1.4
                0x000114e0        0x4 /usr/bin/../lib/gcc/arm-none-eabi/4.9.3/../../../../arm-none-eabi/lib/armv7-m/libm.a(lib_a-w_pow.o)
 .rodata.str1.4
                0x00000000        0x4 /usr/bin/../lib/gcc/arm-none-eabi/4.9.3/../../../../arm-none-eabi/lib/armv7-m/libm.a(lib_a-e_pow.o)
                                  0x1 (size before relaxing)
 .rodata.str1.4
                0x000114e4        0x4 /usr/bin/../lib/gcc/arm-none-eabi/4.9.3/../../../../arm-none-eabi/lib/armv7-m/libc.a(lib_a-impure.o)
                                  0x2 (size before relaxing)
 .rodata._ctype_
                0x000114e8      0x101 /usr/bin/../lib/gcc/arm-none-eabi/4.9.3/../../../../arm-none-eabi/lib/armv7-m/libc.a(lib_a-ctype_.o)
                0x000114e8                _ctype_
                0x000115e9                _etext = .

.glue_7         0x000115ec        0x0
 .glue_7        0x00000000        0x0 linker stubs

.glue_7t        0x000115ec        0x0
 .glue_7t       0x00000000        0x0 linker stubs

.vfp11_veneer   0x000115ec        0x0
 .vfp11_veneer  0x00000000        0x0 linker stubs

.v4_bx          0x000115ec        0x0
 .v4_bx         0x00000000        0x0 linker stubs

.iplt           0x000115ec        0x0
 .iplt          0x00000000        0x0 obj_srf06-cc26xx/startup_gcc.o

.data           0x20000000      0x681 load address 0x000115e9
                0x20000000                _data = .
 *(SORT(vtable))
 *(SORT(.data*))
 .data.impure_data
                0x20000000      0x428 /usr/bin/../lib/gcc/arm-none-eabi/4.9.3/../../../../arm-none-eabi/lib/armv7-m/libc.a(lib_a-impure.o)
 .data.bmp_samples
                0x20000428        0x4 prac3.co
                0x20000428                bmp_samples
 .data.tcp_server_process
                0x2000042c       0x10 prac3.co
                0x2000042c                tcp_server_process
 .data.hdc_sampling_freq
                0x2000043c        0x4 prac3.co
                0x2000043c                hdc_sampling_freq
 .data.bmp_sampling_freq
                0x20000440        0x4 prac3.co
                0x20000440                bmp_sampling_freq
 .data.led_sampling_freq
                0x20000444        0x4 prac3.co
                0x20000444                led_sampling_freq
 .data.hdc_samples
                0x20000448        0x4 prac3.co
                0x20000448                hdc_samples
 .data.sensors_process
                0x2000044c       0x10 contiki-srf06-cc26xx.a(sensors.o)
                0x2000044c                sensors_process
 .data.sensors  0x2000045c       0x24 contiki-srf06-cc26xx.a(sensortag-senso)
                0x2000045c                sensors
 .data.buzzer_module
                0x20000480       0x14 contiki-srf06-cc26xx.a(buzzer.o)
 .data.sensortag_module
                0x20000494       0x14 contiki-srf06-cc26xx.a(board.o)
 .data.uart_module
                0x200004a8       0x14 contiki-srf06-cc26xx.a(cc26xx-uart.o)
 .data.cc26xx_rf_lpm_module
                0x200004bc       0x14 contiki-srf06-cc26xx.a(ieee-mode.o)
 .data.tx_power_current
                0x200004d0        0x4 contiki-srf06-cc26xx.a(ieee-mode.o)
                0x200004d0                tx_power_current
 .data.ieee_overrides
                0x200004d4       0x2c contiki-srf06-cc26xx.a(ieee-mode.o)
 .data.ctxt     0x20000500        0x8 contiki-srf06-cc26xx.a(dbg-printf.o)
 .data.ctimer_process
                0x20000508       0x10 contiki-srf06-cc26xx.a(ctimer.o)
                0x20000508                ctimer_process
 .data.etimer_process
                0x20000518       0x10 contiki-srf06-cc26xx.a(etimer.o)
                0x20000518                etimer_process
 .data.serial_line_process
                0x20000528       0x10 contiki-srf06-cc26xx.a(serial-line.o)
                0x20000528                serial_line_process
 .data.ds6_neighbors
                0x20000538        0x4 contiki-srf06-cc26xx.a(uip-ds6-nbr.o)
                0x20000538                ds6_neighbors
 .data.ds6_neighbors_struct
                0x2000053c       0x10 contiki-srf06-cc26xx.a(uip-ds6-nbr.o)
 .data.defaultroutermemb
                0x2000054c        0xc contiki-srf06-cc26xx.a(uip-ds6-route.o)
 .data.nbr_routes_struct
                0x20000558       0x10 contiki-srf06-cc26xx.a(uip-ds6-route.o)
 .data.nbr_routes
                0x20000568        0x4 contiki-srf06-cc26xx.a(uip-ds6-route.o)
                0x20000568                nbr_routes
 .data.routememb
                0x2000056c        0xc contiki-srf06-cc26xx.a(uip-ds6-route.o)
 .data.neighborroutememb
                0x20000578        0xc contiki-srf06-cc26xx.a(uip-ds6-route.o)
 .data.echo_request_handler
                0x20000584        0xc contiki-srf06-cc26xx.a(uip-icmp6.o)
 .data.echo_reply_handler
                0x20000590        0xc contiki-srf06-cc26xx.a(uip-icmp6.o)
 .data.tcpip_process
                0x2000059c       0x10 contiki-srf06-cc26xx.a(tcpip.o)
                0x2000059c                tcpip_process
 .data.tcp_socket_process
                0x200005ac       0x10 contiki-srf06-cc26xx.a(tcp-socket.o)
                0x200005ac                tcp_socket_process
 .data.rpl_parents
                0x200005bc        0x4 contiki-srf06-cc26xx.a(rpl-dag.o)
                0x200005bc                rpl_parents
 .data.rpl_parents_struct
                0x200005c0       0x10 contiki-srf06-cc26xx.a(rpl-dag.o)
 .data.dao_ack_handler
                0x200005d0        0xc contiki-srf06-cc26xx.a(rpl-icmp6.o)
 .data.dis_handler
                0x200005dc        0xc contiki-srf06-cc26xx.a(rpl-icmp6.o)
 .data.dao_handler
                0x200005e8        0xc contiki-srf06-cc26xx.a(rpl-icmp6.o)
 .data.dio_handler