Archive member included because of file (symbol)

contiki-srf06-cc26xx.a(contiki-main.o)
                              obj_srf06-cc26xx/startup_gcc.o (main)
contiki-srf06-cc26xx.a(sensors.o)
                              contiki-srf06-cc26xx.a(contiki-main.o) (sensors_process)
contiki-srf06-cc26xx.a(leds.o)
                              contiki-srf06-cc26xx.a(contiki-main.o) (leds_init)
contiki-srf06-cc26xx.a(leds-arch.o)
                              contiki-srf06-cc26xx.a(leds.o) (leds_arch_init)
contiki-srf06-cc26xx.a(sensortag-senso)
                              contiki-srf06-cc26xx.a(sensors.o) (sensors_flags)
contiki-srf06-cc26xx.a(bmp-280-sensor.)
                              contiki-srf06-cc26xx.a(sensortag-senso) (bmp_280_sensor)
contiki-srf06-cc26xx.a(tmp-007-sensor.)
                              contiki-srf06-cc26xx.a(sensortag-senso) (tmp_007_sensor)
contiki-srf06-cc26xx.a(opt-3001-sensor)
                              contiki-srf06-cc26xx.a(sensortag-senso) (opt_3001_sensor)
contiki-srf06-cc26xx.a(hdc-1000-sensor)
                              contiki-srf06-cc26xx.a(sensortag-senso) (hdc_1000_sensor)
contiki-srf06-cc26xx.a(mpu-9250-sensor)
                              contiki-srf06-cc26xx.a(sensortag-senso) (mpu_9250_sensor)
contiki-srf06-cc26xx.a(button-sensor.o)
                              contiki-srf06-cc26xx.a(sensortag-senso) (button_right_sensor)
contiki-srf06-cc26xx.a(reed-relay.o)
                              contiki-srf06-cc26xx.a(sensortag-senso) (reed_relay_sensor)
contiki-srf06-cc26xx.a(buzzer.o)
                              prac1.co (buzzer_start)
contiki-srf06-cc26xx.a(board.o)
                              contiki-srf06-cc26xx.a(contiki-main.o) (board_init)
contiki-srf06-cc26xx.a(board-i2c.o)
                              contiki-srf06-cc26xx.a(board.o) (board_i2c_wakeup)
contiki-srf06-cc26xx.a(clock.o)
                              contiki-srf06-cc26xx.a(contiki-main.o) (clock_init)
contiki-srf06-cc26xx.a(rtimer-arch.o)
                              contiki-srf06-cc26xx.a(mpu-9250-sensor) (rtimer_arch_now)
contiki-srf06-cc26xx.a(soc-rtc.o)
                              contiki-srf06-cc26xx.a(contiki-main.o) (soc_rtc_init)
contiki-srf06-cc26xx.a(contiki-watchdo)
                              contiki-srf06-cc26xx.a(contiki-main.o) (watchdog_init)
contiki-srf06-cc26xx.a(putchar.o)
                              contiki-srf06-cc26xx.a(contiki-main.o) (putchar)
contiki-srf06-cc26xx.a(ieee-addr.o)
                              prac1.co (ieee_addr_cpy_to)
contiki-srf06-cc26xx.a(cc26xx-uart.o)
                              contiki-srf06-cc26xx.a(contiki-main.o) (cc26xx_uart_init)
contiki-srf06-cc26xx.a(lpm.o)
                              contiki-srf06-cc26xx.a(button-sensor.o) (lpm_shutdown)
contiki-srf06-cc26xx.a(gpio-interrupt.)
                              contiki-srf06-cc26xx.a(button-sensor.o) (gpio_interrupt_register_handler)
contiki-srf06-cc26xx.a(oscillators.o)
                              contiki-srf06-cc26xx.a(contiki-main.o) (oscillators_select_lf_xosc)
contiki-srf06-cc26xx.a(ieee-mode.o)
                              contiki-srf06-cc26xx.a(contiki-main.o) (ieee_mode_driver)
contiki-srf06-cc26xx.a(dbg-printf.o)
                              prac1.co (printf)
contiki-srf06-cc26xx.a(strformat.o)
                              contiki-srf06-cc26xx.a(dbg-printf.o) (format_str_v)
contiki-srf06-cc26xx.a(autostart.o)
                              contiki-srf06-cc26xx.a(contiki-main.o) (autostart_start)
contiki-srf06-cc26xx.a(ctimer.o)
                              contiki-srf06-cc26xx.a(contiki-main.o) (ctimer_init)
contiki-srf06-cc26xx.a(energest.o)
                              contiki-srf06-cc26xx.a(contiki-main.o) (energest_init)
contiki-srf06-cc26xx.a(etimer.o)
                              contiki-srf06-cc26xx.a(clock.o) (etimer_request_poll)
contiki-srf06-cc26xx.a(process.o)
                              contiki-srf06-cc26xx.a(sensors.o) (process_alloc_event)
contiki-srf06-cc26xx.a(rtimer.o)
                              contiki-srf06-cc26xx.a(contiki-main.o) (rtimer_init)
contiki-srf06-cc26xx.a(timer.o)
                              contiki-srf06-cc26xx.a(button-sensor.o) (timer_set)
contiki-srf06-cc26xx.a(serial-line.o)
                              prac1.co (serial_line_event_message)
contiki-srf06-cc26xx.a(list.o)
                              contiki-srf06-cc26xx.a(lpm.o) (list_init)
contiki-srf06-cc26xx.a(random.o)
                              contiki-srf06-cc26xx.a(contiki-main.o) (random_init)
contiki-srf06-cc26xx.a(ringbuf.o)
                              contiki-srf06-cc26xx.a(serial-line.o) (ringbuf_init)
contiki-srf06-cc26xx.a(rime.o)
                              contiki-srf06-cc26xx.a(contiki-main.o) (rime_driver)
contiki-srf06-cc26xx.a(aon_rtc.o)
                              contiki-srf06-cc26xx.a(rtimer-arch.o) (NOROM_AONRTCCurrentCompareValueGet)
contiki-srf06-cc26xx.a(cpu.o)
[...]
Memory Configuration

Name             Origin             Length             Attributes
FLASH            0x00000000         0x0001ffa8         xr
FLASH_CCFG       0x0001ffa8         0x00000058         xr
SRAM             0x20000000         0x00005000         xrw
GPRAM            0x11000000         0x00002000         xrw
*default*        0x00000000         0xffffffff

Linker script and memory map

LOAD obj_srf06-cc26xx/fault-handlers.o
LOAD obj_srf06-cc26xx/ccfg.o
LOAD obj_srf06-cc26xx/startup_gcc.o
LOAD prac1.co
LOAD contiki-srf06-cc26xx.a
LOAD /usr/bin/../lib/gcc/arm-none-eabi/4.9.3/../../../../arm-none-eabi/lib/armv7-m/libm.a
START GROUP
LOAD /usr/bin/../lib/gcc/arm-none-eabi/4.9.3/armv7-m/libgcc.a
LOAD /usr/bin/../lib/gcc/arm-none-eabi/4.9.3/../../../../arm-none-eabi/lib/armv7-m/libc.a
END GROUP
                0x20005000                _estack = (ORIGIN (SRAM) + 0x5000)
                0x00000000                _Min_Heap_Size = 0x0
                0x00000100                _Min_Stack_Size = 0x100

.text           0x00000000     0xa8b0
                0x00000000                _text = .
 *(SORT(.vectors))
 .vectors       0x00000000       0xc8 obj_srf06-cc26xx/startup_gcc.o
                0x00000000                gVectors
 *(SORT(.text*))
 .text.value    0x000000c8       0xb0 contiki-srf06-cc26xx.a(opt-3001-sensor)
 .text.value    0x00000178       0x9c contiki-srf06-cc26xx.a(hdc-1000-sensor)
 *fill*         0x00000214        0x4 00000000
 .text.value    0x00000218      0x1b4 contiki-srf06-cc26xx.a(mpu-9250-sensor)
 *fill*         0x000003cc        0x4 00000000
 .text.__ieee754_pow
                0x000003d0      0xaa0 /usr/bin/../lib/gcc/arm-none-eabi/4.9.3/../../../../arm-none-eabi/lib/armv7-m/libm.a(lib_a-e_pow.o)
                0x000003d0                __ieee754_pow
 .text.scalbn   0x00000e70       0xec /usr/bin/../lib/gcc/arm-none-eabi/4.9.3/../../../../arm-none-eabi/lib/armv7-m/libm.a(lib_a-s_scalbn.o)
                0x00000e70                scalbn
 .text.FaultISR
                0x00000f5c       0x18 obj_srf06-cc26xx/fault-handlers.o
                0x00000f5c                FaultISR
 .text.NmiSRHandler
                0x00000f74        0x4 obj_srf06-cc26xx/startup_gcc.o
                0x00000f74                NmiSR
 .text.IntDefaultHandler
                0x00000f78        0x4 obj_srf06-cc26xx/startup_gcc.o
                0x00000f78                TRNGIntHandler
                0x00000f78                SSI0IntHandler
                0x00000f78                SWEvent0IntHandler
                0x00000f78                uDMAIntHandler
                0x00000f78                WatchdogIntHandler
                0x00000f78                RFCHardwareIntHandler
                0x00000f78                Timer1BIntHandler
                0x00000f78                I2SIntHandler
                0x00000f78                Timer2BIntHandler
                0x00000f78                Timer2AIntHandler
                0x00000f78                Timer1AIntHandler
                0x00000f78                AONIntHandler
                0x00000f78                AUXSWEvent0IntHandler
                0x00000f78                AUXADCIntHandler
                0x00000f78                PendSVIntHandler
                0x00000f78                AUXSWEvent1IntHandler
                0x00000f78                SVCallIntHandler
                0x00000f78                MPUFaultIntHandler
                0x00000f78                SysTickIntHandler
                0x00000f78                BusFaultIntHandler
                0x00000f78                AONProgIntHandler
                0x00000f78                AUXCompAIntHandler
                0x00000f78                SSI1IntHandler
                0x00000f78                FlashIntHandler
                0x00000f78                uDMAErrIntHandler
                0x00000f78                UsageFaultIntHandler
                0x00000f78                RFCCmdAckIntHandler
                0x00000f78                CryptoIntHandler
                0x00000f78                Timer0AIntHandler
                0x00000f78                I2CIntHandler
                0x00000f78                DebugMonIntHandler
                0x00000f78                Timer0BIntHandler
                0x00000f78                AUXCombEventIntHandler
                0x00000f78                Timer3AIntHandler
                0x00000f78                DynProgIntHandler
                0x00000f78                Timer3BIntHandler
 .text.ResetISR
                0x00000f7c       0x5c obj_srf06-cc26xx/startup_gcc.o
                0x00000f7c                ResetISR
 .text.process_thread_procLEDs
                0x00000fd8       0x30 prac1.co
 .text.process_thread_procKeys
                0x00001008      0x190 prac1.co
 .text.inc_buz_freq
                0x00001198       0x44 prac1.co
                0x00001198                inc_buz_freq
 .text.dec_buz_freq
                0x000011dc       0x44 prac1.co
                0x000011dc                dec_buz_freq
 .text.toggle_led
                0x00001220       0x58 prac1.co
                0x00001220                toggle_led
 .text.fade     0x00001278       0x64 contiki-srf06-cc26xx.a(contiki-main.o)
 .text.startup.main
                0x000012dc      0x1c4 contiki-srf06-cc26xx.a(contiki-main.o)
                0x000012dc                main
 .text.process_thread_sensors_process
                0x000014a0       0xf8 contiki-srf06-cc26xx.a(sensors.o)
 .text.sensors_changed
                0x00001598       0x50 contiki-srf06-cc26xx.a(sensors.o)
                0x00001598                sensors_changed
 .text.leds_init
                0x000015e8       0x14 contiki-srf06-cc26xx.a(leds.o)
                0x000015e8                leds_init
 .text.leds_on  0x000015fc       0x14 contiki-srf06-cc26xx.a(leds.o)
                0x000015fc                leds_on
 .text.leds_off
                0x00001610       0x14 contiki-srf06-cc26xx.a(leds.o)
                0x00001610                leds_off
 .text.leds_toggle
                0x00001624       0x14 contiki-srf06-cc26xx.a(leds.o)
                0x00001624                leds_toggle
 .text.leds_arch_init
                0x00001638       0x38 contiki-srf06-cc26xx.a(leds-arch.o)
                0x00001638                leds_arch_init
 .text.leds_arch_set
                0x00001670       0x34 contiki-srf06-cc26xx.a(leds-arch.o)
                0x00001670                leds_arch_set
 .text.status   0x000016a4       0x14 contiki-srf06-cc26xx.a(bmp-280-sensor.)
 .text.notify_ready
                0x000016b8       0x14 contiki-srf06-cc26xx.a(bmp-280-sensor.)
 .text.enable_sensor
                0x000016cc       0x2c contiki-srf06-cc26xx.a(bmp-280-sensor.)
 .text.configure
                0x000016f8       0x94 contiki-srf06-cc26xx.a(bmp-280-sensor.)
 .text.value    0x0000178c      0x15c contiki-srf06-cc26xx.a(bmp-280-sensor.)
 .text.status   0x000018e8       0x14 contiki-srf06-cc26xx.a(tmp-007-sensor.)
 .text.notify_ready
                0x000018fc       0x14 contiki-srf06-cc26xx.a(tmp-007-sensor.)
 .text.enable_sensor
                0x00001910       0x2c contiki-srf06-cc26xx.a(tmp-007-sensor.)
 .text.configure
                0x0000193c       0x94 contiki-srf06-cc26xx.a(tmp-007-sensor.)
 .text.value    0x000019d0       0xec contiki-srf06-cc26xx.a(tmp-007-sensor.)
 .text.status   0x00001abc        0xc contiki-srf06-cc26xx.a(opt-3001-sensor)
 .text.enable_sensor
                0x00001ac8       0x44 contiki-srf06-cc26xx.a(opt-3001-sensor)
 .text.notify_ready
                0x00001b0c       0x54 contiki-srf06-cc26xx.a(opt-3001-sensor)
 .text.configure
                0x00001b60       0x4c contiki-srf06-cc26xx.a(opt-3001-sensor)
 .text.status   0x00001bac       0x14 contiki-srf06-cc26xx.a(hdc-1000-sensor)
 .text.notify_ready
                0x00001bc0       0x60 contiki-srf06-cc26xx.a(hdc-1000-sensor)
 .text.configure
                0x00001c20       0xb8 contiki-srf06-cc26xx.a(hdc-1000-sensor)
 .text.acc_convert
                0x00001cd8       0x70 contiki-srf06-cc26xx.a(mpu-9250-sensor)
 .text.status   0x00001d48       0x14 contiki-srf06-cc26xx.a(mpu-9250-sensor)
 .text.notify_ready
                0x00001d5c       0x14 contiki-srf06-cc26xx.a(mpu-9250-sensor)
 .text.sensor_sleep
                0x00001d70       0x38 contiki-srf06-cc26xx.a(mpu-9250-sensor)
 .text.configure
                0x00001da8       0xdc contiki-srf06-cc26xx.a(mpu-9250-sensor)
 .text.int_status
                0x00001e84       0x28 contiki-srf06-cc26xx.a(mpu-9250-sensor)
 .text.initialise
                0x00001eac       0xfc contiki-srf06-cc26xx.a(mpu-9250-sensor)
 .text.status.part.0
                0x00001fa8       0x14 contiki-srf06-cc26xx.a(button-sensor.o)
 .text.value_left
                0x00001fbc       0x24 contiki-srf06-cc26xx.a(button-sensor.o)
 .text.value_right
                0x00001fe0       0x18 contiki-srf06-cc26xx.a(button-sensor.o)
 .text.status_left
                0x00001ff8       0x10 contiki-srf06-cc26xx.a(button-sensor.o)
 .text.status_right
                0x00002008       0x10 contiki-srf06-cc26xx.a(button-sensor.o)
 .text.config_buttons
                0x00002018       0x8c contiki-srf06-cc26xx.a(button-sensor.o)
 .text.config_left
                0x000020a4        0xc contiki-srf06-cc26xx.a(button-sensor.o)
 .text.config_right
                0x000020b0        0xc contiki-srf06-cc26xx.a(button-sensor.o)
 .text.button_press_handler
                0x000020bc       0x64 contiki-srf06-cc26xx.a(button-sensor.o)
 .text.value    0x00002120       0x10 contiki-srf06-cc26xx.a(reed-relay.o)
 .text.status   0x00002130       0x20 contiki-srf06-cc26xx.a(reed-relay.o)
 .text.configure
                0x00002150       0x6c contiki-srf06-cc26xx.a(reed-relay.o)
 .text.reed_interrupt_handler
                0x000021bc       0x28 contiki-srf06-cc26xx.a(reed-relay.o)
 .text.buzzer_init
                0x000021e4        0xc contiki-srf06-cc26xx.a(buzzer.o)
                0x000021e4                buzzer_init
 .text.buzzer_start
                0x000021f0       0xa4 contiki-srf06-cc26xx.a(buzzer.o)
                0x000021f0                buzzer_start
 .text.buzzer_stop
                0x00002294       0x74 contiki-srf06-cc26xx.a(buzzer.o)
                0x00002294                buzzer_stop
 .text.power_domains_on
                0x00002308       0x20 contiki-srf06-cc26xx.a(board.o)
 .text.lpm_wakeup_handler
                0x00002328        0x4 contiki-srf06-cc26xx.a(board.o)
 .text.shutdown_handler
                0x0000232c       0x68 contiki-srf06-cc26xx.a(board.o)
 .text.board_init
                0x00002394      0x118 contiki-srf06-cc26xx.a(board.o)
                0x00002394                board_init
 .text.i2c_status
                0x000024ac       0x34 contiki-srf06-cc26xx.a(board-i2c.o)
 .text.accessible
                0x000024e0       0x24 contiki-srf06-cc26xx.a(board-i2c.o)
 .text.board_i2c_wakeup
                0x00002504       0x5c contiki-srf06-cc26xx.a(board-i2c.o)
                0x00002504                board_i2c_wakeup
 .text.board_i2c_shutdown
                0x00002560       0xa4 contiki-srf06-cc26xx.a(board-i2c.o)
                0x00002560                board_i2c_shutdown
 .text.board_i2c_write
                0x00002604       0xc0 contiki-srf06-cc26xx.a(board-i2c.o)
                0x00002604                board_i2c_write
 .text.board_i2c_write_single
                0x000026c4       0x44 contiki-srf06-cc26xx.a(board-i2c.o)
                0x000026c4                board_i2c_write_single
 .text.board_i2c_read
                0x00002708       0xb4 contiki-srf06-cc26xx.a(board-i2c.o)
                0x00002708                board_i2c_read
 .text.board_i2c_write_read
                0x000027bc      0x138 contiki-srf06-cc26xx.a(board-i2c.o)
                0x000027bc                board_i2c_write_read
 .text.board_i2c_select
                0x000028f4       0xdc contiki-srf06-cc26xx.a(board-i2c.o)
                0x000028f4                board_i2c_select
 .text.power_domain_on
                0x000029d0       0x20 contiki-srf06-cc26xx.a(clock.o)
 .text.clock_init
                0x000029f0       0x90 contiki-srf06-cc26xx.a(clock.o)
                0x000029f0                clock_init
 .text.clock_time
                0x00002a80       0x34 contiki-srf06-cc26xx.a(clock.o)
                0x00002a80                clock_time
 .text.clock_update
                0x00002ab4       0x3c contiki-srf06-cc26xx.a(clock.o)
                0x00002ab4                clock_update
 .text.rtimer_arch_init
                0x00002af0        0x4 contiki-srf06-cc26xx.a(rtimer-arch.o)
                0x00002af0                rtimer_arch_init
 .text.rtimer_arch_schedule
                0x00002af4        0x8 contiki-srf06-cc26xx.a(rtimer-arch.o)
                0x00002af4                rtimer_arch_schedule
 .text.rtimer_arch_now
                0x00002afc        0x4 contiki-srf06-cc26xx.a(rtimer-arch.o)
                0x00002afc                rtimer_arch_now
 .text.soc_rtc_init
                0x00002b00       0x94 contiki-srf06-cc26xx.a(soc-rtc.o)
                0x00002b00                soc_rtc_init
 .text.soc_rtc_get_next_trigger
                0x00002b94       0x28 contiki-srf06-cc26xx.a(soc-rtc.o)
                0x00002b94                soc_rtc_get_next_trigger
 .text.soc_rtc_schedule_one_shot
                0x00002bbc       0x4c contiki-srf06-cc26xx.a(soc-rtc.o)
                0x00002bbc                soc_rtc_schedule_one_shot
 .text.soc_rtc_last_isr_time
                0x00002c08        0xc contiki-srf06-cc26xx.a(soc-rtc.o)
                0x00002c08                soc_rtc_last_isr_time
 .text.AONRTCIntHandler
                0x00002c14       0x68 contiki-srf06-cc26xx.a(soc-rtc.o)
                0x00002c14                AONRTCIntHandler
 .text.lock_config
                0x00002c7c       0x18 contiki-srf06-cc26xx.a(contiki-watchdo)
 .text.unlock_config
                0x00002c94       0x2c contiki-srf06-cc26xx.a(contiki-watchdo)
 .text.watchdog_init
                0x00002cc0       0x1c contiki-srf06-cc26xx.a(contiki-watchdo)
                0x00002cc0                watchdog_init
 .text.watchdog_start
                0x00002cdc       0x30 contiki-srf06-cc26xx.a(contiki-watchdo)
                0x00002cdc                watchdog_start
 .text.watchdog_periodic
                0x00002d0c       0x1c contiki-srf06-cc26xx.a(contiki-watchdo)
                0x00002d0c                watchdog_periodic
 .text.putchar  0x00002d28       0x10 contiki-srf06-cc26xx.a(putchar.o)
                0x00002d28                putchar
 .text.puts     0x00002d38       0x30 contiki-srf06-cc26xx.a(putchar.o)
                0x00002d38                puts
 .text.dbg_send_bytes
                0x00002d68       0x40 contiki-srf06-cc26xx.a(putchar.o)
                0x00002d68                dbg_send_bytes
 .text.ieee_addr_cpy_to
                0x00002da8       0x40 contiki-srf06-cc26xx.a(ieee-addr.o)
                0x00002da8                ieee_addr_cpy_to
 .text.power_and_clock
                0x00002de8       0x40 contiki-srf06-cc26xx.a(cc26xx-uart.o)
 .text.enable   0x00002e28       0xf4 contiki-srf06-cc26xx.a(cc26xx-uart.o)
 .text.accessible
                0x00002f1c       0x24 contiki-srf06-cc26xx.a(cc26xx-uart.o)
 .text.lpm_drop_handler
                0x00002f40       0xcc contiki-srf06-cc26xx.a(cc26xx-uart.o)
 .text.cc26xx_uart_init
                0x0000300c       0x28 contiki-srf06-cc26xx.a(cc26xx-uart.o)
                0x0000300c                cc26xx_uart_init
 .text.cc26xx_uart_write_byte
                0x00003034       0x28 contiki-srf06-cc26xx.a(cc26xx-uart.o)
                0x00003034                cc26xx_uart_write_byte
 .text.cc26xx_uart_set_input
                0x0000305c       0x64 contiki-srf06-cc26xx.a(cc26xx-uart.o)
                0x0000305c                cc26xx_uart_set_input
 .text.cc26xx_uart_busy
                0x000030c0       0x18 contiki-srf06-cc26xx.a(cc26xx-uart.o)
                0x000030c0                cc26xx_uart_busy
 .text.UART0IntHandler
                0x000030d8       0x54 contiki-srf06-cc26xx.a(cc26xx-uart.o)
                0x000030d8                UART0IntHandler
 .text.lpm_shutdown
                0x0000312c      0x1b8 contiki-srf06-cc26xx.a(lpm.o)
                0x0000312c                lpm_shutdown
 .text.lpm_drop
                0x000032e4      0x1fc contiki-srf06-cc26xx.a(lpm.o)
                0x000032e4                lpm_drop
 .text.lpm_sleep
                0x000034e0       0x14 contiki-srf06-cc26xx.a(lpm.o)
                0x000034e0                lpm_sleep
 .text.lpm_register_module
                0x000034f4        0xc contiki-srf06-cc26xx.a(lpm.o)
                0x000034f4                lpm_register_module
 .text.lpm_unregister_module
                0x00003500        0xc contiki-srf06-cc26xx.a(lpm.o)
                0x00003500                lpm_unregister_module
 .text.lpm_init
                0x0000350c       0x20 contiki-srf06-cc26xx.a(lpm.o)
                0x0000350c                lpm_init
 .text.lpm_pin_set_default_state
                0x0000352c       0x30 contiki-srf06-cc26xx.a(lpm.o)
                0x0000352c                lpm_pin_set_default_state
 .text.gpio_interrupt_register_handler
                0x0000355c       0x2c contiki-srf06-cc26xx.a(gpio-interrupt.)
                0x0000355c                gpio_interrupt_register_handler
 .text.gpio_interrupt_init
                0x00003588       0x24 contiki-srf06-cc26xx.a(gpio-interrupt.)
                0x00003588                gpio_interrupt_init
 .text.GPIOIntHandler
                0x000035ac       0x30 contiki-srf06-cc26xx.a(gpio-interrupt.)
                0x000035ac                GPIOIntHandler
 .text.osc_interface_dis
                0x000035dc       0x28 contiki-srf06-cc26xx.a(oscillators.o)
 .text.osc_interface_en
                0x00003604       0x30 contiki-srf06-cc26xx.a(oscillators.o)
 .text.oscillators_select_lf_xosc
                0x00003634       0x48 contiki-srf06-cc26xx.a(oscillators.o)
                0x00003634                oscillators_select_lf_xosc
 .text.oscillators_select_lf_rcosc
                0x0000367c       0x30 contiki-srf06-cc26xx.a(oscillators.o)
                0x0000367c                oscillators_select_lf_rcosc
 .text.oscillators_request_hf_xosc
                0x000036ac       0x24 contiki-srf06-cc26xx.a(oscillators.o)
                0x000036ac                oscillators_request_hf_xosc
 .text.oscillators_switch_to_hf_xosc
                0x000036d0       0x28 contiki-srf06-cc26xx.a(oscillators.o)
                0x000036d0                oscillators_switch_to_hf_xosc
 .text.oscillators_switch_to_hf_rc
                0x000036f8       0x2c contiki-srf06-cc26xx.a(oscillators.o)
                0x000036f8                oscillators_switch_to_hf_rc
 .text.request  0x00003724       0x20 contiki-srf06-cc26xx.a(ieee-mode.o)
 .text.rx_on    0x00003744       0x60 contiki-srf06-cc26xx.a(ieee-mode.o)
 .text.rf_radio_setup
                0x000037a4       0x74 contiki-srf06-cc26xx.a(ieee-mode.o)
 .text.soft_on  0x00003818       0x18 contiki-srf06-cc26xx.a(ieee-mode.o)
 .text.pending_packet
                0x00003830       0x34 contiki-srf06-cc26xx.a(ieee-mode.o)
 .text.prepare  0x00003864       0x1c contiki-srf06-cc26xx.a(ieee-mode.o)
 .text.read_frame
                0x00003880       0x58 contiki-srf06-cc26xx.a(ieee-mode.o)
 .text.soft_off
                0x000038d8       0x3c contiki-srf06-cc26xx.a(ieee-mode.o)
 .text.get_object
                0x00003914       0x30 contiki-srf06-cc26xx.a(ieee-mode.o)
 .text.transmitting
                0x00003944       0x4c contiki-srf06-cc26xx.a(ieee-mode.o)
 .text.rx_off   0x00003990       0x5c contiki-srf06-cc26xx.a(ieee-mode.o)
 .text.get_cca_info
                0x000039ec       0x44 contiki-srf06-cc26xx.a(ieee-mode.o)
 .text.off      0x00003a30       0x4c contiki-srf06-cc26xx.a(ieee-mode.o)
 .text.receiving_packet
                0x00003a7c       0x40 contiki-srf06-cc26xx.a(ieee-mode.o)
 .text.on       0x00003abc       0x9c contiki-srf06-cc26xx.a(ieee-mode.o)
 .text.set_value
                0x00003b58      0x158 contiki-srf06-cc26xx.a(ieee-mode.o)
 .text.get_value
                0x00003cb0      0x138 contiki-srf06-cc26xx.a(ieee-mode.o)
 .text.transmit
                0x00003de8       0xbc contiki-srf06-cc26xx.a(ieee-mode.o)
 .text.send     0x00003ea4       0x24 contiki-srf06-cc26xx.a(ieee-mode.o)
 .text.set_object
                0x00003ec8       0x68 contiki-srf06-cc26xx.a(ieee-mode.o)
 .text.channel_clear
                0x00003f30       0x68 contiki-srf06-cc26xx.a(ieee-mode.o)
 .text.init     0x00003f98       0xe0 contiki-srf06-cc26xx.a(ieee-mode.o)
 .text.write_str
                0x00004078       0x14 contiki-srf06-cc26xx.a(dbg-printf.o)
 .text.printf   0x0000408c       0x24 contiki-srf06-cc26xx.a(dbg-printf.o)
                0x0000408c                printf
 .text.fill_space
                0x000040b0       0x3c contiki-srf06-cc26xx.a(strformat.o)
 .text.format_str_v
                0x000040ec      0x95c contiki-srf06-cc26xx.a(strformat.o)
                0x000040ec                format_str_v
 .text.autostart_start
                0x00004a48       0x18 contiki-srf06-cc26xx.a(autostart.o)
                0x00004a48                autostart_start
 .text.process_thread_ctimer_process
                0x00004a60       0x94 contiki-srf06-cc26xx.a(ctimer.o)
 .text.ctimer_init
                0x00004af4       0x28 contiki-srf06-cc26xx.a(ctimer.o)
                0x00004af4                ctimer_init
 .text.ctimer_set_with_process
                0x00004b1c       0x4c contiki-srf06-cc26xx.a(ctimer.o)
                0x00004b1c                ctimer_set_with_process
 .text.ctimer_set
                0x00004b68       0x18 contiki-srf06-cc26xx.a(ctimer.o)
                0x00004b68                ctimer_set
 .text.ctimer_reset
                0x00004b80       0x38 contiki-srf06-cc26xx.a(ctimer.o)
                0x00004b80                ctimer_reset
 .text.ctimer_stop
                0x00004bb8       0x34 contiki-srf06-cc26xx.a(ctimer.o)
                0x00004bb8                ctimer_stop
 .text.energest_init
                0x00004bec        0x4 contiki-srf06-cc26xx.a(energest.o)
                0x00004bec                energest_init
 .text.update_time
                0x00004bf0       0x44 contiki-srf06-cc26xx.a(etimer.o)
 .text.process_thread_etimer_process
                0x00004c34       0xc8 contiki-srf06-cc26xx.a(etimer.o)
 .text.add_timer
                0x00004cfc       0x54 contiki-srf06-cc26xx.a(etimer.o)
 .text.etimer_request_poll
                0x00004d50        0xc contiki-srf06-cc26xx.a(etimer.o)
                0x00004d50                etimer_request_poll
 .text.etimer_set
                0x00004d5c       0x14 contiki-srf06-cc26xx.a(etimer.o)
                0x00004d5c                etimer_set
 .text.etimer_reset
                0x00004d70       0x14 contiki-srf06-cc26xx.a(etimer.o)
                0x00004d70                etimer_reset
 .text.etimer_pending
                0x00004d84       0x10 contiki-srf06-cc26xx.a(etimer.o)
                0x00004d84                etimer_pending
 .text.etimer_next_expiration_time
                0x00004d94       0x14 contiki-srf06-cc26xx.a(etimer.o)
                0x00004d94                etimer_next_expiration_time
 .text.etimer_stop
                0x00004da8       0x4c contiki-srf06-cc26xx.a(etimer.o)
                0x00004da8                etimer_stop
 .text.exit_process
                0x00004df4       0xb0 contiki-srf06-cc26xx.a(process.o)
 .text.call_process.part.0
                0x00004ea4       0x38 contiki-srf06-cc26xx.a(process.o)
 .text.do_poll  0x00004edc       0x3c contiki-srf06-cc26xx.a(process.o)
 .text.process_alloc_event
                0x00004f18       0x10 contiki-srf06-cc26xx.a(process.o)
                0x00004f18                process_alloc_event
 .text.process_init
                0x00004f28       0x34 contiki-srf06-cc26xx.a(process.o)
                0x00004f28                process_init
 .text.process_run
                0x00004f5c       0xd8 contiki-srf06-cc26xx.a(process.o)
                0x00004f5c                process_run
 .text.process_nevents
                0x00005034       0x14 contiki-srf06-cc26xx.a(process.o)
                0x00005034                process_nevents
 .text.process_post
                0x00005048       0x50 contiki-srf06-cc26xx.a(process.o)
                0x00005048                process_post
 .text.process_post_synch
                0x00005098       0x18 contiki-srf06-cc26xx.a(process.o)
                0x00005098                process_post_synch
 .text.process_start
                0x000050b0       0x40 contiki-srf06-cc26xx.a(process.o)
                0x000050b0                process_start
 .text.process_poll
                0x000050f0       0x18 contiki-srf06-cc26xx.a(process.o)
                0x000050f0                process_poll
 .text.rtimer_init
                0x00005108        0x4 contiki-srf06-cc26xx.a(rtimer.o)
                0x00005108                rtimer_init
 .text.rtimer_set
                0x0000510c       0x2c contiki-srf06-cc26xx.a(rtimer.o)
                0x0000510c                rtimer_set
 .text.rtimer_run_next
                0x00005138       0x28 contiki-srf06-cc26xx.a(rtimer.o)
                0x00005138                rtimer_run_next
 .text.timer_set
                0x00005160       0x10 contiki-srf06-cc26xx.a(timer.o)
                0x00005160                timer_set
 .text.timer_reset
                0x00005170        0xc contiki-srf06-cc26xx.a(timer.o)
                0x00005170                timer_reset
 .text.timer_expired
                0x0000517c       0x1c contiki-srf06-cc26xx.a(timer.o)
                0x0000517c                timer_expired
 .text.process_thread_serial_line_process
                0x00005198       0xac contiki-srf06-cc26xx.a(serial-line.o)
 .text.serial_line_input_byte
                0x00005244       0x54 contiki-srf06-cc26xx.a(serial-line.o)
                0x00005244                serial_line_input_byte
 .text.serial_line_init
                0x00005298       0x24 contiki-srf06-cc26xx.a(serial-line.o)
                0x00005298                serial_line_init
 .text.list_init
                0x000052bc        0x8 contiki-srf06-cc26xx.a(list.o)
                0x000052bc                list_init
 .text.list_head
                0x000052c4        0x4 contiki-srf06-cc26xx.a(list.o)
                0x000052c4                list_head
 .text.list_add
                0x000052c8       0x48 contiki-srf06-cc26xx.a(list.o)
                0x000052c8                list_add
 .text.list_push
                0x00005310       0x40 contiki-srf06-cc26xx.a(list.o)
                0x00005310                list_push
 .text.list_remove
                0x00005350       0x2c contiki-srf06-cc26xx.a(list.o)
                0x00005350                list_remove
 .text.list_length
                0x0000537c       0x14 contiki-srf06-cc26xx.a(list.o)
                0x0000537c                list_length
 .text.list_item_next
                0x00005390        0x8 contiki-srf06-cc26xx.a(list.o)
                0x00005390                list_item_next
 .text.random_init
                0x00005398        0x4 contiki-srf06-cc26xx.a(random.o)
                0x00005398                random_init
 .text.random_rand
                0x0000539c        0xc contiki-srf06-cc26xx.a(random.o)
                0x0000539c                random_rand
 .text.ringbuf_init
                0x000053a8       0x10 contiki-srf06-cc26xx.a(ringbuf.o)
                0x000053a8                ringbuf_init
 .text.ringbuf_put
                0x000053b8       0x30 contiki-srf06-cc26xx.a(ringbuf.o)
                0x000053b8                ringbuf_put
 .text.ringbuf_get
                0x000053e8       0x28 contiki-srf06-cc26xx.a(ringbuf.o)
                0x000053e8                ringbuf_get
 .text.packet_sent
                0x00005410       0x38 contiki-srf06-cc26xx.a(rime.o)
 .text.input    0x00005448       0x38 contiki-srf06-cc26xx.a(rime.o)
 .text.init     0x00005480       0x28 contiki-srf06-cc26xx.a(rime.o)
 .text.rime_output
                0x000054a8       0x24 contiki-srf06-cc26xx.a(rime.o)
                0x000054a8                rime_output
 .text.NOROM_AONRTCCurrentCompareValueGet
                0x000054cc       0x24 contiki-srf06-cc26xx.a(aon_rtc.o)
                0x000054cc                NOROM_AONRTCCurrentCompareValueGet
 .text.NOROM_CPUcpsid
                0x000054f0        0x8 contiki-srf06-cc26xx.a(cpu.o)
                0x000054f0                NOROM_CPUcpsid
 .text.NOROM_CPUcpsie
                0x000054f8        0x8 contiki-srf06-cc26xx.a(cpu.o)
                0x000054f8                NOROM_CPUcpsie
 .text.NOROM_CPUdelay
                0x00005500        0x8 contiki-srf06-cc26xx.a(cpu.o)
                0x00005500                NOROM_CPUdelay
 .text.NOROM_DDI16BitfieldWrite
                0x00005508       0x4c contiki-srf06-cc26xx.a(ddi.o)
                0x00005508                NOROM_DDI16BitfieldWrite
 .text.NOROM_DDI16BitfieldRead
                0x00005554       0x48 contiki-srf06-cc26xx.a(ddi.o)
                0x00005554                NOROM_DDI16BitfieldRead
 .text.NOROM_OSCClockSourceSet
                0x0000559c       0x50 contiki-srf06-cc26xx.a(osc.o)
                0x0000559c                NOROM_OSCClockSourceSet
 .text.NOROM_OSCClockSourceGet
                0x000055ec       0x24 contiki-srf06-cc26xx.a(osc.o)
                0x000055ec                NOROM_OSCClockSourceGet
 .text.NOROM_OSCInterfaceEnable
                0x00005610       0x34 contiki-srf06-cc26xx.a(osc.o)
                0x00005610                NOROM_OSCInterfaceEnable
 .text.NOROM_PowerCtrlSourceSet
                0x00005644       0x30 contiki-srf06-cc26xx.a(pwr_ctrl.o)
                0x00005644                NOROM_PowerCtrlSourceSet
 .text.HapiTrimDeviceShutDown
                0x00005674      0x4f4 contiki-srf06-cc26xx.a(setup.o)
 .text.trimDevice
                0x00005b68       0xfc contiki-srf06-cc26xx.a(setup.o)
                0x00005b68                trimDevice
 .text.SysCtrlSetRechargeBeforePowerDown
                0x00005c64      0x1e8 contiki-srf06-cc26xx.a(sys_ctrl.o)
                0x00005c64                SysCtrlSetRechargeBeforePowerDown
 .text.SysCtrlAdjustRechargeAfterPowerDown
                0x00005e4c       0x64 contiki-srf06-cc26xx.a(sys_ctrl.o)
                0x00005e4c                SysCtrlAdjustRechargeAfterPowerDown
 .text.SysCtrl_DCDC_VoltageConditionalControl
                0x00005eb0       0x78 contiki-srf06-cc26xx.a(sys_ctrl.o)
                0x00005eb0                SysCtrl_DCDC_VoltageConditionalControl
 .text.linkaddr_copy
                0x00005f28        0x8 contiki-srf06-cc26xx.a(linkaddr.o)
                0x00005f28                linkaddr_copy
 .text.linkaddr_cmp
                0x00005f30       0x10 contiki-srf06-cc26xx.a(linkaddr.o)
                0x00005f30                linkaddr_cmp
 .text.netstack_init
                0x00005f40       0x38 contiki-srf06-cc26xx.a(netstack.o)
                0x00005f40                netstack_init
 .text.packetbuf_compact
                0x00005f78       0x38 contiki-srf06-cc26xx.a(packetbuf.o)
                0x00005f78                packetbuf_compact
 .text.packetbuf_copyto
                0x00005fb0       0x50 contiki-srf06-cc26xx.a(packetbuf.o)
                0x00005fb0                packetbuf_copyto
 .text.packetbuf_hdralloc
                0x00006000       0x48 contiki-srf06-cc26xx.a(packetbuf.o)
                0x00006000                packetbuf_hdralloc
 .text.packetbuf_hdrreduce
                0x00006048       0x2c contiki-srf06-cc26xx.a(packetbuf.o)
                0x00006048                packetbuf_hdrreduce
 .text.packetbuf_set_datalen
                0x00006074        0xc contiki-srf06-cc26xx.a(packetbuf.o)
                0x00006074                packetbuf_set_datalen
 .text.packetbuf_dataptr
                0x00006080       0x14 contiki-srf06-cc26xx.a(packetbuf.o)
                0x00006080                packetbuf_dataptr
 .text.packetbuf_hdrptr
                0x00006094       0x14 contiki-srf06-cc26xx.a(packetbuf.o)
                0x00006094                packetbuf_hdrptr
 .text.packetbuf_datalen
                0x000060a8        0xc contiki-srf06-cc26xx.a(packetbuf.o)
                0x000060a8                packetbuf_datalen
 .text.packetbuf_totlen
                0x000060b4       0x28 contiki-srf06-cc26xx.a(packetbuf.o)
                0x000060b4                packetbuf_totlen
 .text.packetbuf_attr_clear
                0x000060dc       0x34 contiki-srf06-cc26xx.a(packetbuf.o)
                0x000060dc                packetbuf_attr_clear
 .text.packetbuf_clear
                0x00006110       0x34 contiki-srf06-cc26xx.a(packetbuf.o)
                0x00006110                packetbuf_clear
 .text.packetbuf_copyfrom
                0x00006144       0x2c contiki-srf06-cc26xx.a(packetbuf.o)
                0x00006144                packetbuf_copyfrom
 .text.packetbuf_attr_copyto
                0x00006170       0x3c contiki-srf06-cc26xx.a(packetbuf.o)
                0x00006170                packetbuf_attr_copyto
 .text.packetbuf_attr_copyfrom
                0x000061ac       0x3c contiki-srf06-cc26xx.a(packetbuf.o)
                0x000061ac                packetbuf_attr_copyfrom
 .text.packetbuf_set_attr
                0x000061e8       0x10 contiki-srf06-cc26xx.a(packetbuf.o)
                0x000061e8                packetbuf_set_attr
 .text.packetbuf_attr
                0x000061f8        0xc contiki-srf06-cc26xx.a(packetbuf.o)
                0x000061f8                packetbuf_attr
 .text.packetbuf_set_addr
                0x00006204       0x18 contiki-srf06-cc26xx.a(packetbuf.o)
                0x00006204                packetbuf_set_addr
 .text.packetbuf_addr
                0x0000621c       0x10 contiki-srf06-cc26xx.a(packetbuf.o)
                0x0000621c                packetbuf_addr
 .text.packetbuf_holds_broadcast
                0x0000622c       0x10 contiki-srf06-cc26xx.a(packetbuf.o)
                0x0000622c                packetbuf_holds_broadcast
 .text.queuebuf_init
                0x0000623c       0x1c contiki-srf06-cc26xx.a(queuebuf.o)
                0x0000623c                queuebuf_init
 .text.queuebuf_new_from_packetbuf
                0x00006258       0x48 contiki-srf06-cc26xx.a(queuebuf.o)
                0x00006258                queuebuf_new_from_packetbuf
 .text.queuebuf_update_attr_from_packetbuf
                0x000062a0        0xc contiki-srf06-cc26xx.a(queuebuf.o)
                0x000062a0                queuebuf_update_attr_from_packetbuf
 .text.queuebuf_update_from_packetbuf
                0x000062ac       0x1c contiki-srf06-cc26xx.a(queuebuf.o)
                0x000062ac                queuebuf_update_from_packetbuf
 .text.queuebuf_free
                0x000062c8       0x2c contiki-srf06-cc26xx.a(queuebuf.o)
                0x000062c8                queuebuf_free
 .text.queuebuf_to_packetbuf
                0x000062f4       0x30 contiki-srf06-cc26xx.a(queuebuf.o)
                0x000062f4                queuebuf_to_packetbuf
 .text.queuebuf_attr
                0x00006324        0xc contiki-srf06-cc26xx.a(queuebuf.o)
                0x00006324                queuebuf_attr
 .text.input_packet
                0x00006330        0xc contiki-srf06-cc26xx.a(csma.o)
 .text.on       0x0000633c        0xc contiki-srf06-cc26xx.a(csma.o)
 .text.off      0x00006348        0xc contiki-srf06-cc26xx.a(csma.o)
 .text.channel_check_interval
                0x00006354       0x10 contiki-srf06-cc26xx.a(csma.o)
 .text.transmit_packet_list
                0x00006364       0x34 contiki-srf06-cc26xx.a(csma.o)
 .text.free_packet
                0x00006398       0x98 contiki-srf06-cc26xx.a(csma.o)
 .text.packet_sent
                0x00006430      0x100 contiki-srf06-cc26xx.a(csma.o)
 .text.send_packet
                0x00006530      0x174 contiki-srf06-cc26xx.a(csma.o)
 .text.init     0x000066a4       0x24 contiki-srf06-cc26xx.a(csma.o)
 .text.mac_call_sent_callback
                0x000066c8       0x10 contiki-srf06-cc26xx.a(mac.o)
                0x000066c8                mac_call_sent_callback
 .text.duty_cycle
                0x000066d8        0x4 contiki-srf06-cc26xx.a(contikimac.o)
 .text.init     0x000066dc       0x40 contiki-srf06-cc26xx.a(contikimac.o)
 .text.on       0x0000671c       0x2c contiki-srf06-cc26xx.a(contikimac.o)
 .text.off      0x00006748       0x38 contiki-srf06-cc26xx.a(contikimac.o)
 .text.recv_burst_off
                0x00006780       0x14 contiki-srf06-cc26xx.a(contikimac.o)
 .text.powercycle_turn_radio_off.part.2
                0x00006794       0x10 contiki-srf06-cc26xx.a(contikimac.o)
 .text.turn_off
                0x000067a4       0x48 contiki-srf06-cc26xx.a(contikimac.o)
 .text.turn_on  0x000067ec       0x40 contiki-srf06-cc26xx.a(contikimac.o)
 .text.schedule_powercycle_fixed.part.5
                0x0000682c       0x2c contiki-srf06-cc26xx.a(contikimac.o)
 .text.input_packet
                0x00006858       0xac contiki-srf06-cc26xx.a(contikimac.o)
 .text.send_packet.isra.8
                0x00006904      0x228 contiki-srf06-cc26xx.a(contikimac.o)
 .text.qsend_list
                0x00006b2c       0xe0 contiki-srf06-cc26xx.a(contikimac.o)
 .text.qsend_packet
                0x00006c0c       0x24 contiki-srf06-cc26xx.a(contikimac.o)
 .text.powercycle_wrapper
                0x00006c30      0x234 contiki-srf06-cc26xx.a(contikimac.o)
 .text.init     0x00006e64        0x4 contiki-srf06-cc26xx.a(nullsec.o)
 .text.input    0x00006e68        0xc contiki-srf06-cc26xx.a(nullsec.o)
 .text.send     0x00006e74       0x20 contiki-srf06-cc26xx.a(nullsec.o)
 .text.sensor_common_read_reg
                0x00006e94       0x1c contiki-srf06-cc26xx.a(sensor-common.o)
                0x00006e94                sensor_common_read_reg
 .text.sensor_common_write_reg
                0x00006eb0       0x38 contiki-srf06-cc26xx.a(sensor-common.o)
                0x00006eb0                sensor_common_write_reg
 .text.sensor_common_set_error_data
                0x00006ee8       0x10 contiki-srf06-cc26xx.a(sensor-common.o)
                0x00006ee8                sensor_common_set_error_data
 .text.verify_part
                0x00006ef8       0x6c contiki-srf06-cc26xx.a(ext-flash.o)
 .text.wait_ready
                0x00006f64       0x64 contiki-srf06-cc26xx.a(ext-flash.o)
 .text.power_down
                0x00006fc8       0x50 contiki-srf06-cc26xx.a(ext-flash.o)
 .text.ext_flash_open
                0x00007018       0x60 contiki-srf06-cc26xx.a(ext-flash.o)
                0x00007018                ext_flash_open
 .text.ext_flash_init
                0x00007078       0x14 contiki-srf06-cc26xx.a(ext-flash.o)
                0x00007078                ext_flash_init
 .text.accessible
                0x0000708c       0x24 contiki-srf06-cc26xx.a(board-spi.o)
 .text.board_spi_write
                0x000070b0       0x3c contiki-srf06-cc26xx.a(board-spi.o)
                0x000070b0                board_spi_write
 .text.board_spi_read
                0x000070ec       0x48 contiki-srf06-cc26xx.a(board-spi.o)
                0x000070ec                board_spi_read
 .text.board_spi_flush
                0x00007134       0x24 contiki-srf06-cc26xx.a(board-spi.o)
                0x00007134                board_spi_flush
 .text.board_spi_open
                0x00007158       0xc0 contiki-srf06-cc26xx.a(board-spi.o)
                0x00007158                board_spi_open
 .text.board_spi_close
                0x00007218       0x70 contiki-srf06-cc26xx.a(board-spi.o)
                0x00007218                board_spi_close
 .text.process_thread_rf_core_process
                0x00007288       0x58 contiki-srf06-cc26xx.a(rf-core.o)
 .text.rf_core_is_accessible
                0x000072e0       0x10 contiki-srf06-cc26xx.a(rf-core.o)
                0x000072e0                rf_core_is_accessible
 .text.rf_core_send_cmd
                0x000072f0       0xa4 contiki-srf06-cc26xx.a(rf-core.o)
                0x000072f0                rf_core_send_cmd
 .text.rf_core_wait_cmd_done
                0x00007394       0x30 contiki-srf06-cc26xx.a(rf-core.o)
                0x00007394                rf_core_wait_cmd_done
 .text.rf_core_power_up
                0x000073c4       0xb4 contiki-srf06-cc26xx.a(rf-core.o)
                0x000073c4                rf_core_power_up
 .text.rf_core_power_down
                0x00007478       0xe8 contiki-srf06-cc26xx.a(rf-core.o)
                0x00007478                rf_core_power_down
 .text.rf_core_set_modesel
                0x00007560       0x68 contiki-srf06-cc26xx.a(rf-core.o)
                0x00007560                rf_core_set_modesel
 .text.rf_core_boot
                0x000075c8       0x30 contiki-srf06-cc26xx.a(rf-core.o)
                0x000075c8                rf_core_boot
 .text.rf_core_setup_interrupts
                0x000075f8       0x6c contiki-srf06-cc26xx.a(rf-core.o)
                0x000075f8                rf_core_setup_interrupts
 .text.rf_core_cmd_done_en
                0x00007664       0x28 contiki-srf06-cc26xx.a(rf-core.o)
                0x00007664                rf_core_cmd_done_en
 .text.rf_core_cmd_done_dis
                0x0000768c       0x10 contiki-srf06-cc26xx.a(rf-core.o)
                0x0000768c                rf_core_cmd_done_dis
 .text.rf_core_get_last_radio_op
                0x0000769c        0xc contiki-srf06-cc26xx.a(rf-core.o)
                0x0000769c                rf_core_get_last_radio_op
 .text.rf_core_init_radio_op
                0x000076a8       0x20 contiki-srf06-cc26xx.a(rf-core.o)
                0x000076a8                rf_core_init_radio_op
 .text.rf_core_primary_mode_register
                0x000076c8        0xc contiki-srf06-cc26xx.a(rf-core.o)
                0x000076c8                rf_core_primary_mode_register
 .text.RFCCPE1IntHandler
                0x000076d4       0x28 contiki-srf06-cc26xx.a(rf-core.o)
                0x000076d4                RFCCPE1IntHandler
 .text.RFCCPE0IntHandler
                0x000076fc       0x5c contiki-srf06-cc26xx.a(rf-core.o)
                0x000076fc                RFCCPE0IntHandler
 .text.rf_ble_is_active
                0x00007758        0xc contiki-srf06-cc26xx.a(rf-ble.o)
                0x00007758                rf_ble_is_active
 .text.memb_init
                0x00007764       0x24 contiki-srf06-cc26xx.a(memb.o)
                0x00007764                memb_init
 .text.memb_alloc
                0x00007788       0x3c contiki-srf06-cc26xx.a(memb.o)
                0x00007788                memb_alloc
 .text.memb_free
                0x000077c4       0x44 contiki-srf06-cc26xx.a(memb.o)
                0x000077c4                memb_free
 .text.memb_inmemb
                0x00007808       0x1c contiki-srf06-cc26xx.a(memb.o)
                0x00007808                memb_inmemb
 .text.abc_open
                0x00007824       0x20 contiki-srf06-cc26xx.a(abc.o)
                0x00007824                abc_open
 .text.abc_send
                0x00007844        0x4 contiki-srf06-cc26xx.a(abc.o)
                0x00007844                abc_send
 .text.abc_input
                0x00007848        0xc contiki-srf06-cc26xx.a(abc.o)
                0x00007848                abc_input
 .text.abc_sent
                0x00007854        0xc contiki-srf06-cc26xx.a(abc.o)
                0x00007854                abc_sent
 .text.announcement_init
                0x00007860        0xc contiki-srf06-cc26xx.a(announcement.o)
                0x00007860                announcement_init
 .text.announcement_register_observer_callback
                0x0000786c        0xc contiki-srf06-cc26xx.a(announcement.o)
                0x0000786c                announcement_register_observer_callback
 .text.announcement_list
                0x00007878        0xc contiki-srf06-cc26xx.a(announcement.o)
                0x00007878                announcement_list
 .text.announcement_heard
                0x00007884       0x3c contiki-srf06-cc26xx.a(announcement.o)
                0x00007884                announcement_heard
 .text.adv_packet_sent
                0x000078c0        0x4 contiki-srf06-cc26xx.a(broadcast-annou)
 .text.set_timers
                0x000078c4       0x3c contiki-srf06-cc26xx.a(broadcast-annou)
 .text.send_timer
                0x00007900       0x18 contiki-srf06-cc26xx.a(broadcast-annou)
 .text.send_adv
                0x00007918       0x58 contiki-srf06-cc26xx.a(broadcast-annou)
 .text.adv_packet_received
                0x00007970       0x48 contiki-srf06-cc26xx.a(broadcast-annou)
 .text.new_announcement
                0x000079b8       0x18 contiki-srf06-cc26xx.a(broadcast-annou)
 .text.broadcast_announcement_init
                0x000079d0       0x30 contiki-srf06-cc26xx.a(broadcast-annou)
                0x000079d0                broadcast_announcement_init
 .text.sent_by_abc
                0x00007a00        0xc contiki-srf06-cc26xx.a(broadcast.o)
 .text.recv_from_abc
                0x00007a0c       0x24 contiki-srf06-cc26xx.a(broadcast.o)
 .text.broadcast_open
                0x00007a30       0x24 contiki-srf06-cc26xx.a(broadcast.o)
                0x00007a30                broadcast_open
 .text.broadcast_send
                0x00007a54       0x1c contiki-srf06-cc26xx.a(broadcast.o)
                0x00007a54                broadcast_send
 .text.chameleon_init
                0x00007a70        0x4 contiki-srf06-cc26xx.a(chameleon.o)
                0x00007a70                chameleon_init
 .text.chameleon_parse
                0x00007a74       0x1c contiki-srf06-cc26xx.a(chameleon.o)
                0x00007a74                chameleon_parse
 .text.chameleon_create
                0x00007a90       0x20 contiki-srf06-cc26xx.a(chameleon.o)
                0x00007a90                chameleon_create
 .text.chameleon_hdrsize
                0x00007ab0        0xc contiki-srf06-cc26xx.a(chameleon.o)
                0x00007ab0                chameleon_hdrsize
 .text.channel_init
                0x00007abc        0xc contiki-srf06-cc26xx.a(channel.o)
                0x00007abc                channel_init
 .text.channel_open
                0x00007ac8       0x10 contiki-srf06-cc26xx.a(channel.o)
                0x00007ac8                channel_open
 .text.channel_lookup
                0x00007ad8       0x30 contiki-srf06-cc26xx.a(channel.o)
                0x00007ad8                channel_lookup
 .text.channel_set_attributes
                0x00007b08       0x18 contiki-srf06-cc26xx.a(channel.o)
                0x00007b08                channel_set_attributes
 .text.AONBatMonTemperatureGetDegC
                0x00007b20       0x30 contiki-srf06-cc26xx.a(aon_batmon.o)
                0x00007b20                AONBatMonTemperatureGetDegC
 .text.ChipInfo_GetSupportedProtocol_BV
                0x00007b50       0x10 contiki-srf06-cc26xx.a(chipinfo.o)
                0x00007b50                ChipInfo_GetSupportedProtocol_BV
 .text.ChipInfo_GetChipFamily
                0x00007b60       0x38 contiki-srf06-cc26xx.a(chipinfo.o)
                0x00007b60                ChipInfo_GetChipFamily
 .text.ChipInfo_GetHwRevision
                0x00007b98       0x98 contiki-srf06-cc26xx.a(chipinfo.o)
                0x00007b98                ChipInfo_GetHwRevision
 .text.ThisCodeIsBuiltForCC26xxHwRev22AndLater_HaltIfViolated
                0x00007c30       0x2c contiki-srf06-cc26xx.a(chipinfo.o)
                0x00007c30                ThisCodeIsBuiltForCC26xxHwRev22AndLater_HaltIfViolated
 .text.parse    0x00007c5c       0xa4 contiki-srf06-cc26xx.a(framer-802154.o)
 .text.create_frame.isra.0
                0x00007d00      0x138 contiki-srf06-cc26xx.a(framer-802154.o)
 .text.create   0x00007e38        0x8 contiki-srf06-cc26xx.a(framer-802154.o)
 .text.hdr_length
                0x00007e40        0x8 contiki-srf06-cc26xx.a(framer-802154.o)
 .text.mac_sequence_is_duplicate
                0x00007e48       0x3c contiki-srf06-cc26xx.a(mac-sequence.o)
                0x00007e48                mac_sequence_is_duplicate
 .text.mac_sequence_register_seqno
                0x00007e84       0x58 contiki-srf06-cc26xx.a(mac-sequence.o)
                0x00007e84                mac_sequence_register_seqno
 .text.header_size
                0x00007edc       0x1c contiki-srf06-cc26xx.a(chameleon-bitop)
 .text.get_bits
                0x00007ef8       0xa8 contiki-srf06-cc26xx.a(chameleon-bitop)
                0x00007ef8                get_bits
 .text.unpack_header
                0x00007fa0       0xb8 contiki-srf06-cc26xx.a(chameleon-bitop)
 .text.set_bits
                0x00008058       0xcc contiki-srf06-cc26xx.a(chameleon-bitop)
                0x00008058                set_bits
 .text.pack_header
                0x00008124       0xa8 contiki-srf06-cc26xx.a(chameleon-bitop)
 .text.frame802154_get_pan_id
                0x000081cc        0xc contiki-srf06-cc26xx.a(frame802154.o)
                0x000081cc                frame802154_get_pan_id
 .text.frame802154_has_panid
                0x000081d8       0x54 contiki-srf06-cc26xx.a(frame802154.o)
                0x000081d8                frame802154_has_panid
 .text.field_len
                0x0000822c       0x9c contiki-srf06-cc26xx.a(frame802154.o)
 .text.frame802154_is_broadcast_addr
                0x000082c8       0x20 contiki-srf06-cc26xx.a(frame802154.o)
                0x000082c8                frame802154_is_broadcast_addr
 .text.frame802154_hdrlen
                0x000082e8       0x34 contiki-srf06-cc26xx.a(frame802154.o)
                0x000082e8                frame802154_hdrlen
 .text.frame802154_create
                0x0000831c      0x10c contiki-srf06-cc26xx.a(frame802154.o)
                0x0000831c                frame802154_create
 .text.frame802154_parse
                0x00008428      0x17c contiki-srf06-cc26xx.a(frame802154.o)
                0x00008428                frame802154_parse
 .text.exp2     0x000085a4       0x10 /usr/bin/../lib/gcc/arm-none-eabi/4.9.3/../../../../arm-none-eabi/lib/armv7-m/libm.a(lib_a-w_exp2.o)
                0x000085a4                exp2
 .text.pow      0x000085b4      0x2f0 /usr/bin/../lib/gcc/arm-none-eabi/4.9.3/../../../../arm-none-eabi/lib/armv7-m/libm.a(lib_a-w_pow.o)
                0x000085b4                pow
 .text.__ieee754_sqrt
                0x000088a4      0x18c /usr/bin/../lib/gcc/arm-none-eabi/4.9.3/../../../../arm-none-eabi/lib/armv7-m/libm.a(lib_a-e_sqrt.o)
                0x000088a4                __ieee754_sqrt
 .text.fabs     0x00008a30        0x8 /usr/bin/../lib/gcc/arm-none-eabi/4.9.3/../../../../arm-none-eabi/lib/armv7-m/libm.a(lib_a-s_fabs.o)
                0x00008a30                fabs
 .text.finite   0x00008a38        0xc /usr/bin/../lib/gcc/arm-none-eabi/4.9.3/../../../../arm-none-eabi/lib/armv7-m/libm.a(lib_a-s_finite.o)
                0x00008a38                finite
 .text.__fpclassifyd
                0x00008a44       0x58 /usr/bin/../lib/gcc/arm-none-eabi/4.9.3/../../../../arm-none-eabi/lib/armv7-m/libm.a(lib_a-s_fpclassify.o)
                0x00008a44                __fpclassifyd
 .text.matherr  0x00008a9c        0x4 /usr/bin/../lib/gcc/arm-none-eabi/4.9.3/../../../../arm-none-eabi/lib/armv7-m/libm.a(lib_a-s_matherr.o)
                0x00008a9c                matherr
 .text.nan      0x00008aa0        0xc /usr/bin/../lib/gcc/arm-none-eabi/4.9.3/../../../../arm-none-eabi/lib/armv7-m/libm.a(lib_a-s_nan.o)
                0x00008aa0                nan
 .text.rint     0x00008aac      0x11c /usr/bin/../lib/gcc/arm-none-eabi/4.9.3/../../../../arm-none-eabi/lib/armv7-m/libm.a(lib_a-s_rint.o)
                0x00008aac                rint
 .text.copysign
                0x00008bc8       0x10 /usr/bin/../lib/gcc/arm-none-eabi/4.9.3/../../../../arm-none-eabi/lib/armv7-m/libm.a(lib_a-s_copysign.o)
                0x00008bc8                copysign
 .text          0x00008bd8      0x370 /usr/bin/../lib/gcc/arm-none-eabi/4.9.3/armv7-m/libgcc.a(_arm_addsubdf3.o)
                0x00008bd8                __aeabi_drsub
                0x00008be0                __aeabi_dsub
                0x00008be0                __subdf3
                0x00008be4                __adddf3
                0x00008be4                __aeabi_dadd
                0x00008e5c                __aeabi_ui2d
                0x00008e5c                __floatunsidf
                0x00008e7c                __floatsidf
                0x00008e7c                __aeabi_i2d
                0x00008ea0                __extendsfdf2
                0x00008ea0                __aeabi_f2d
                0x00008edc                __aeabi_ul2d
                0x00008edc                __floatundidf
                0x00008eec                __floatdidf
                0x00008eec                __aeabi_l2d
 .text          0x00008f48      0x424 /usr/bin/../lib/gcc/arm-none-eabi/4.9.3/armv7-m/libgcc.a(_arm_muldivdf3.o)
                0x00008f48                __aeabi_dmul
                0x00008f48                __muldf3
                0x0000919c                __aeabi_ddiv
                0x0000919c                __divdf3
 .text          0x0000936c      0x110 /usr/bin/../lib/gcc/arm-none-eabi/4.9.3/armv7-m/libgcc.a(_arm_cmpdf2.o)
                0x0000936c                __gtdf2
                0x0000936c                __gedf2
                0x00009374                __ltdf2
                0x00009374                __ledf2
                0x0000937c                __cmpdf2
                0x0000937c                __eqdf2
                0x0000937c                __nedf2
                0x000093f8                __aeabi_cdrcmple
                0x00009408                __aeabi_cdcmple
                0x00009408                __aeabi_cdcmpeq
                0x00009418                __aeabi_dcmpeq
                0x0000942c                __aeabi_dcmplt
                0x00009440                __aeabi_dcmple
                0x00009454                __aeabi_dcmpge
                0x00009468                __aeabi_dcmpgt
 .text          0x0000947c       0xa0 /usr/bin/../lib/gcc/arm-none-eabi/4.9.3/armv7-m/libgcc.a(_arm_truncdfsf2.o)
                0x0000947c                __aeabi_d2f
                0x0000947c                __truncdfsf2
 .text          0x0000951c      0x21c /usr/bin/../lib/gcc/arm-none-eabi/4.9.3/armv7-m/libgcc.a(_arm_addsubsf3.o)
                0x0000951c                __aeabi_frsub
                0x00009524                __subsf3
                0x00009524                __aeabi_fsub
                0x00009528                __aeabi_fadd
                0x00009528                __addsf3
                0x00009688                __aeabi_ui2f
                0x00009688                __floatunsisf
                0x00009690                __aeabi_i2f
                0x00009690                __floatsisf
                0x000096ac                __floatundisf
                0x000096ac                __aeabi_ul2f
                0x000096bc                __floatdisf
                0x000096bc                __aeabi_l2f
 .text          0x00009738      0x2a0 /usr/bin/../lib/gcc/arm-none-eabi/4.9.3/armv7-m/libgcc.a(_arm_muldivsf3.o)
                0x00009738                __mulsf3
                0x00009738                __aeabi_fmul
                0x000098a0                __divsf3
                0x000098a0                __aeabi_fdiv
 .text          0x000099d8       0x4c /usr/bin/../lib/gcc/arm-none-eabi/4.9.3/armv7-m/libgcc.a(_arm_fixsfsi.o)
                0x000099d8                __fixsfsi
                0x000099d8                __aeabi_f2iz
 .text          0x00009a24       0x30 /usr/bin/../lib/gcc/arm-none-eabi/4.9.3/armv7-m/libgcc.a(_aeabi_uldivmod.o)
                0x00009a24                __aeabi_uldivmod
 .text          0x00009a54       0x60 /usr/bin/../lib/gcc/arm-none-eabi/4.9.3/armv7-m/libgcc.a(bpabi.o)
                0x00009a54                __gnu_ldivmod_helper
                0x00009a84                __gnu_uldivmod_helper
 .text          0x00009ab4        0x4 /usr/bin/../lib/gcc/arm-none-eabi/4.9.3/armv7-m/libgcc.a(_dvmd_tls.o)
                0x00009ab4                __aeabi_ldiv0
                0x00009ab4                __aeabi_idiv0
 .text          0x00009ab8      0x2ac /usr/bin/../lib/gcc/arm-none-eabi/4.9.3/armv7-m/libgcc.a(_divdi3.o)
                0x00009ab8                __divdi3
 .text          0x00009d64      0x270 /usr/bin/../lib/gcc/arm-none-eabi/4.9.3/armv7-m/libgcc.a(_udivdi3.o)
                0x00009d64                __udivdi3
 .text.__errno  0x00009fd4        0xc /usr/bin/../lib/gcc/arm-none-eabi/4.9.3/../../../../arm-none-eabi/lib/armv7-m/libc.a(lib_a-errno.o)
                0x00009fd4                __errno
 .text.memcmp   0x00009fe0       0x64 /usr/bin/../lib/gcc/arm-none-eabi/4.9.3/../../../../arm-none-eabi/lib/armv7-m/libc.a(lib_a-memcmp.o)
                0x00009fe0                memcmp
 .text          0x0000a044       0xec /usr/bin/../lib/gcc/arm-none-eabi/4.9.3/../../../../arm-none-eabi/lib/armv7-m/libc.a(lib_a-memcpy.o)
                0x0000a044                memcpy
 .text.memset   0x0000a130       0x9c /usr/bin/../lib/gcc/arm-none-eabi/4.9.3/../../../../arm-none-eabi/lib/armv7-m/libc.a(lib_a-memset.o)
                0x0000a130                memset
 .text.srand    0x0000a1cc       0x14 /usr/bin/../lib/gcc/arm-none-eabi/4.9.3/../../../../arm-none-eabi/lib/armv7-m/libc.a(lib_a-rand.o)
                0x0000a1cc                srand
 .text.rand     0x0000a1e0       0x40 /usr/bin/../lib/gcc/arm-none-eabi/4.9.3/../../../../arm-none-eabi/lib/armv7-m/libc.a(lib_a-rand.o)
                0x0000a1e0                rand
 .text          0x0000a220      0x1bc /usr/bin/../lib/gcc/arm-none-eabi/4.9.3/../../../../arm-none-eabi/lib/armv7-m/libc.a(lib_a-strcmp.o)
                0x0000a220                strcmp
 .text.strlen   0x0000a3dc       0x5c /usr/bin/../lib/gcc/arm-none-eabi/4.9.3/../../../../arm-none-eabi/lib/armv7-m/libc.a(lib_a-strlen.o)
                0x0000a3dc                strlen
 *(SORT(.rodata*))
 .rodata.dp_h   0x0000a438       0x10 /usr/bin/../lib/gcc/arm-none-eabi/4.9.3/../../../../arm-none-eabi/lib/armv7-m/libm.a(lib_a-e_pow.o)
 .rodata.dp_l   0x0000a448       0x10 /usr/bin/../lib/gcc/arm-none-eabi/4.9.3/../../../../arm-none-eabi/lib/armv7-m/libm.a(lib_a-e_pow.o)
 .rodata.bp     0x0000a458       0x10 /usr/bin/../lib/gcc/arm-none-eabi/4.9.3/../../../../arm-none-eabi/lib/armv7-m/libm.a(lib_a-e_pow.o)
 .rodata.TWO52  0x0000a468       0x10 /usr/bin/../lib/gcc/arm-none-eabi/4.9.3/../../../../arm-none-eabi/lib/armv7-m/libm.a(lib_a-s_rint.o)
 .rodata.autostart_processes
                0x0000a478        0xc prac1.co
                0x0000a478                autostart_processes
 .rodata.str1.4
                0x0000a484       0x7a prac1.co
                                 0x7e (size before relaxing)
 *fill*         0x0000a4fe        0x2 00000000
 .rodata.str1.4
                0x0000a500       0xa1 contiki-srf06-cc26xx.a(contiki-main.o)
 *fill*         0x0000a5a1        0x3 00000000
 .rodata.str1.4
                0x0000a5a4        0x8 contiki-srf06-cc26xx.a(sensors.o)
 .rodata.str1.4
                0x0000a5ac        0x7 contiki-srf06-cc26xx.a(bmp-280-sensor.)
 *fill*         0x0000a5b3        0x1 00000000
 .rodata.bmp_280_sensor
                0x0000a5b4       0x10 contiki-srf06-cc26xx.a(bmp-280-sensor.)
                0x0000a5b4                bmp_280_sensor
 .rodata.tmp_007_sensor
                0x0000a5c4       0x10 contiki-srf06-cc26xx.a(tmp-007-sensor.)
                0x0000a5c4                tmp_007_sensor
 .rodata.str1.4
                0x0000a5d4        0x7 contiki-srf06-cc26xx.a(tmp-007-sensor.)
 *fill*         0x0000a5db        0x1 00000000
 .rodata.str1.4
                0x0000a5dc        0x8 contiki-srf06-cc26xx.a(opt-3001-sensor)
 .rodata.opt_3001_sensor
                0x0000a5e4       0x10 contiki-srf06-cc26xx.a(opt-3001-sensor)
                0x0000a5e4                opt_3001_sensor
 .rodata.hdc_1000_sensor
                0x0000a5f4       0x10 contiki-srf06-cc26xx.a(hdc-1000-sensor)
                0x0000a5f4                hdc_1000_sensor
 .rodata.str1.4
                0x0000a604        0x8 contiki-srf06-cc26xx.a(hdc-1000-sensor)
 .rodata.mpu_9250_sensor
                0x0000a60c       0x10 contiki-srf06-cc26xx.a(mpu-9250-sensor)
                0x0000a60c                mpu_9250_sensor
 .rodata.str1.4
                0x0000a61c        0x8 contiki-srf06-cc26xx.a(mpu-9250-sensor)
 .rodata.str1.4
                0x0000a624        0x7 contiki-srf06-cc26xx.a(button-sensor.o)
 *fill*         0x0000a62b        0x1 00000000
 .rodata.button_left_sensor
                0x0000a62c       0x10 contiki-srf06-cc26xx.a(button-sensor.o)
                0x0000a62c                button_left_sensor
 .rodata.button_right_sensor
                0x0000a63c       0x10 contiki-srf06-cc26xx.a(button-sensor.o)
                0x0000a63c                button_right_sensor
 .rodata.str1.4
                0x0000a64c        0x5 contiki-srf06-cc26xx.a(reed-relay.o)
 *fill*         0x0000a651        0x3 00000000
 .rodata.reed_relay_sensor
                0x0000a654       0x10 contiki-srf06-cc26xx.a(reed-relay.o)
                0x0000a654                reed_relay_sensor
 .rodata.output_power
                0x0000a664       0x68 contiki-srf06-cc26xx.a(ieee-mode.o)
 .rodata.ieee_mode_driver
                0x0000a6cc       0x38 contiki-srf06-cc26xx.a(ieee-mode.o)
                0x0000a6cc                ieee_mode_driver
 .rodata.mode_ieee
                0x0000a704        0x8 contiki-srf06-cc26xx.a(ieee-mode.o)
 .rodata.str1.4
                0x0000a70c       0x46 contiki-srf06-cc26xx.a(strformat.o)
 *fill*         0x0000a752        0x2 00000000
 .rodata.buffer.4019
                0x0000a754       0x10 contiki-srf06-cc26xx.a(strformat.o)
 .rodata.buffer.4028
                0x0000a764       0x10 contiki-srf06-cc26xx.a(strformat.o)
 .rodata.str1.4
                0x0000a774        0xf contiki-srf06-cc26xx.a(ctimer.o)
 *fill*         0x0000a783        0x1 00000000
 .rodata.str1.4
                0x0000a784        0xc contiki-srf06-cc26xx.a(etimer.o)
 .rodata.str1.4
                0x0000a790        0xe contiki-srf06-cc26xx.a(serial-line.o)
 *fill*         0x0000a79e        0x2 00000000
 .rodata.str1.4
                0x0000a7a0        0x5 contiki-srf06-cc26xx.a(rime.o)
 *fill*         0x0000a7a5        0x3 00000000
 .rodata.rime_driver
                0x0000a7a8        0xc contiki-srf06-cc26xx.a(rime.o)
                0x0000a7a8                rime_driver
 .rodata.linkaddr_null
                0x0000a7b4        0x2 contiki-srf06-cc26xx.a(linkaddr.o)
                0x0000a7b4                linkaddr_null
 *fill*         0x0000a7b6        0x2 00000000
 .rodata.str1.4
                0x0000a7b8        0x5 contiki-srf06-cc26xx.a(csma.o)
 *fill*         0x0000a7bd        0x3 00000000
 .rodata.csma_driver
                0x0000a7c0       0x1c contiki-srf06-cc26xx.a(csma.o)
                0x0000a7c0                csma_driver
 .rodata.str1.4
                0x0000a7dc        0xb contiki-srf06-cc26xx.a(contikimac.o)
 *fill*         0x0000a7e7        0x1 00000000
 .rodata.contikimac_driver
                0x0000a7e8       0x20 contiki-srf06-cc26xx.a(contikimac.o)
                0x0000a7e8                contikimac_driver
 .rodata.str1.4
                0x0000a808        0x8 contiki-srf06-cc26xx.a(nullsec.o)
 .rodata.nullsec_driver
                0x0000a810       0x10 contiki-srf06-cc26xx.a(nullsec.o)
                0x0000a810                nullsec_driver
 .rodata        0x0000a820        0x4 contiki-srf06-cc26xx.a(ext-flash.o)
 .rodata.str1.4
                0x0000a824       0x46 contiki-srf06-cc26xx.a(rf-core.o)
 *fill*         0x0000a86a        0x2 00000000
 .rodata.attributes
                0x0000a86c        0x2 contiki-srf06-cc26xx.a(abc.o)
 *fill*         0x0000a86e        0x2 00000000
 .rodata.broadcast_callbacks
                0x0000a870        0x8 contiki-srf06-cc26xx.a(broadcast-annou)
 .rodata.attributes
                0x0000a878        0x4 contiki-srf06-cc26xx.a(broadcast.o)
 .rodata.broadcast
                0x0000a87c        0x8 contiki-srf06-cc26xx.a(broadcast.o)
 .rodata.framer_802154
                0x0000a884        0xc contiki-srf06-cc26xx.a(framer-802154.o)
                0x0000a884                framer_802154
 .rodata.chameleon_bitopt
                0x0000a890        0xc contiki-srf06-cc26xx.a(chameleon-bitop)
                0x0000a890                chameleon_bitopt
 .rodata.bitmask
                0x0000a89c        0x9 contiki-srf06-cc26xx.a(chameleon-bitop)
 *fill*         0x0000a8a5        0x3 00000000
 .rodata.str1.4
                0x0000a8a8        0x4 /usr/bin/../lib/gcc/arm-none-eabi/4.9.3/../../../../arm-none-eabi/lib/armv7-m/libm.a(lib_a-w_pow.o)
 .rodata.str1.4
                0x00000000        0x4 /usr/bin/../lib/gcc/arm-none-eabi/4.9.3/../../../../arm-none-eabi/lib/armv7-m/libm.a(lib_a-e_pow.o)
                                  0x1 (size before relaxing)
 .rodata.str1.4
                0x0000a8ac        0x4 /usr/bin/../lib/gcc/arm-none-eabi/4.9.3/../../../../arm-none-eabi/lib/armv7-m/libc.a(lib_a-impure.o)
                                  0x2 (size before relaxing)
                0x0000a8b0                _etext = .

.glue_7         0x0000a8b0        0x0
 .glue_7        0x00000000        0x0 linker stubs

.glue_7t        0x0000a8b0        0x0
 .glue_7t       0x00000000        0x0 linker stubs

.vfp11_veneer   0x0000a8b0        0x0
 .vfp11_veneer  0x00000000        0x0 linker stubs

.v4_bx          0x0000a8b0        0x0
 .v4_bx         0x00000000        0x0 linker stubs

.iplt           0x0000a8b0        0x0
 .iplt          0x00000000        0x0 obj_srf06-cc26xx/startup_gcc.o

.data           0x20000000      0x58c load address 0x0000a8b0
                0x20000000                _data = .
 *(SORT(vtable))
 *(SORT(.data*))
 .data.impure_data
                0x20000000      0x428 /usr/bin/../lib/gcc/arm-none-eabi/4.9.3/../../../../arm-none-eabi/lib/armv7-m/libc.a(lib_a-impure.o)
 .data.procLEDs
                0x20000428       0x10 prac1.co
                0x20000428                procLEDs
 .data.procKeys
                0x20000438       0x10 prac1.co
                0x20000438                procKeys
 .data.buz_freq
                0x20000448        0x4 prac1.co
                0x20000448                buz_freq
 .data.sensors_process
                0x2000044c       0x10 contiki-srf06-cc26xx.a(sensors.o)
                0x2000044c                sensors_process
 .data.sensors  0x2000045c       0x24 contiki-srf06-cc26xx.a(sensortag-senso)
                0x2000045c                sensors
 .data.buzzer_module
                0x20000480       0x14 contiki-srf06-cc26xx.a(buzzer.o)
 .data.sensortag_module
                0x20000494       0x14 contiki-srf06-cc26xx.a(board.o)
 .data.uart_module
                0x200004a8       0x14 contiki-srf06-cc26xx.a(cc26xx-uart.o)
 .data.cc26xx_rf_lpm_module
                0x200004bc       0x14 contiki-srf06-cc26xx.a(ieee-mode.o)
 .data.tx_power_current
                0x200004d0        0x4 contiki-srf06-cc26xx.a(ieee-mode.o)
                0x200004d0                tx_power_current
 .data.ieee_overrides
                0x200004d4       0x2c contiki-srf06-cc26xx.a(ieee-mode.o)
 .data.ctxt     0x20000500        0x8 contiki-srf06-cc26xx.a(dbg-printf.o)
 .data.ctimer_process
                0x20000508       0x10 contiki-srf06-cc26xx.a(ctimer.o)
                0x20000508                ctimer_process
 .data.etimer_process
                0x20000518       0x10 contiki-srf06-cc26xx.a(etimer.o)
                0x20000518                etimer_process
 .data.serial_line_process
                0x20000528       0x10 contiki-srf06-cc26xx.a(serial-line.o)
                0x20000528                serial_line_process
 .data.bufmem   0x20000538        0xc contiki-srf06-cc26xx.a(queuebuf.o)
 .data.buframmem
                0x20000544        0xc contiki-srf06-cc26xx.a(queuebuf.o)
 .data.metadata_memb
                0x20000550        0xc contiki-srf06-cc26xx.a(csma.o)
 .data.neighbor_memb
                0x2000055c        0xc contiki-srf06-cc26xx.a(csma.o)
 .data.packet_memb
                0x20000568        0xc contiki-srf06-cc26xx.a(csma.o)
 .data.rf_core_process
                0x20000574       0x10 contiki-srf06-cc26xx.a(rf-core.o)
                0x20000574                rf_core_process
 .data._impure_ptr
                0x20000584        0x4 /usr/bin/../lib/gcc/arm-none-eabi/4.9.3/../../../../arm-none-eabi/lib/armv7-m/libc.a(lib_a-impure.o)
                0x20000584                _impure_ptr
 .data.mac_pan_id
                0x20000588        0x2 contiki-srf06-cc26xx.a(frame802154.o)
 .data.interface
                0x2000058a        0x1 contiki-srf06-cc26xx.a(board-i2c.o)
 .data.__fdlib_version
                0x2000058b        0x1 /usr/bin/../lib/gcc/arm-none-eabi/4.9.3/../../../../arm-none-eabi/lib/armv7-m/libm.a(lib_a-s_lib_ver.o)
                0x2000058b                __fdlib_version
                0x2000058c                _edata = .

.igot.plt       0x2000058c        0x0 load address 0x0000ae3c
 .igot.plt      0x00000000        0x0 obj_srf06-cc26xx/startup_gcc.o

.ARM.exidx      0x0000ae3c        0x8
 *(SORT(.ARM.exidx*))
 .ARM.exidx     0x0000ae3c        0x8 /usr/bin/../lib/gcc/arm-none-eabi/4.9.3/armv7-m/libgcc.a(_divdi3.o)
 .ARM.exidx     0x0000ae44        0x0 /usr/bin/../lib/gcc/arm-none-eabi/4.9.3/armv7-m/libgcc.a(_udivdi3.o)
                                  0x8 (size before relaxing)

.bss            0x20000590     0x11e2
                0x20000590                _bss = .
 *(SORT(.bss*))
 .bss.count     0x20000590        0x8 contiki-srf06-cc26xx.a(clock.o)
 .bss.led_ctimer
                0x20000598       0x20 prac1.co
 .bss.buz_count
                0x200005b8        0x4 prac1.co
                0x200005b8                buz_count
 .bss.buz_state
                0x200005bc        0x4 prac1.co
                0x200005bc                buz_state
 .bss.led_state
                0x200005c0        0x4 prac1.co
                0x200005c0                led_state
 .bss.buz_ctimer
                0x200005c4       0x20 prac1.co
 .bss.i.4813    0x200005e4        0x4 contiki-srf06-cc26xx.a(sensors.o)
 .bss.events.4814
                0x200005e8        0x4 contiki-srf06-cc26xx.a(sensors.o)
 .bss.inited    0x200005ec        0x4 contiki-srf06-cc26xx.a(leds-arch.o)
 .bss.sensor_value
                0x200005f0        0x6 contiki-srf06-cc26xx.a(bmp-280-sensor.)
 *fill*         0x200005f6        0x2 
 .bss.calibration_data
                0x200005f8       0x18 contiki-srf06-cc26xx.a(bmp-280-sensor.)
 .bss.startup_timer
                0x20000610       0x20 contiki-srf06-cc26xx.a(bmp-280-sensor.)
 .bss.enabled   0x20000630        0x4 contiki-srf06-cc26xx.a(bmp-280-sensor.)
 .bss.obj_temp_latched
                0x20000634        0x4 contiki-srf06-cc26xx.a(tmp-007-sensor.)
 .bss.startup_timer
                0x20000638       0x20 contiki-srf06-cc26xx.a(tmp-007-sensor.)
 .bss.enabled   0x20000658        0x4 contiki-srf06-cc26xx.a(tmp-007-sensor.)
 .bss.buf       0x2000065c        0x4 contiki-srf06-cc26xx.a(tmp-007-sensor.)
 .bss.amb_temp_latched
                0x20000660        0x4 contiki-srf06-cc26xx.a(tmp-007-sensor.)
 .bss.startup_timer
                0x20000664       0x20 contiki-srf06-cc26xx.a(opt-3001-sensor)
 .bss.state     0x20000684        0x4 contiki-srf06-cc26xx.a(opt-3001-sensor)
 .bss.startup_timer
                0x20000688       0x20 contiki-srf06-cc26xx.a(hdc-1000-sensor)
 .bss.enabled   0x200006a8        0x4 contiki-srf06-cc26xx.a(hdc-1000-sensor)
 .bss.data      0x200006ac        0x4 contiki-srf06-cc26xx.a(hdc-1000-sensor)
 .bss.sensor_value
                0x200006b0        0x6 contiki-srf06-cc26xx.a(mpu-9250-sensor)
 *fill*         0x200006b6        0x2 
 .bss.startup_timer
                0x200006b8       0x20 contiki-srf06-cc26xx.a(mpu-9250-sensor)
 .bss.state     0x200006d8        0x4 contiki-srf06-cc26xx.a(mpu-9250-sensor)
 .bss.elements  0x200006dc        0x4 contiki-srf06-cc26xx.a(mpu-9250-sensor)
 .bss.left_timer
                0x200006e0       0x10 contiki-srf06-cc26xx.a(button-sensor.o)
 .bss.debouncetimer
                0x200006f0        0x8 contiki-srf06-cc26xx.a(reed-relay.o)
 .bss.last_isr_time
                0x200006f8        0x4 contiki-srf06-cc26xx.a(soc-rtc.o)
 .bss.input_handler
                0x200006fc        0x4 contiki-srf06-cc26xx.a(cc26xx-uart.o)
 .bss.modules_list_list
                0x20000700        0x4 contiki-srf06-cc26xx.a(lpm.o)
 .bss.handlers  0x20000704       0x80 contiki-srf06-cc26xx.a(gpio-interrupt.)
 .bss.rf_stats  0x20000784       0x10 contiki-srf06-cc26xx.a(ieee-mode.o)
 .bss.rx_data_queue
                0x20000794        0x8 contiki-srf06-cc26xx.a(ieee-mode.o)
 .bss.rx_read_entry
                0x2000079c        0x4 contiki-srf06-cc26xx.a(ieee-mode.o)
 .bss.cmd_ieee_rx_buf
                0x200007a0       0x80 contiki-srf06-cc26xx.a(ieee-mode.o)
 .bss.tx_buf    0x20000820       0xb6 contiki-srf06-cc26xx.a(ieee-mode.o)
 *fill*         0x200008d6        0x2 
 .bss.rx_buf_1  0x200008d8       0x8c contiki-srf06-cc26xx.a(ieee-mode.o)
 .bss.rx_buf_0  0x20000964       0x8c contiki-srf06-cc26xx.a(ieee-mode.o)
 .bss.rx_buf_2  0x200009f0       0x8c contiki-srf06-cc26xx.a(ieee-mode.o)
 .bss.rx_buf_3  0x20000a7c       0x8c contiki-srf06-cc26xx.a(ieee-mode.o)
 .bss.ctimer_list_list
                0x20000b08        0x4 contiki-srf06-cc26xx.a(ctimer.o)
 .bss.timerlist
                0x20000b0c        0x4 contiki-srf06-cc26xx.a(etimer.o)
 .bss.next_expiration
                0x20000b10        0x4 contiki-srf06-cc26xx.a(etimer.o)
 .bss.p.5177    0x20000b14        0x4 contiki-srf06-cc26xx.a(process.o)
 .bss.process_current
                0x20000b18        0x4 contiki-srf06-cc26xx.a(process.o)
                0x20000b18                process_current
 .bss.process_list
                0x20000b1c        0x4 contiki-srf06-cc26xx.a(process.o)
                0x20000b1c                process_list
 .bss.events    0x20000b20      0x180 contiki-srf06-cc26xx.a(process.o)
 .bss.data.5175
                0x20000ca0        0x4 contiki-srf06-cc26xx.a(process.o)
 .bss.receiver.5176
                0x20000ca4        0x4 contiki-srf06-cc26xx.a(process.o)
 .bss.next_rtimer
                0x20000ca8        0x4 contiki-srf06-cc26xx.a(rtimer.o)
 .bss.rxbuf_data
                0x20000cac       0x80 contiki-srf06-cc26xx.a(serial-line.o)
 .bss.rxbuf     0x20000d2c        0x8 contiki-srf06-cc26xx.a(serial-line.o)
 .bss.buf.4797  0x20000d34       0x80 contiki-srf06-cc26xx.a(serial-line.o)
 .bss.ptr.4798  0x20000db4        0x4 contiki-srf06-cc26xx.a(serial-line.o)
 .bss.sniffers_list
                0x20000db8        0x4 contiki-srf06-cc26xx.a(rime.o)
 .bss.powerQualGlobals
                0x20000dbc        0x8 contiki-srf06-cc26xx.a(sys_ctrl.o)
 .bss.packetbufptr
                0x20000dc4        0x4 contiki-srf06-cc26xx.a(packetbuf.o)
 .bss.packetbuf_aligned
                0x20000dc8       0xb0 contiki-srf06-cc26xx.a(packetbuf.o)
 .bss.buframmem_memb_count
                0x20000e78        0x8 contiki-srf06-cc26xx.a(queuebuf.o)
 .bss.bufmem_memb_mem
                0x20000e80       0x20 contiki-srf06-cc26xx.a(queuebuf.o)
 .bss.buframmem_memb_mem
                0x20000ea0      0x5f0 contiki-srf06-cc26xx.a(queuebuf.o)
 .bss.bufmem_memb_count
                0x20001490        0x8 contiki-srf06-cc26xx.a(queuebuf.o)
 .bss.metadata_memb_memb_count
                0x20001498        0x8 contiki-srf06-cc26xx.a(csma.o)
 .bss.packet_memb_memb_count
                0x200014a0        0x8 contiki-srf06-cc26xx.a(csma.o)
 .bss.metadata_memb_memb_mem
                0x200014a8       0x60 contiki-srf06-cc26xx.a(csma.o)
 .bss.neighbor_list_list
                0x20001508        0x4 contiki-srf06-cc26xx.a(csma.o)
 .bss.packet_memb_memb_mem
                0x2000150c       0x60 contiki-srf06-cc26xx.a(csma.o)
 .bss.neighbor_memb_memb_count
                0x2000156c        0x2 contiki-srf06-cc26xx.a(csma.o)
 *fill*         0x2000156e        0x2 
 .bss.neighbor_memb_memb_mem
                0x20001570       0x68 contiki-srf06-cc26xx.a(csma.o)
 .bss.cycle_start
                0x200015d8        0x4 contiki-srf06-cc26xx.a(contikimac.o)
 .bss.we_are_receiving_burst
                0x200015dc        0x4 contiki-srf06-cc26xx.a(contikimac.o)
 .bss.rt        0x200015e0        0xc contiki-srf06-cc26xx.a(contikimac.o)
 .bss.ct.7059   0x200015ec       0x20 contiki-srf06-cc26xx.a(contikimac.o)
 .bss.pt        0x2000160c        0x2 contiki-srf06-cc26xx.a(contikimac.o)
 *fill*         0x2000160e        0x2 
 .bss.start.6984
                0x20001610        0x4 contiki-srf06-cc26xx.a(contikimac.o)
 .bss.buffer    0x20001614       0x20 contiki-srf06-cc26xx.a(sensor-common.o)
 .bss.last_radio_op
                0x20001634        0x4 contiki-srf06-cc26xx.a(rf-core.o)
 .bss.primary_mode
                0x20001638        0x4 contiki-srf06-cc26xx.a(rf-core.o)
 .bss.announcements_list
                0x2000163c        0x4 contiki-srf06-cc26xx.a(announcement.o)
 .bss.observer_callback
                0x20001640        0x4 contiki-srf06-cc26xx.a(announcement.o)
 .bss.c         0x20001644       0x6c contiki-srf06-cc26xx.a(broadcast-annou)
 .bss.channel_list_list
                0x200016b0        0x4 contiki-srf06-cc26xx.a(channel.o)
 .bss.received_seqnos
                0x200016b4       0x40 contiki-srf06-cc26xx.a(mac-sequence.o)
 .bss.val       0x200016f4        0x2 contiki-srf06-cc26xx.a(tmp-007-sensor.)
 .bss.raw_temp  0x200016f6        0x2 contiki-srf06-cc26xx.a(hdc-1000-sensor)
 .bss.raw_hum   0x200016f8        0x2 contiki-srf06-cc26xx.a(hdc-1000-sensor)
 .bss.buflen    0x200016fa        0x2 contiki-srf06-cc26xx.a(packetbuf.o)
 .bss.bufptr    0x200016fc        0x2 contiki-srf06-cc26xx.a(packetbuf.o)
 .bss.seqno.6234
                0x200016fe        0x2 contiki-srf06-cc26xx.a(csma.o)
 .bss.num_sensors
                0x20001700        0x1 contiki-srf06-cc26xx.a(sensors.o)
 .bss.leds      0x20001701        0x1 contiki-srf06-cc26xx.a(leds.o)
 .bss.c         0x20001702        0x1 contiki-srf06-cc26xx.a(leds-arch.o)
 .bss.success   0x20001703        0x1 contiki-srf06-cc26xx.a(hdc-1000-sensor)
 .bss.interrupt_status
                0x20001704        0x1 contiki-srf06-cc26xx.a(mpu-9250-sensor)
 .bss.acc_range_reg
                0x20001705        0x1 contiki-srf06-cc26xx.a(mpu-9250-sensor)
 .bss.mpu_config
                0x20001706        0x1 contiki-srf06-cc26xx.a(mpu-9250-sensor)
 .bss.acc_range
                0x20001707        0x1 contiki-srf06-cc26xx.a(mpu-9250-sensor)
 .bss.val       0x20001708        0x1 contiki-srf06-cc26xx.a(mpu-9250-sensor)
 .bss.buzzer_on
                0x20001709        0x1 contiki-srf06-cc26xx.a(buzzer.o)
 .bss.slave_addr
                0x2000170a        0x1 contiki-srf06-cc26xx.a(board-i2c.o)
 .bss.initialized
                0x2000170b        0x1 contiki-srf06-cc26xx.a(ctimer.o)
 .bss.fevent    0x2000170c        0x1 contiki-srf06-cc26xx.a(process.o)
 .bss.ev.5174   0x2000170d        0x1 contiki-srf06-cc26xx.a(process.o)
 .bss.nevents   0x2000170e        0x1 contiki-srf06-cc26xx.a(process.o)
 .bss.snum.5192
                0x2000170f        0x1 contiki-srf06-cc26xx.a(process.o)
 .bss.poll_requested
                0x20001710        0x1 contiki-srf06-cc26xx.a(process.o)
 .bss.lastevent
                0x20001711        0x1 contiki-srf06-cc26xx.a(process.o)
 .bss.overflow.4791
                0x20001712        0x1 contiki-srf06-cc26xx.a(serial-line.o)
 .bss.hdrptr    0x20001713        0x1 contiki-srf06-cc26xx.a(packetbuf.o)
 .bss.initialized.6233
                0x20001714        0x1 contiki-srf06-cc26xx.a(csma.o)
 .bss.count.6979
                0x20001715        0x1 contiki-srf06-cc26xx.a(contikimac.o)
 .bss.periods.6986
                0x20001716        0x1 contiki-srf06-cc26xx.a(contikimac.o)
 .bss.radio_is_on
                0x20001717        0x1 contiki-srf06-cc26xx.a(contikimac.o)
 .bss.we_are_sending
                0x20001718        0x1 contiki-srf06-cc26xx.a(contikimac.o)
 .bss.contikimac_keep_radio_on
                0x20001719        0x1 contiki-srf06-cc26xx.a(contikimac.o)
 .bss.silence_periods.6985
                0x2000171a        0x1 contiki-srf06-cc26xx.a(contikimac.o)
 .bss.contikimac_is_on
                0x2000171b        0x1 contiki-srf06-cc26xx.a(contikimac.o)
 .bss.packet_seen.6978
                0x2000171c        0x1 contiki-srf06-cc26xx.a(contikimac.o)
 .bss.ble_mode_on
                0x2000171d        0x1 contiki-srf06-cc26xx.a(rf-ble.o)
 .bss.mac_dsn   0x2000171e        0x1 contiki-srf06-cc26xx.a(framer-802154.o)
 .bss.initialized
                0x2000171f        0x1 contiki-srf06-cc26xx.a(framer-802154.o)
 *(SORT(COMMON))
 COMMON         0x20001720        0x9 contiki-srf06-cc26xx.a(sensortag-senso)
                0x20001720                sensors_flags
 *fill*         0x20001729        0x3 
 COMMON         0x2000172c        0x4 contiki-srf06-cc26xx.a(mpu-9250-sensor)
                0x2000172c                t0
 COMMON         0x20001730        0x2 contiki-srf06-cc26xx.a(linkaddr.o)
                0x20001730                linkaddr_node_addr
 *fill*         0x20001732        0x2 
 COMMON         0x20001734       0x3c contiki-srf06-cc26xx.a(packetbuf.o)
                0x20001734                packetbuf_addrs
                0x2000173c                packetbuf_attrs
 COMMON         0x20001770        0x1 contiki-srf06-cc26xx.a(sensors.o)
                0x20001770                sensors_event
 COMMON         0x20001771        0x1 contiki-srf06-cc26xx.a(serial-line.o)
                0x20001771                serial_line_event_message
                0x20001772                _ebss = .

.ccfg           0x0001ffa8       0x58
 *(SORT(.ccfg))
 .ccfg          0x0001ffa8       0x58 obj_srf06-cc26xx/ccfg.o
                0x0001ffa8                __ccfg

.rel.dyn        0x00020000        0x0
 .rel.iplt      0x00000000        0x0 obj_srf06-cc26xx/startup_gcc.o

._user_heap_stack
                0x20001772      0x102
                0x20001774                . = ALIGN (0x4)
 *fill*         0x20001772        0x2 
                0x20001774                . = (. + _Min_Heap_Size)
                0x20001874                . = (. + _Min_Stack_Size)
 *fill*         0x20001774      0x100 
                0x20001874                . = ALIGN (0x4)

.gpram
OUTPUT(prac1.elf elf32-littlearm)

.comment        0x00000000       0x70
 .comment       0x00000000       0x70 obj_srf06-cc26xx/fault-handlers.o
                                 0x71 (size before relaxing)
 .comment       0x00000000       0x71 obj_srf06-cc26xx/ccfg.o
 .comment       0x00000000       0x71 obj_srf06-cc26xx/startup_gcc.o
 .comment       0x00000000       0x71 prac1.co
 .comment       0x00000000       0x71 contiki-srf06-cc26xx.a(contiki-main.o)
 .comment       0x00000000       0x71 contiki-srf06-cc26xx.a(sensors.o)
 .comment       0x00000000       0x71 contiki-srf06-cc26xx.a(leds.o)
 .comment       0x00000000       0x71 contiki-srf06-cc26xx.a(leds-arch.o)
 .comment       0x00000000       0x71 contiki-srf06-cc26xx.a(sensortag-senso)
 .comment       0x00000000       0x71 contiki-srf06-cc26xx.a(bmp-280-sensor.)
 .comment       0x00000000       0x71 contiki-srf06-cc26xx.a(tmp-007-sensor.)
 .comment       0x00000000       0x71 contiki-srf06-cc26xx.a(opt-3001-sensor)
 .comment       0x00000000       0x71 contiki-srf06-cc26xx.a(hdc-1000-sensor)
 .comment       0x00000000       0x71 contiki-srf06-cc26xx.a(mpu-9250-sensor)
 .comment       0x00000000       0x71 contiki-srf06-cc26xx.a(button-sensor.o)
 .comment       0x00000000       0x71 contiki-srf06-cc26xx.a(reed-relay.o)
 .comment       0x00000000       0x71 contiki-srf06-cc26xx.a(buzzer.o)
 .comment       0x00000000       0x71 contiki-srf06-cc26xx.a(board.o)
 .comment       0x00000000       0x71 contiki-srf06-cc26xx.a(board-i2c.o)
 .comment       0x00000000       0x71 contiki-srf06-cc26xx.a(clock.o)
 .comment       0x00000000       0x71 contiki-srf06-cc26xx.a(rtimer-arch.o)
 .comment       0x00000000       0x71 contiki-srf06-cc26xx.a(soc-rtc.o)
 .comment       0x00000000       0x71 contiki-srf06-cc26xx.a(contiki-watchdo)
 .comment       0x00000000       0x71 contiki-srf06-cc26xx.a(putchar.o)
 .comment       0x00000000       0x71 contiki-srf06-cc26xx.a(ieee-addr.o)
 .comment       0x00000000       0x71 contiki-srf06-cc26xx.a(cc26xx-uart.o)
 .comment       0x00000000       0x71 contiki-srf06-cc26xx.a(lpm.o)
 .comment       0x00000000       0x71 contiki-srf06-cc26xx.a(gpio-interrupt.)
 .comment       0x00000000       0x71 contiki-srf06-cc26xx.a(oscillators.o)
 .comment       0x00000000       0x71 contiki-srf06-cc26xx.a(ieee-mode.o)
 .comment       0x00000000       0x71 contiki-srf06-cc26xx.a(dbg-printf.o)
 .comment       0x00000000       0x71 contiki-srf06-cc26xx.a(strformat.o)
 .comment       0x00000000       0x71 contiki-srf06-cc26xx.a(autostart.o)
 .comment       0x00000000       0x71 contiki-srf06-cc26xx.a(ctimer.o)
 .comment       0x00000000       0x71 contiki-srf06-cc26xx.a(energest.o)
 .comment       0x00000000       0x71 contiki-srf06-cc26xx.a(etimer.o)
 .comment       0x00000000       0x71 contiki-srf06-cc26xx.a(process.o)
 .comment       0x00000000       0x71 contiki-srf06-cc26xx.a(rtimer.o)
 .comment       0x00000000       0x71 contiki-srf06-cc26xx.a(timer.o)
 .comment       0x00000000       0x71 contiki-srf06-cc26xx.a(serial-line.o)
 .comment       0x00000000       0x71 contiki-srf06-cc26xx.a(list.o)
 .comment       0x00000000       0x71 contiki-srf06-cc26xx.a(random.o)
 .comment       0x00000000       0x71 contiki-srf06-cc26xx.a(ringbuf.o)
 .comment       0x00000000       0x71 contiki-srf06-cc26xx.a(rime.o)
 .comment       0x00000000       0x71 contiki-srf06-cc26xx.a(aon_rtc.o)
 .comment       0x00000000       0x71 contiki-srf06-cc26xx.a(cpu.o)
 .comment       0x00000000       0x71 contiki-srf06-cc26xx.a(ddi.o)
 .comment       0x00000000       0x71 contiki-srf06-cc26xx.a(osc.o)
 .comment       0x00000000       0x71 contiki-srf06-cc26xx.a(pwr_ctrl.o)
 .comment       0x00000000       0x71 contiki-srf06-cc26xx.a(setup.o)
 .comment       0x00000000       0x71 contiki-srf06-cc26xx.a(sys_ctrl.o)
 .comment       0x00000000       0x71 contiki-srf06-cc26xx.a(linkaddr.o)
 .comment       0x00000000       0x71 contiki-srf06-cc26xx.a(netstack.o)
 .comment       0x00000000       0x71 contiki-srf06-cc26xx.a(packetbuf.o)
 .comment       0x00000000       0x71 contiki-srf06-cc26xx.a(queuebuf.o)
 .comment       0x00000000       0x71 contiki-srf06-cc26xx.a(csma.o)
 .comment       0x00000000       0x71 contiki-srf06-cc26xx.a(mac.o)
 .comment       0x00000000       0x71 contiki-srf06-cc26xx.a(contikimac.o)
 .comment       0x00000000       0x71 contiki-srf06-cc26xx.a(nullsec.o)
 .comment       0x00000000       0x71 contiki-srf06-cc26xx.a(sensor-common.o)
 .comment       0x00000000       0x71 contiki-srf06-cc26xx.a(ext-flash.o)
 .comment       0x00000000       0x71 contiki-srf06-cc26xx.a(board-spi.o)
 .comment       0x00000000       0x71 contiki-srf06-cc26xx.a(rf-core.o)
 .comment       0x00000000       0x71 contiki-srf06-cc26xx.a(rf-ble.o)
 .comment       0x00000000       0x71 contiki-srf06-cc26xx.a(memb.o)
 .comment       0x00000000       0x71 contiki-srf06-cc26xx.a(abc.o)
 .comment       0x00000000       0x71 contiki-srf06-cc26xx.a(announcement.o)
 .comment       0x00000000       0x71 contiki-srf06-cc26xx.a(broadcast-annou)
 .comment       0x00000000       0x71 contiki-srf06-cc26xx.a(broadcast.o)
 .comment       0x00000000       0x71 contiki-srf06-cc26xx.a(chameleon.o)
 .comment       0x00000000       0x71 contiki-srf06-cc26xx.a(channel.o)
 .comment       0x00000000       0x71 contiki-srf06-cc26xx.a(aon_batmon.o)
 .comment       0x00000000       0x71 contiki-srf06-cc26xx.a(chipinfo.o)
 .comment       0x00000000       0x71 contiki-srf06-cc26xx.a(framer-802154.o)
 .comment       0x00000000       0x71 contiki-srf06-cc26xx.a(mac-sequence.o)
 .comment       0x00000000       0x71 contiki-srf06-cc26xx.a(chameleon-bitop)
 .comment       0x00000000       0x71 contiki-srf06-cc26xx.a(frame802154.o)

.ARM.attributes
                0x00000000       0x31
 .ARM.attributes
                0x00000000       0x33 obj_srf06-cc26xx/fault-handlers.o
 .ARM.attributes
                0x00000033       0x33 obj_srf06-cc26xx/ccfg.o
 .ARM.attributes
                0x00000066       0x33 obj_srf06-cc26xx/startup_gcc.o
 .ARM.attributes
                0x00000099       0x33 prac1.co
 .ARM.attributes
                0x000000cc       0x33 contiki-srf06-cc26xx.a(contiki-main.o)
 .ARM.attributes
                0x000000ff       0x33 contiki-srf06-cc26xx.a(sensors.o)
 .ARM.attributes
                0x00000132       0x33 contiki-srf06-cc26xx.a(leds.o)
 .ARM.attributes
                0x00000165       0x33 contiki-srf06-cc26xx.a(leds-arch.o)
 .ARM.attributes
                0x00000198       0x33 contiki-srf06-cc26xx.a(sensortag-senso)
 .ARM.attributes
                0x000001cb       0x33 contiki-srf06-cc26xx.a(bmp-280-sensor.)
 .ARM.attributes
                0x000001fe       0x33 contiki-srf06-cc26xx.a(tmp-007-sensor.)
 .ARM.attributes
                0x00000231       0x33 contiki-srf06-cc26xx.a(opt-3001-sensor)
 .ARM.attributes
                0x00000264       0x33 contiki-srf06-cc26xx.a(hdc-1000-sensor)
 .ARM.attributes
                0x00000297       0x33 contiki-srf06-cc26xx.a(mpu-9250-sensor)
 .ARM.attributes
                0x000002ca       0x33 contiki-srf06-cc26xx.a(button-sensor.o)
 .ARM.attributes
                0x000002fd       0x33 contiki-srf06-cc26xx.a(reed-relay.o)
 .ARM.attributes
                0x00000330       0x33 contiki-srf06-cc26xx.a(buzzer.o)
 .ARM.attributes
                0x00000363       0x33 contiki-srf06-cc26xx.a(board.o)
 .ARM.attributes
                0x00000396       0x33 contiki-srf06-cc26xx.a(board-i2c.o)
 .ARM.attributes
                0x000003c9       0x33 contiki-srf06-cc26xx.a(clock.o)
 .ARM.attributes
                0x000003fc       0x33 contiki-srf06-cc26xx.a(rtimer-arch.o)
 .ARM.attributes
                0x0000042f       0x33 contiki-srf06-cc26xx.a(soc-rtc.o)
 .ARM.attributes
                0x00000462       0x33 contiki-srf06-cc26xx.a(contiki-watchdo)
 .ARM.attributes
                0x00000495       0x33 contiki-srf06-cc26xx.a(putchar.o)
 .ARM.attributes
                0x000004c8       0x33 contiki-srf06-cc26xx.a(ieee-addr.o)
 .ARM.attributes
                0x000004fb       0x33 contiki-srf06-cc26xx.a(cc26xx-uart.o)
 .ARM.attributes
                0x0000052e       0x33 contiki-srf06-cc26xx.a(lpm.o)
 .ARM.attributes
                0x00000561       0x33 contiki-srf06-cc26xx.a(gpio-interrupt.)
 .ARM.attributes
                0x00000594       0x33 contiki-srf06-cc26xx.a(oscillators.o)
 .ARM.attributes
                0x000005c7       0x33 contiki-srf06-cc26xx.a(ieee-mode.o)
 .ARM.attributes
                0x000005fa       0x33 contiki-srf06-cc26xx.a(dbg-printf.o)
 .ARM.attributes
                0x0000062d       0x33 contiki-srf06-cc26xx.a(strformat.o)
 .ARM.attributes
                0x00000660       0x33 contiki-srf06-cc26xx.a(autostart.o)
 .ARM.attributes
                0x00000693       0x33 contiki-srf06-cc26xx.a(ctimer.o)
 .ARM.attributes
                0x000006c6       0x33 contiki-srf06-cc26xx.a(energest.o)
 .ARM.attributes
                0x000006f9       0x33 contiki-srf06-cc26xx.a(etimer.o)
 .ARM.attributes
                0x0000072c       0x33 contiki-srf06-cc26xx.a(process.o)
 .ARM.attributes
                0x0000075f       0x33 contiki-srf06-cc26xx.a(rtimer.o)
 .ARM.attributes
                0x00000792       0x33 contiki-srf06-cc26xx.a(timer.o)
 .ARM.attributes
                0x000007c5       0x33 contiki-srf06-cc26xx.a(serial-line.o)
 .ARM.attributes
                0x000007f8       0x33 contiki-srf06-cc26xx.a(list.o)
 .ARM.attributes
                0x0000082b       0x33 contiki-srf06-cc26xx.a(random.o)
 .ARM.attributes
                0x0000085e       0x33 contiki-srf06-cc26xx.a(ringbuf.o)
 .ARM.attributes
                0x00000891       0x33 contiki-srf06-cc26xx.a(rime.o)
 .ARM.attributes
                0x000008c4       0x33 contiki-srf06-cc26xx.a(aon_rtc.o)
 .ARM.attributes
                0x000008f7       0x33 contiki-srf06-cc26xx.a(cpu.o)
 .ARM.attributes
                0x0000092a       0x33 contiki-srf06-cc26xx.a(ddi.o)
 .ARM.attributes
                0x0000095d       0x33 contiki-srf06-cc26xx.a(osc.o)
 .ARM.attributes
                0x00000990       0x33 contiki-srf06-cc26xx.a(pwr_ctrl.o)
 .ARM.attributes
                0x000009c3       0x33 contiki-srf06-cc26xx.a(setup.o)
 .ARM.attributes
                0x000009f6       0x33 contiki-srf06-cc26xx.a(sys_ctrl.o)
 .ARM.attributes
                0x00000a29       0x33 contiki-srf06-cc26xx.a(linkaddr.o)
 .ARM.attributes
                0x00000a5c       0x33 contiki-srf06-cc26xx.a(netstack.o)
 .ARM.attributes
                0x00000a8f       0x33 contiki-srf06-cc26xx.a(packetbuf.o)
 .ARM.attributes
                0x00000ac2       0x33 contiki-srf06-cc26xx.a(queuebuf.o)
 .ARM.attributes
                0x00000af5       0x33 contiki-srf06-cc26xx.a(csma.o)
 .ARM.attributes
                0x00000b28       0x33 contiki-srf06-cc26xx.a(mac.o)
 .ARM.attributes
                0x00000b5b       0x33 contiki-srf06-cc26xx.a(contikimac.o)
 .ARM.attributes
                0x00000b8e       0x33 contiki-srf06-cc26xx.a(nullsec.o)
 .ARM.attributes
                0x00000bc1       0x33 contiki-srf06-cc26xx.a(sensor-common.o)
 .ARM.attributes
                0x00000bf4       0x33 contiki-srf06-cc26xx.a(ext-flash.o)
 .ARM.attributes
                0x00000c27       0x33 contiki-srf06-cc26xx.a(board-spi.o)
 .ARM.attributes
                0x00000c5a       0x33 contiki-srf06-cc26xx.a(rf-core.o)
 .ARM.attributes
                0x00000c8d       0x33 contiki-srf06-cc26xx.a(rf-ble.o)
 .ARM.attributes
                0x00000cc0       0x33 contiki-srf06-cc26xx.a(memb.o)
 .ARM.attributes
                0x00000cf3       0x33 contiki-srf06-cc26xx.a(abc.o)
 .ARM.attributes
                0x00000d26       0x33 contiki-srf06-cc26xx.a(announcement.o)
 .ARM.attributes