Archive member included because of file (symbol)

contiki-srf06-cc26xx.a(contiki-main.o)
                              obj_srf06-cc26xx/startup_gcc.o (main)
contiki-srf06-cc26xx.a(sensors.o)
                              contiki-srf06-cc26xx.a(contiki-main.o) (sensors_process)
contiki-srf06-cc26xx.a(leds.o)
                              contiki-srf06-cc26xx.a(contiki-main.o) (leds_init)
contiki-srf06-cc26xx.a(leds-arch.o)
                              contiki-srf06-cc26xx.a(leds.o) (leds_arch_init)
contiki-srf06-cc26xx.a(sensortag-senso)
                              contiki-srf06-cc26xx.a(sensors.o) (sensors_flags)
contiki-srf06-cc26xx.a(bmp-280-sensor.)
                              prac2.co (bmp_280_sensor)
contiki-srf06-cc26xx.a(tmp-007-sensor.)
                              contiki-srf06-cc26xx.a(sensortag-senso) (tmp_007_sensor)
contiki-srf06-cc26xx.a(opt-3001-sensor)
                              contiki-srf06-cc26xx.a(sensortag-senso) (opt_3001_sensor)
contiki-srf06-cc26xx.a(hdc-1000-sensor)
                              prac2.co (hdc_1000_sensor)
contiki-srf06-cc26xx.a(mpu-9250-sensor)
                              contiki-srf06-cc26xx.a(sensortag-senso) (mpu_9250_sensor)
contiki-srf06-cc26xx.a(button-sensor.o)
                              contiki-srf06-cc26xx.a(sensortag-senso) (button_right_sensor)
contiki-srf06-cc26xx.a(reed-relay.o)
                              contiki-srf06-cc26xx.a(sensortag-senso) (reed_relay_sensor)
contiki-srf06-cc26xx.a(buzzer.o)
                              prac2.co (buzzer_start)
contiki-srf06-cc26xx.a(board.o)
                              contiki-srf06-cc26xx.a(contiki-main.o) (board_init)
contiki-srf06-cc26xx.a(board-i2c.o)
                              contiki-srf06-cc26xx.a(board.o) (board_i2c_wakeup)
contiki-srf06-cc26xx.a(clock.o)
                              contiki-srf06-cc26xx.a(contiki-main.o) (clock_init)
contiki-srf06-cc26xx.a(rtimer-arch.o)
                              contiki-srf06-cc26xx.a(mpu-9250-sensor) (rtimer_arch_now)
contiki-srf06-cc26xx.a(soc-rtc.o)
                              contiki-srf06-cc26xx.a(contiki-main.o) (soc_rtc_init)
contiki-srf06-cc26xx.a(contiki-watchdo)
                              contiki-srf06-cc26xx.a(contiki-main.o) (watchdog_init)
contiki-srf06-cc26xx.a(putchar.o)
                              contiki-srf06-cc26xx.a(contiki-main.o) (putchar)
contiki-srf06-cc26xx.a(ieee-addr.o)
                              prac2.co (ieee_addr_cpy_to)
contiki-srf06-cc26xx.a(cc26xx-uart.o)
                              contiki-srf06-cc26xx.a(contiki-main.o) (cc26xx_uart_init)
contiki-srf06-cc26xx.a(lpm.o)
                              contiki-srf06-cc26xx.a(button-sensor.o) (lpm_shutdown)
contiki-srf06-cc26xx.a(gpio-interrupt.)
                              contiki-srf06-cc26xx.a(button-sensor.o) (gpio_interrupt_register_handler)
contiki-srf06-cc26xx.a(oscillators.o)
                              contiki-srf06-cc26xx.a(contiki-main.o) (oscillators_select_lf_xosc)
contiki-srf06-cc26xx.a(ieee-mode.o)
                              contiki-srf06-cc26xx.a(contiki-main.o) (ieee_mode_driver)
contiki-srf06-cc26xx.a(dbg-printf.o)
                              prac2.co (printf)
contiki-srf06-cc26xx.a(dbg-sprintf.o)
                              prac2.co (sprintf)
contiki-srf06-cc26xx.a(strformat.o)
                              contiki-srf06-cc26xx.a(dbg-printf.o) (format_str_v)
contiki-srf06-cc26xx.a(autostart.o)
                              contiki-srf06-cc26xx.a(contiki-main.o) (autostart_start)
contiki-srf06-cc26xx.a(ctimer.o)
                              contiki-srf06-cc26xx.a(contiki-main.o) (ctimer_init)
contiki-srf06-cc26xx.a(energest.o)
                              contiki-srf06-cc26xx.a(contiki-main.o) (energest_init)
contiki-srf06-cc26xx.a(etimer.o)
                              contiki-srf06-cc26xx.a(clock.o) (etimer_request_poll)
contiki-srf06-cc26xx.a(process.o)
                              contiki-srf06-cc26xx.a(sensors.o) (process_alloc_event)
contiki-srf06-cc26xx.a(rtimer.o)
                              contiki-srf06-cc26xx.a(contiki-main.o) (rtimer_init)
contiki-srf06-cc26xx.a(timer.o)
                              contiki-srf06-cc26xx.a(button-sensor.o) (timer_set)
contiki-srf06-cc26xx.a(serial-line.o)
                              contiki-srf06-cc26xx.a(contiki-main.o) (serial_line_init)
contiki-srf06-cc26xx.a(list.o)
                              contiki-srf06-cc26xx.a(lpm.o) (list_init)
contiki-srf06-cc26xx.a(random.o)
                              contiki-srf06-cc26xx.a(contiki-main.o) (random_init)
contiki-srf06-cc26xx.a(ringbuf.o)
                              contiki-srf06-cc26xx.a(serial-line.o) (ringbuf_init)
contiki-srf06-cc26xx.a(sicslowpan.o)
                              contiki-srf06-cc26xx.a(contiki-main.o) (sicslowpan_driver)
contiki-srf06-cc26xx.a(uip6.o)
                              contiki-srf06-cc26xx.a(sicslowpan.o) (uip_aligned_buf)
contiki-srf06-cc26xx.a(uip-ds6.o)
[...]
Memory Configuration

Name             Origin             Length             Attributes
FLASH            0x00000000         0x0001ffa8         xr
FLASH_CCFG       0x0001ffa8         0x00000058         xr
SRAM             0x20000000         0x00005000         xrw
GPRAM            0x11000000         0x00002000         xrw
*default*        0x00000000         0xffffffff

Linker script and memory map

LOAD obj_srf06-cc26xx/fault-handlers.o
LOAD obj_srf06-cc26xx/ccfg.o
LOAD obj_srf06-cc26xx/startup_gcc.o
LOAD prac2.co
LOAD contiki-srf06-cc26xx.a
LOAD /usr/bin/../lib/gcc/arm-none-eabi/4.9.3/../../../../arm-none-eabi/lib/armv7-m/libm.a
START GROUP
LOAD /usr/bin/../lib/gcc/arm-none-eabi/4.9.3/armv7-m/libgcc.a
LOAD /usr/bin/../lib/gcc/arm-none-eabi/4.9.3/../../../../arm-none-eabi/lib/armv7-m/libc.a
END GROUP
                0x20005000                _estack = (ORIGIN (SRAM) + 0x5000)
                0x00000000                _Min_Heap_Size = 0x0
                0x00000100                _Min_Stack_Size = 0x100

.text           0x00000000    0x10b90
                0x00000000                _text = .
 *(SORT(.vectors))
 .vectors       0x00000000       0xc8 obj_srf06-cc26xx/startup_gcc.o
                0x00000000                gVectors
 *(SORT(.text*))
 .text.value    0x000000c8       0xb0 contiki-srf06-cc26xx.a(opt-3001-sensor)
 .text.value    0x00000178       0x9c contiki-srf06-cc26xx.a(hdc-1000-sensor)
 *fill*         0x00000214        0x4 00000000
 .text.value    0x00000218      0x1b4 contiki-srf06-cc26xx.a(mpu-9250-sensor)
 *fill*         0x000003cc        0x4 00000000
 .text.__ieee754_pow
                0x000003d0      0xaa0 /usr/bin/../lib/gcc/arm-none-eabi/4.9.3/../../../../arm-none-eabi/lib/armv7-m/libm.a(lib_a-e_pow.o)
                0x000003d0                __ieee754_pow
 .text.scalbn   0x00000e70       0xec /usr/bin/../lib/gcc/arm-none-eabi/4.9.3/../../../../arm-none-eabi/lib/armv7-m/libm.a(lib_a-s_scalbn.o)
                0x00000e70                scalbn
 .text.FaultISR
                0x00000f5c       0x18 obj_srf06-cc26xx/fault-handlers.o
                0x00000f5c                FaultISR
 .text.NmiSRHandler
                0x00000f74        0x4 obj_srf06-cc26xx/startup_gcc.o
                0x00000f74                NmiSR
 .text.IntDefaultHandler
                0x00000f78        0x4 obj_srf06-cc26xx/startup_gcc.o
                0x00000f78                TRNGIntHandler
                0x00000f78                SSI0IntHandler
                0x00000f78                SWEvent0IntHandler
                0x00000f78                uDMAIntHandler
                0x00000f78                WatchdogIntHandler
                0x00000f78                RFCHardwareIntHandler
                0x00000f78                Timer1BIntHandler
                0x00000f78                I2SIntHandler
                0x00000f78                Timer2BIntHandler
                0x00000f78                Timer2AIntHandler
                0x00000f78                Timer1AIntHandler
                0x00000f78                AONIntHandler
                0x00000f78                AUXSWEvent0IntHandler
                0x00000f78                AUXADCIntHandler
                0x00000f78                PendSVIntHandler
                0x00000f78                AUXSWEvent1IntHandler
                0x00000f78                SVCallIntHandler
                0x00000f78                MPUFaultIntHandler
                0x00000f78                SysTickIntHandler
                0x00000f78                BusFaultIntHandler
                0x00000f78                AONProgIntHandler
                0x00000f78                AUXCompAIntHandler
                0x00000f78                SSI1IntHandler
                0x00000f78                FlashIntHandler
                0x00000f78                uDMAErrIntHandler
                0x00000f78                UsageFaultIntHandler
                0x00000f78                RFCCmdAckIntHandler
                0x00000f78                CryptoIntHandler
                0x00000f78                Timer0AIntHandler
                0x00000f78                I2CIntHandler
                0x00000f78                DebugMonIntHandler
                0x00000f78                Timer0BIntHandler
                0x00000f78                AUXCombEventIntHandler
                0x00000f78                Timer3AIntHandler
                0x00000f78                DynProgIntHandler
                0x00000f78                Timer3BIntHandler
 .text.ResetISR
                0x00000f7c       0x5c obj_srf06-cc26xx/startup_gcc.o
                0x00000f7c                ResetISR
 .text.event    0x00000fd8        0xc prac2.co
 .text.process_thread_tcp_server_process
                0x00000fe4       0x8c prac2.co
 .text.input    0x00001070      0x1f0 prac2.co
 .text.inc_buz_freq
                0x00001260       0x44 prac2.co
                0x00001260                inc_buz_freq
 .text.dec_buz_freq
                0x000012a4       0x44 prac2.co
                0x000012a4                dec_buz_freq
 .text.toggle_led
                0x000012e8       0x58 prac2.co
                0x000012e8                toggle_led
 .text.humidity_sample
                0x00001340       0xbc prac2.co
                0x00001340                humidity_sample
 .text.pressure_sample
                0x000013fc       0xbc prac2.co
                0x000013fc                pressure_sample
 .text.fade     0x000014b8       0x64 contiki-srf06-cc26xx.a(contiki-main.o)
 .text.startup.main
                0x0000151c      0x1e4 contiki-srf06-cc26xx.a(contiki-main.o)
                0x0000151c                main
 .text.process_thread_sensors_process
                0x00001700       0xf8 contiki-srf06-cc26xx.a(sensors.o)
 .text.sensors_changed
                0x000017f8       0x50 contiki-srf06-cc26xx.a(sensors.o)
                0x000017f8                sensors_changed
 .text.leds_init
                0x00001848       0x14 contiki-srf06-cc26xx.a(leds.o)
                0x00001848                leds_init
 .text.leds_on  0x0000185c       0x14 contiki-srf06-cc26xx.a(leds.o)
                0x0000185c                leds_on
 .text.leds_off
                0x00001870       0x14 contiki-srf06-cc26xx.a(leds.o)
                0x00001870                leds_off
 .text.leds_toggle
                0x00001884       0x14 contiki-srf06-cc26xx.a(leds.o)
                0x00001884                leds_toggle
 .text.leds_arch_init
                0x00001898       0x38 contiki-srf06-cc26xx.a(leds-arch.o)
                0x00001898                leds_arch_init
 .text.leds_arch_set
                0x000018d0       0x34 contiki-srf06-cc26xx.a(leds-arch.o)
                0x000018d0                leds_arch_set
 .text.status   0x00001904       0x14 contiki-srf06-cc26xx.a(bmp-280-sensor.)
 .text.notify_ready
                0x00001918       0x14 contiki-srf06-cc26xx.a(bmp-280-sensor.)
 .text.enable_sensor
                0x0000192c       0x2c contiki-srf06-cc26xx.a(bmp-280-sensor.)
 .text.configure
                0x00001958       0x94 contiki-srf06-cc26xx.a(bmp-280-sensor.)
 .text.value    0x000019ec      0x15c contiki-srf06-cc26xx.a(bmp-280-sensor.)
 .text.status   0x00001b48       0x14 contiki-srf06-cc26xx.a(tmp-007-sensor.)
 .text.notify_ready
                0x00001b5c       0x14 contiki-srf06-cc26xx.a(tmp-007-sensor.)
 .text.enable_sensor
                0x00001b70       0x2c contiki-srf06-cc26xx.a(tmp-007-sensor.)
 .text.configure
                0x00001b9c       0x94 contiki-srf06-cc26xx.a(tmp-007-sensor.)
 .text.value    0x00001c30       0xec contiki-srf06-cc26xx.a(tmp-007-sensor.)
 .text.status   0x00001d1c        0xc contiki-srf06-cc26xx.a(opt-3001-sensor)
 .text.enable_sensor
                0x00001d28       0x44 contiki-srf06-cc26xx.a(opt-3001-sensor)
 .text.notify_ready
                0x00001d6c       0x54 contiki-srf06-cc26xx.a(opt-3001-sensor)
 .text.configure
                0x00001dc0       0x4c contiki-srf06-cc26xx.a(opt-3001-sensor)
 .text.status   0x00001e0c       0x14 contiki-srf06-cc26xx.a(hdc-1000-sensor)
 .text.notify_ready
                0x00001e20       0x60 contiki-srf06-cc26xx.a(hdc-1000-sensor)
 .text.configure
                0x00001e80       0xb8 contiki-srf06-cc26xx.a(hdc-1000-sensor)
 .text.acc_convert
                0x00001f38       0x70 contiki-srf06-cc26xx.a(mpu-9250-sensor)
 .text.status   0x00001fa8       0x14 contiki-srf06-cc26xx.a(mpu-9250-sensor)
 .text.notify_ready
                0x00001fbc       0x14 contiki-srf06-cc26xx.a(mpu-9250-sensor)
 .text.sensor_sleep
                0x00001fd0       0x38 contiki-srf06-cc26xx.a(mpu-9250-sensor)
 .text.configure
                0x00002008       0xdc contiki-srf06-cc26xx.a(mpu-9250-sensor)
 .text.int_status
                0x000020e4       0x28 contiki-srf06-cc26xx.a(mpu-9250-sensor)
 .text.initialise
                0x0000210c       0xfc contiki-srf06-cc26xx.a(mpu-9250-sensor)
 .text.status.part.0
                0x00002208       0x14 contiki-srf06-cc26xx.a(button-sensor.o)
 .text.value_left
                0x0000221c       0x24 contiki-srf06-cc26xx.a(button-sensor.o)
 .text.value_right
                0x00002240       0x18 contiki-srf06-cc26xx.a(button-sensor.o)
 .text.status_left
                0x00002258       0x10 contiki-srf06-cc26xx.a(button-sensor.o)
 .text.status_right
                0x00002268       0x10 contiki-srf06-cc26xx.a(button-sensor.o)
 .text.config_buttons
                0x00002278       0x8c contiki-srf06-cc26xx.a(button-sensor.o)
 .text.config_left
                0x00002304        0xc contiki-srf06-cc26xx.a(button-sensor.o)
 .text.config_right
                0x00002310        0xc contiki-srf06-cc26xx.a(button-sensor.o)
 .text.button_press_handler
                0x0000231c       0x64 contiki-srf06-cc26xx.a(button-sensor.o)
 .text.value    0x00002380       0x10 contiki-srf06-cc26xx.a(reed-relay.o)
 .text.status   0x00002390       0x20 contiki-srf06-cc26xx.a(reed-relay.o)
 .text.configure
                0x000023b0       0x6c contiki-srf06-cc26xx.a(reed-relay.o)
 .text.reed_interrupt_handler
                0x0000241c       0x28 contiki-srf06-cc26xx.a(reed-relay.o)
 .text.buzzer_init
                0x00002444        0xc contiki-srf06-cc26xx.a(buzzer.o)
                0x00002444                buzzer_init
 .text.buzzer_start
                0x00002450       0xa4 contiki-srf06-cc26xx.a(buzzer.o)
                0x00002450                buzzer_start
 .text.buzzer_stop
                0x000024f4       0x74 contiki-srf06-cc26xx.a(buzzer.o)
                0x000024f4                buzzer_stop
 .text.power_domains_on
                0x00002568       0x20 contiki-srf06-cc26xx.a(board.o)
 .text.lpm_wakeup_handler
                0x00002588        0x4 contiki-srf06-cc26xx.a(board.o)
 .text.shutdown_handler
                0x0000258c       0x68 contiki-srf06-cc26xx.a(board.o)
 .text.board_init
                0x000025f4      0x118 contiki-srf06-cc26xx.a(board.o)
                0x000025f4                board_init
 .text.i2c_status
                0x0000270c       0x34 contiki-srf06-cc26xx.a(board-i2c.o)
 .text.accessible
                0x00002740       0x24 contiki-srf06-cc26xx.a(board-i2c.o)
 .text.board_i2c_wakeup
                0x00002764       0x5c contiki-srf06-cc26xx.a(board-i2c.o)
                0x00002764                board_i2c_wakeup
 .text.board_i2c_shutdown
                0x000027c0       0xa4 contiki-srf06-cc26xx.a(board-i2c.o)
                0x000027c0                board_i2c_shutdown
 .text.board_i2c_write
                0x00002864       0xc0 contiki-srf06-cc26xx.a(board-i2c.o)
                0x00002864                board_i2c_write
 .text.board_i2c_write_single
                0x00002924       0x44 contiki-srf06-cc26xx.a(board-i2c.o)
                0x00002924                board_i2c_write_single
 .text.board_i2c_read
                0x00002968       0xb4 contiki-srf06-cc26xx.a(board-i2c.o)
                0x00002968                board_i2c_read
 .text.board_i2c_write_read
                0x00002a1c      0x138 contiki-srf06-cc26xx.a(board-i2c.o)
                0x00002a1c                board_i2c_write_read
 .text.board_i2c_select
                0x00002b54       0xdc contiki-srf06-cc26xx.a(board-i2c.o)
                0x00002b54                board_i2c_select
 .text.power_domain_on
                0x00002c30       0x20 contiki-srf06-cc26xx.a(clock.o)
 .text.clock_init
                0x00002c50       0x90 contiki-srf06-cc26xx.a(clock.o)
                0x00002c50                clock_init
 .text.clock_time
                0x00002ce0       0x34 contiki-srf06-cc26xx.a(clock.o)
                0x00002ce0                clock_time
 .text.clock_update
                0x00002d14       0x3c contiki-srf06-cc26xx.a(clock.o)
                0x00002d14                clock_update
 .text.clock_seconds
                0x00002d50       0x18 contiki-srf06-cc26xx.a(clock.o)
                0x00002d50                clock_seconds
 .text.rtimer_arch_init
                0x00002d68        0x4 contiki-srf06-cc26xx.a(rtimer-arch.o)
                0x00002d68                rtimer_arch_init
 .text.rtimer_arch_schedule
                0x00002d6c        0x8 contiki-srf06-cc26xx.a(rtimer-arch.o)
                0x00002d6c                rtimer_arch_schedule
 .text.rtimer_arch_now
                0x00002d74        0x4 contiki-srf06-cc26xx.a(rtimer-arch.o)
                0x00002d74                rtimer_arch_now
 .text.soc_rtc_init
                0x00002d78       0x94 contiki-srf06-cc26xx.a(soc-rtc.o)
                0x00002d78                soc_rtc_init
 .text.soc_rtc_get_next_trigger
                0x00002e0c       0x28 contiki-srf06-cc26xx.a(soc-rtc.o)
                0x00002e0c                soc_rtc_get_next_trigger
 .text.soc_rtc_schedule_one_shot
                0x00002e34       0x4c contiki-srf06-cc26xx.a(soc-rtc.o)
                0x00002e34                soc_rtc_schedule_one_shot
 .text.soc_rtc_last_isr_time
                0x00002e80        0xc contiki-srf06-cc26xx.a(soc-rtc.o)
                0x00002e80                soc_rtc_last_isr_time
 .text.AONRTCIntHandler
                0x00002e8c       0x68 contiki-srf06-cc26xx.a(soc-rtc.o)
                0x00002e8c                AONRTCIntHandler
 .text.lock_config
                0x00002ef4       0x18 contiki-srf06-cc26xx.a(contiki-watchdo)
 .text.unlock_config
                0x00002f0c       0x2c contiki-srf06-cc26xx.a(contiki-watchdo)
 .text.watchdog_init
                0x00002f38       0x1c contiki-srf06-cc26xx.a(contiki-watchdo)
                0x00002f38                watchdog_init
 .text.watchdog_start
                0x00002f54       0x30 contiki-srf06-cc26xx.a(contiki-watchdo)
                0x00002f54                watchdog_start
 .text.watchdog_periodic
                0x00002f84       0x1c contiki-srf06-cc26xx.a(contiki-watchdo)
                0x00002f84                watchdog_periodic
 .text.putchar  0x00002fa0       0x10 contiki-srf06-cc26xx.a(putchar.o)
                0x00002fa0                putchar
 .text.puts     0x00002fb0       0x30 contiki-srf06-cc26xx.a(putchar.o)
                0x00002fb0                puts
 .text.dbg_send_bytes
                0x00002fe0       0x40 contiki-srf06-cc26xx.a(putchar.o)
                0x00002fe0                dbg_send_bytes
 .text.ieee_addr_cpy_to
                0x00003020       0x40 contiki-srf06-cc26xx.a(ieee-addr.o)
                0x00003020                ieee_addr_cpy_to
 .text.power_and_clock
                0x00003060       0x40 contiki-srf06-cc26xx.a(cc26xx-uart.o)
 .text.enable   0x000030a0       0xf4 contiki-srf06-cc26xx.a(cc26xx-uart.o)
 .text.accessible
                0x00003194       0x24 contiki-srf06-cc26xx.a(cc26xx-uart.o)
 .text.lpm_drop_handler
                0x000031b8       0xcc contiki-srf06-cc26xx.a(cc26xx-uart.o)
 .text.cc26xx_uart_init
                0x00003284       0x28 contiki-srf06-cc26xx.a(cc26xx-uart.o)
                0x00003284                cc26xx_uart_init
 .text.cc26xx_uart_write_byte
                0x000032ac       0x28 contiki-srf06-cc26xx.a(cc26xx-uart.o)
                0x000032ac                cc26xx_uart_write_byte
 .text.cc26xx_uart_busy
                0x000032d4       0x18 contiki-srf06-cc26xx.a(cc26xx-uart.o)
                0x000032d4                cc26xx_uart_busy
 .text.UART0IntHandler
                0x000032ec       0x54 contiki-srf06-cc26xx.a(cc26xx-uart.o)
                0x000032ec                UART0IntHandler
 .text.lpm_shutdown
                0x00003340      0x1b8 contiki-srf06-cc26xx.a(lpm.o)
                0x00003340                lpm_shutdown
 .text.lpm_drop
                0x000034f8      0x1fc contiki-srf06-cc26xx.a(lpm.o)
                0x000034f8                lpm_drop
 .text.lpm_sleep
                0x000036f4       0x14 contiki-srf06-cc26xx.a(lpm.o)
                0x000036f4                lpm_sleep
 .text.lpm_register_module
                0x00003708        0xc contiki-srf06-cc26xx.a(lpm.o)
                0x00003708                lpm_register_module
 .text.lpm_unregister_module
                0x00003714        0xc contiki-srf06-cc26xx.a(lpm.o)
                0x00003714                lpm_unregister_module
 .text.lpm_init
                0x00003720       0x20 contiki-srf06-cc26xx.a(lpm.o)
                0x00003720                lpm_init
 .text.lpm_pin_set_default_state
                0x00003740       0x30 contiki-srf06-cc26xx.a(lpm.o)
                0x00003740                lpm_pin_set_default_state
 .text.gpio_interrupt_register_handler
                0x00003770       0x2c contiki-srf06-cc26xx.a(gpio-interrupt.)
                0x00003770                gpio_interrupt_register_handler
 .text.gpio_interrupt_init
                0x0000379c       0x24 contiki-srf06-cc26xx.a(gpio-interrupt.)
                0x0000379c                gpio_interrupt_init
 .text.GPIOIntHandler
                0x000037c0       0x30 contiki-srf06-cc26xx.a(gpio-interrupt.)
                0x000037c0                GPIOIntHandler
 .text.osc_interface_dis
                0x000037f0       0x28 contiki-srf06-cc26xx.a(oscillators.o)
 .text.osc_interface_en
                0x00003818       0x30 contiki-srf06-cc26xx.a(oscillators.o)
 .text.oscillators_select_lf_xosc
                0x00003848       0x48 contiki-srf06-cc26xx.a(oscillators.o)
                0x00003848                oscillators_select_lf_xosc
 .text.oscillators_select_lf_rcosc
                0x00003890       0x30 contiki-srf06-cc26xx.a(oscillators.o)
                0x00003890                oscillators_select_lf_rcosc
 .text.oscillators_request_hf_xosc
                0x000038c0       0x24 contiki-srf06-cc26xx.a(oscillators.o)
                0x000038c0                oscillators_request_hf_xosc
 .text.oscillators_switch_to_hf_xosc
                0x000038e4       0x28 contiki-srf06-cc26xx.a(oscillators.o)
                0x000038e4                oscillators_switch_to_hf_xosc
 .text.oscillators_switch_to_hf_rc
                0x0000390c       0x2c contiki-srf06-cc26xx.a(oscillators.o)
                0x0000390c                oscillators_switch_to_hf_rc
 .text.request  0x00003938       0x20 contiki-srf06-cc26xx.a(ieee-mode.o)
 .text.rx_on    0x00003958       0x60 contiki-srf06-cc26xx.a(ieee-mode.o)
 .text.rf_radio_setup
                0x000039b8       0x74 contiki-srf06-cc26xx.a(ieee-mode.o)
 .text.soft_on  0x00003a2c       0x18 contiki-srf06-cc26xx.a(ieee-mode.o)
 .text.pending_packet
                0x00003a44       0x34 contiki-srf06-cc26xx.a(ieee-mode.o)
 .text.prepare  0x00003a78       0x1c contiki-srf06-cc26xx.a(ieee-mode.o)
 .text.read_frame
                0x00003a94       0x58 contiki-srf06-cc26xx.a(ieee-mode.o)
 .text.soft_off
                0x00003aec       0x3c contiki-srf06-cc26xx.a(ieee-mode.o)
 .text.get_object
                0x00003b28       0x30 contiki-srf06-cc26xx.a(ieee-mode.o)
 .text.transmitting
                0x00003b58       0x4c contiki-srf06-cc26xx.a(ieee-mode.o)
 .text.rx_off   0x00003ba4       0x5c contiki-srf06-cc26xx.a(ieee-mode.o)
 .text.get_cca_info
                0x00003c00       0x44 contiki-srf06-cc26xx.a(ieee-mode.o)
 .text.off      0x00003c44       0x4c contiki-srf06-cc26xx.a(ieee-mode.o)
 .text.receiving_packet
                0x00003c90       0x40 contiki-srf06-cc26xx.a(ieee-mode.o)
 .text.on       0x00003cd0       0x9c contiki-srf06-cc26xx.a(ieee-mode.o)
 .text.set_value
                0x00003d6c      0x158 contiki-srf06-cc26xx.a(ieee-mode.o)
 .text.get_value
                0x00003ec4      0x138 contiki-srf06-cc26xx.a(ieee-mode.o)
 .text.transmit
                0x00003ffc       0xbc contiki-srf06-cc26xx.a(ieee-mode.o)
 .text.send     0x000040b8       0x24 contiki-srf06-cc26xx.a(ieee-mode.o)
 .text.set_object
                0x000040dc       0x68 contiki-srf06-cc26xx.a(ieee-mode.o)
 .text.channel_clear
                0x00004144       0x68 contiki-srf06-cc26xx.a(ieee-mode.o)
 .text.init     0x000041ac       0xe0 contiki-srf06-cc26xx.a(ieee-mode.o)
 .text.write_str
                0x0000428c       0x14 contiki-srf06-cc26xx.a(dbg-printf.o)
 .text.printf   0x000042a0       0x24 contiki-srf06-cc26xx.a(dbg-printf.o)
                0x000042a0                printf
 .text.buffer_str
                0x000042c4       0x18 contiki-srf06-cc26xx.a(dbg-sprintf.o)
 .text.sprintf  0x000042dc       0x34 contiki-srf06-cc26xx.a(dbg-sprintf.o)
                0x000042dc                sprintf
 .text.fill_space
                0x00004310       0x3c contiki-srf06-cc26xx.a(strformat.o)
 .text.format_str_v
                0x0000434c      0x95c contiki-srf06-cc26xx.a(strformat.o)
                0x0000434c                format_str_v
 .text.autostart_start
                0x00004ca8       0x18 contiki-srf06-cc26xx.a(autostart.o)
                0x00004ca8                autostart_start
 .text.process_thread_ctimer_process
                0x00004cc0       0x94 contiki-srf06-cc26xx.a(ctimer.o)
 .text.ctimer_init
                0x00004d54       0x28 contiki-srf06-cc26xx.a(ctimer.o)
                0x00004d54                ctimer_init
 .text.ctimer_set_with_process
                0x00004d7c       0x4c contiki-srf06-cc26xx.a(ctimer.o)
                0x00004d7c                ctimer_set_with_process
 .text.ctimer_set
                0x00004dc8       0x18 contiki-srf06-cc26xx.a(ctimer.o)
                0x00004dc8                ctimer_set
 .text.ctimer_reset
                0x00004de0       0x38 contiki-srf06-cc26xx.a(ctimer.o)
                0x00004de0                ctimer_reset
 .text.ctimer_stop
                0x00004e18       0x34 contiki-srf06-cc26xx.a(ctimer.o)
                0x00004e18                ctimer_stop
 .text.energest_init
                0x00004e4c        0x4 contiki-srf06-cc26xx.a(energest.o)
                0x00004e4c                energest_init
 .text.update_time
                0x00004e50       0x44 contiki-srf06-cc26xx.a(etimer.o)
 .text.process_thread_etimer_process
                0x00004e94       0xc8 contiki-srf06-cc26xx.a(etimer.o)
 .text.add_timer
                0x00004f5c       0x54 contiki-srf06-cc26xx.a(etimer.o)
 .text.etimer_request_poll
                0x00004fb0        0xc contiki-srf06-cc26xx.a(etimer.o)
                0x00004fb0                etimer_request_poll
 .text.etimer_set
                0x00004fbc       0x14 contiki-srf06-cc26xx.a(etimer.o)
                0x00004fbc                etimer_set
 .text.etimer_reset
                0x00004fd0       0x14 contiki-srf06-cc26xx.a(etimer.o)
                0x00004fd0                etimer_reset
 .text.etimer_restart
                0x00004fe4       0x14 contiki-srf06-cc26xx.a(etimer.o)
                0x00004fe4                etimer_restart
 .text.etimer_expired
                0x00004ff8        0xc contiki-srf06-cc26xx.a(etimer.o)
                0x00004ff8                etimer_expired
 .text.etimer_expiration_time
                0x00005004        0x8 contiki-srf06-cc26xx.a(etimer.o)
                0x00005004                etimer_expiration_time
 .text.etimer_pending
                0x0000500c       0x10 contiki-srf06-cc26xx.a(etimer.o)
                0x0000500c                etimer_pending
 .text.etimer_next_expiration_time
                0x0000501c       0x14 contiki-srf06-cc26xx.a(etimer.o)
                0x0000501c                etimer_next_expiration_time
 .text.etimer_stop
                0x00005030       0x4c contiki-srf06-cc26xx.a(etimer.o)
                0x00005030                etimer_stop
 .text.exit_process
                0x0000507c       0xb0 contiki-srf06-cc26xx.a(process.o)
 .text.call_process.part.0
                0x0000512c       0x38 contiki-srf06-cc26xx.a(process.o)
 .text.do_poll  0x00005164       0x3c contiki-srf06-cc26xx.a(process.o)
 .text.process_alloc_event
                0x000051a0       0x10 contiki-srf06-cc26xx.a(process.o)
                0x000051a0                process_alloc_event
 .text.process_init
                0x000051b0       0x34 contiki-srf06-cc26xx.a(process.o)
                0x000051b0                process_init
 .text.process_run
                0x000051e4       0xd8 contiki-srf06-cc26xx.a(process.o)
                0x000051e4                process_run
 .text.process_nevents
                0x000052bc       0x14 contiki-srf06-cc26xx.a(process.o)
                0x000052bc                process_nevents
 .text.process_post
                0x000052d0       0x50 contiki-srf06-cc26xx.a(process.o)
                0x000052d0                process_post
 .text.process_post_synch
                0x00005320       0x18 contiki-srf06-cc26xx.a(process.o)
                0x00005320                process_post_synch
 .text.process_start
                0x00005338       0x40 contiki-srf06-cc26xx.a(process.o)
                0x00005338                process_start
 .text.process_poll
                0x00005378       0x18 contiki-srf06-cc26xx.a(process.o)
                0x00005378                process_poll
 .text.rtimer_init
                0x00005390        0x4 contiki-srf06-cc26xx.a(rtimer.o)
                0x00005390                rtimer_init
 .text.rtimer_set
                0x00005394       0x2c contiki-srf06-cc26xx.a(rtimer.o)
                0x00005394                rtimer_set
 .text.rtimer_run_next
                0x000053c0       0x28 contiki-srf06-cc26xx.a(rtimer.o)
                0x000053c0                rtimer_run_next
 .text.timer_set
                0x000053e8       0x10 contiki-srf06-cc26xx.a(timer.o)
                0x000053e8                timer_set
 .text.timer_reset
                0x000053f8        0xc contiki-srf06-cc26xx.a(timer.o)
                0x000053f8                timer_reset
 .text.timer_restart
                0x00005404        0xc contiki-srf06-cc26xx.a(timer.o)
                0x00005404                timer_restart
 .text.timer_expired
                0x00005410       0x1c contiki-srf06-cc26xx.a(timer.o)
                0x00005410                timer_expired
 .text.process_thread_serial_line_process
                0x0000542c       0xac contiki-srf06-cc26xx.a(serial-line.o)
 .text.serial_line_init
                0x000054d8       0x24 contiki-srf06-cc26xx.a(serial-line.o)
                0x000054d8                serial_line_init
 .text.list_init
                0x000054fc        0x8 contiki-srf06-cc26xx.a(list.o)
                0x000054fc                list_init
 .text.list_head
                0x00005504        0x4 contiki-srf06-cc26xx.a(list.o)
                0x00005504                list_head
 .text.list_tail
                0x00005508       0x14 contiki-srf06-cc26xx.a(list.o)
                0x00005508                list_tail
 .text.list_add
                0x0000551c       0x48 contiki-srf06-cc26xx.a(list.o)
                0x0000551c                list_add
 .text.list_push
                0x00005564       0x40 contiki-srf06-cc26xx.a(list.o)
                0x00005564                list_push
 .text.list_remove
                0x000055a4       0x2c contiki-srf06-cc26xx.a(list.o)
                0x000055a4                list_remove
 .text.list_length
                0x000055d0       0x14 contiki-srf06-cc26xx.a(list.o)
                0x000055d0                list_length
 .text.list_item_next
                0x000055e4        0x8 contiki-srf06-cc26xx.a(list.o)
                0x000055e4                list_item_next
 .text.random_init
                0x000055ec        0x4 contiki-srf06-cc26xx.a(random.o)
                0x000055ec                random_init
 .text.random_rand
                0x000055f0        0xc contiki-srf06-cc26xx.a(random.o)
                0x000055f0                random_rand
 .text.ringbuf_init
                0x000055fc       0x10 contiki-srf06-cc26xx.a(ringbuf.o)
                0x000055fc                ringbuf_init
 .text.ringbuf_get
                0x0000560c       0x28 contiki-srf06-cc26xx.a(ringbuf.o)
                0x0000560c                ringbuf_get
 .text.sicslowpan_init
                0x00005634       0x24 contiki-srf06-cc26xx.a(sicslowpan.o)
                0x00005634                sicslowpan_init
 .text.set_packet_attrs
                0x00005658       0x4c contiki-srf06-cc26xx.a(sicslowpan.o)
 .text.compress_addr_64
                0x000056a4       0x9c contiki-srf06-cc26xx.a(sicslowpan.o)
 .text.addr_context_lookup_by_prefix
                0x00005740       0x28 contiki-srf06-cc26xx.a(sicslowpan.o)
 .text.send_packet
                0x00005768       0x24 contiki-srf06-cc26xx.a(sicslowpan.o)
 .text.packet_sent
                0x0000578c       0x28 contiki-srf06-cc26xx.a(sicslowpan.o)
 .text.store_fragment
                0x000057b4       0x68 contiki-srf06-cc26xx.a(sicslowpan.o)
 .text.add_fragment
                0x0000581c      0x19c contiki-srf06-cc26xx.a(sicslowpan.o)
 .text.uncompress_addr
                0x000059b8       0xb8 contiki-srf06-cc26xx.a(sicslowpan.o)
 .text.input    0x00005a70      0x654 contiki-srf06-cc26xx.a(sicslowpan.o)
 .text.output   0x000060c4      0x738 contiki-srf06-cc26xx.a(sicslowpan.o)
 .text.chksum   0x000067fc       0x50 contiki-srf06-cc26xx.a(uip6.o)
 .text.upper_layer_chksum
                0x0000684c       0x58 contiki-srf06-cc26xx.a(uip6.o)
 .text.ext_hdr_options_process
                0x000068a4       0xc8 contiki-srf06-cc26xx.a(uip6.o)
 .text.uip_add32
                0x0000696c       0x58 contiki-srf06-cc26xx.a(uip6.o)
                0x0000696c                uip_add32
 .text.unlikely.uip_add_rcv_nxt
                0x000069c4       0x2c contiki-srf06-cc26xx.a(uip6.o)
 .text.uip_icmp6chksum
                0x000069f0        0x8 contiki-srf06-cc26xx.a(uip6.o)
                0x000069f0                uip_icmp6chksum
 .text.uip_init
                0x000069f8       0x64 contiki-srf06-cc26xx.a(uip6.o)
                0x000069f8                uip_init
 .text.remove_ext_hdr
                0x00006a5c       0x60 contiki-srf06-cc26xx.a(uip6.o)
                0x00006a5c                remove_ext_hdr
 .text.uip_unlisten
                0x00006abc       0x44 contiki-srf06-cc26xx.a(uip6.o)
                0x00006abc                uip_unlisten
 .text.uip_listen
                0x00006b00       0x3c contiki-srf06-cc26xx.a(uip6.o)
                0x00006b00                uip_listen
 .text.uip_process
                0x00006b3c     0x119c contiki-srf06-cc26xx.a(uip6.o)
                0x00006b3c                uip_process
 .text.uip_htons
                0x00007cd8        0x8 contiki-srf06-cc26xx.a(uip6.o)
                0x00007cd8                uip_htons
 .text.uip_htonl
                0x00007ce0       0x14 contiki-srf06-cc26xx.a(uip6.o)
                0x00007ce0                uip_htonl
 .text.uip_send
                0x00007cf4       0x50 contiki-srf06-cc26xx.a(uip6.o)
                0x00007cf4                uip_send
 .text.uip_ds6_list_loop
                0x00007d44       0x60 contiki-srf06-cc26xx.a(uip-ds6.o)
                0x00007d44                uip_ds6_list_loop
 .text.uip_ds6_prefix_add
                0x00007da4       0x6c contiki-srf06-cc26xx.a(uip-ds6.o)
                0x00007da4                uip_ds6_prefix_add
 .text.uip_ds6_is_addr_onlink
                0x00007e10       0x3c contiki-srf06-cc26xx.a(uip-ds6.o)
                0x00007e10                uip_ds6_is_addr_onlink
 .text.uip_ds6_addr_lookup
                0x00007e4c       0x30 contiki-srf06-cc26xx.a(uip-ds6.o)
                0x00007e4c                uip_ds6_addr_lookup
 .text.uip_ds6_get_link_local
                0x00007e7c       0x44 contiki-srf06-cc26xx.a(uip-ds6.o)
                0x00007e7c                uip_ds6_get_link_local
 .text.uip_ds6_maddr_add
                0x00007ec0       0x50 contiki-srf06-cc26xx.a(uip-ds6.o)
                0x00007ec0                uip_ds6_maddr_add
 .text.uip_ds6_addr_add
                0x00007f10       0xa8 contiki-srf06-cc26xx.a(uip-ds6.o)
                0x00007f10                uip_ds6_addr_add
 .text.uip_ds6_maddr_lookup
                0x00007fb8       0x30 contiki-srf06-cc26xx.a(uip-ds6.o)
                0x00007fb8                uip_ds6_maddr_lookup
 .text.uip_ds6_addr_rm
                0x00007fe8       0x48 contiki-srf06-cc26xx.a(uip-ds6.o)
                0x00007fe8                uip_ds6_addr_rm
 .text.uip_ds6_periodic
                0x00008030       0x60 contiki-srf06-cc26xx.a(uip-ds6.o)
                0x00008030                uip_ds6_periodic
 .text.uip_ds6_select_src
                0x00008090       0xf4 contiki-srf06-cc26xx.a(uip-ds6.o)
                0x00008090                uip_ds6_select_src
 .text.uip_ds6_set_addr_iid
                0x00008184       0x14 contiki-srf06-cc26xx.a(uip-ds6.o)
                0x00008184                uip_ds6_set_addr_iid
 .text.uip_ds6_compute_reachable_time
                0x00008198       0x28 contiki-srf06-cc26xx.a(uip-ds6.o)
                0x00008198                uip_ds6_compute_reachable_time
 .text.uip_ds6_init
                0x000081c0       0xf8 contiki-srf06-cc26xx.a(uip-ds6.o)
                0x000081c0                uip_ds6_init
 .text.uip_ds6_nbr_rm
                0x000082b8       0x20 contiki-srf06-cc26xx.a(uip-ds6-nbr.o)
                0x000082b8                uip_ds6_nbr_rm
 .text.uip_ds6_neighbors_init
                0x000082d8       0x14 contiki-srf06-cc26xx.a(uip-ds6-nbr.o)
                0x000082d8                uip_ds6_neighbors_init
 .text.uip_ds6_nbr_add
                0x000082ec       0x54 contiki-srf06-cc26xx.a(uip-ds6-nbr.o)
                0x000082ec                uip_ds6_nbr_add
 .text.uip_ds6_nbr_get_ll
                0x00008340       0x10 contiki-srf06-cc26xx.a(uip-ds6-nbr.o)
                0x00008340                uip_ds6_nbr_get_ll
 .text.uip_ds6_nbr_lookup
                0x00008350       0x3c contiki-srf06-cc26xx.a(uip-ds6-nbr.o)
                0x00008350                uip_ds6_nbr_lookup
 .text.uip_ds6_nbr_ipaddr_from_lladdr
                0x0000838c       0x10 contiki-srf06-cc26xx.a(uip-ds6-nbr.o)
                0x0000838c                uip_ds6_nbr_ipaddr_from_lladdr
 .text.uip_ds6_nbr_lladdr_from_ipaddr
                0x0000839c       0x1c contiki-srf06-cc26xx.a(uip-ds6-nbr.o)
                0x0000839c                uip_ds6_nbr_lladdr_from_ipaddr
 .text.uip_ds6_link_neighbor_callback
                0x000083b8       0x2c contiki-srf06-cc26xx.a(uip-ds6-nbr.o)
                0x000083b8                uip_ds6_link_neighbor_callback
 .text.uip_ds6_neighbor_periodic
                0x000083e4       0x70 contiki-srf06-cc26xx.a(uip-ds6-nbr.o)
                0x000083e4                uip_ds6_neighbor_periodic
 .text.call_route_callback
                0x00008454       0x50 contiki-srf06-cc26xx.a(uip-ds6-route.o)
 .text.uip_ds6_route_init
                0x000084a4       0x4c contiki-srf06-cc26xx.a(uip-ds6-route.o)
                0x000084a4                uip_ds6_route_init
 .text.uip_ds6_route_nexthop
                0x000084f0       0x1c contiki-srf06-cc26xx.a(uip-ds6-route.o)
                0x000084f0                uip_ds6_route_nexthop
 .text.uip_ds6_route_head
                0x0000850c        0xc contiki-srf06-cc26xx.a(uip-ds6-route.o)
                0x0000850c                uip_ds6_route_head
 .text.uip_ds6_route_next
                0x00008518        0x8 contiki-srf06-cc26xx.a(uip-ds6-route.o)
                0x00008518                uip_ds6_route_next
 .text.uip_ds6_route_lookup
                0x00008520       0x78 contiki-srf06-cc26xx.a(uip-ds6-route.o)
                0x00008520                uip_ds6_route_lookup
 .text.uip_ds6_route_rm
                0x00008598       0xac contiki-srf06-cc26xx.a(uip-ds6-route.o)
                0x00008598                uip_ds6_route_rm
 .text.rm_routelist
                0x00008644       0x38 contiki-srf06-cc26xx.a(uip-ds6-route.o)
 .text.rm_routelist_callback
                0x0000867c        0x4 contiki-srf06-cc26xx.a(uip-ds6-route.o)
 .text.uip_ds6_route_add
                0x00008680      0x134 contiki-srf06-cc26xx.a(uip-ds6-route.o)
                0x00008680                uip_ds6_route_add
 .text.uip_ds6_defrt_rm
                0x000087b4       0x48 contiki-srf06-cc26xx.a(uip-ds6-route.o)
                0x000087b4                uip_ds6_defrt_rm
 .text.uip_ds6_defrt_lookup
                0x000087fc       0x34 contiki-srf06-cc26xx.a(uip-ds6-route.o)
                0x000087fc                uip_ds6_defrt_lookup
 .text.uip_ds6_defrt_add
                0x00008830       0x5c contiki-srf06-cc26xx.a(uip-ds6-route.o)
                0x00008830                uip_ds6_defrt_add
 .text.uip_ds6_defrt_choose
                0x0000888c       0x34 contiki-srf06-cc26xx.a(uip-ds6-route.o)
                0x0000888c                uip_ds6_defrt_choose
 .text.uip_ds6_defrt_periodic
                0x000088c0       0x3c contiki-srf06-cc26xx.a(uip-ds6-route.o)
                0x000088c0                uip_ds6_defrt_periodic
 .text.echo_reply_input
                0x000088fc      0x110 contiki-srf06-cc26xx.a(uip-icmp6.o)
 .text.echo_request_input
                0x00008a0c      0x118 contiki-srf06-cc26xx.a(uip-icmp6.o)
 .text.uip_icmp6_input
                0x00008b24       0x3c contiki-srf06-cc26xx.a(uip-icmp6.o)
                0x00008b24                uip_icmp6_input
 .text.uip_icmp6_register_input_handler
                0x00008b60        0xc contiki-srf06-cc26xx.a(uip-icmp6.o)
                0x00008b60                uip_icmp6_register_input_handler
 .text.uip_icmp6_error_output
                0x00008b6c      0x158 contiki-srf06-cc26xx.a(uip-icmp6.o)
                0x00008b6c                uip_icmp6_error_output
 .text.uip_icmp6_send
                0x00008cc4       0x84 contiki-srf06-cc26xx.a(uip-icmp6.o)
                0x00008cc4                uip_icmp6_send
 .text.uip_icmp6_init
                0x00008d48       0x24 contiki-srf06-cc26xx.a(uip-icmp6.o)
                0x00008d48                uip_icmp6_init
 .text.uip_nd6_init
                0x00008d6c        0x4 contiki-srf06-cc26xx.a(uip-nd6.o)
                0x00008d6c                uip_nd6_init
 .text.start_periodic_tcp_timer
                0x00008d70       0x1c contiki-srf06-cc26xx.a(tcpip.o)
 .text.tcpip_set_outputfunc
                0x00008d8c        0xc contiki-srf06-cc26xx.a(tcpip.o)
                0x00008d8c                tcpip_set_outputfunc
 .text.tcp_listen
                0x00008d98       0x50 contiki-srf06-cc26xx.a(tcpip.o)
                0x00008d98                tcp_listen
 .text.tcp_attach
                0x00008de8       0x10 contiki-srf06-cc26xx.a(tcpip.o)
                0x00008de8                tcp_attach
 .text.tcpip_icmp6_call
                0x00008df8       0x28 contiki-srf06-cc26xx.a(tcpip.o)
                0x00008df8                tcpip_icmp6_call
 .text.tcpip_input
                0x00008e20       0x24 contiki-srf06-cc26xx.a(tcpip.o)
                0x00008e20                tcpip_input
 .text.tcpip_ipv6_output
                0x00008e44       0xc8 contiki-srf06-cc26xx.a(tcpip.o)
                0x00008e44                tcpip_ipv6_output
 .text.process_thread_tcpip_process
                0x00008f0c      0x208 contiki-srf06-cc26xx.a(tcpip.o)
 .text.tcpip_uipcall
                0x00009114       0x90 contiki-srf06-cc26xx.a(tcpip.o)
                0x00009114                tcpip_uipcall
 .text.newdata  0x000091a4       0x54 contiki-srf06-cc26xx.a(tcp-socket.o)
 .text.senddata
                0x000091f8       0x34 contiki-srf06-cc26xx.a(tcp-socket.o)
 .text.process_thread_tcp_socket_process
                0x0000922c      0x2b0 contiki-srf06-cc26xx.a(tcp-socket.o)
 .text.tcp_socket_register
                0x000094dc       0x70 contiki-srf06-cc26xx.a(tcp-socket.o)
                0x000094dc                tcp_socket_register
 .text.tcp_socket_listen
                0x0000954c       0x3c contiki-srf06-cc26xx.a(tcp-socket.o)
                0x0000954c                tcp_socket_listen
 .text.tcp_socket_send
                0x00009588       0x38 contiki-srf06-cc26xx.a(tcp-socket.o)
                0x00009588                tcp_socket_send
 .text.tcp_socket_send_str
                0x000095c0       0x1c contiki-srf06-cc26xx.a(tcp-socket.o)
                0x000095c0                tcp_socket_send_str
 .text.uip_debug_ipaddr_print
                0x000095dc       0xb0 contiki-srf06-cc26xx.a(uip-debug.o)
                0x000095dc                uip_debug_ipaddr_print
 .text.rpl_get_mode
                0x0000968c        0xc contiki-srf06-cc26xx.a(rpl.o)
                0x0000968c                rpl_get_mode
 .text.rpl_purge_routes
                0x00009698       0x7c contiki-srf06-cc26xx.a(rpl.o)
                0x00009698                rpl_purge_routes
 .text.rpl_remove_routes
                0x00009714       0x24 contiki-srf06-cc26xx.a(rpl.o)
                0x00009714                rpl_remove_routes
 .text.rpl_remove_routes_by_nexthop
                0x00009738       0x40 contiki-srf06-cc26xx.a(rpl.o)
                0x00009738                rpl_remove_routes_by_nexthop
 .text.rpl_add_route
                0x00009778       0x2c contiki-srf06-cc26xx.a(rpl.o)
                0x00009778                rpl_add_route
 .text.rpl_link_neighbor_callback
                0x000097a4       0x78 contiki-srf06-cc26xx.a(rpl.o)
                0x000097a4                rpl_link_neighbor_callback
 .text.rpl_ipv6_neighbor_callback
                0x0000981c       0x30 contiki-srf06-cc26xx.a(rpl.o)
                0x0000981c                rpl_ipv6_neighbor_callback
 .text.rpl_purge_dags
                0x0000984c       0x40 contiki-srf06-cc26xx.a(rpl.o)
                0x0000984c                rpl_purge_dags
 .text.rpl_init
                0x0000988c       0x58 contiki-srf06-cc26xx.a(rpl.o)
                0x0000988c                rpl_init
 .text.lollipop_greater_than
                0x000098e4       0x3c contiki-srf06-cc26xx.a(rpl-dag.o)
 .text.rpl_set_preferred_parent
                0x00009920       0x2c contiki-srf06-cc26xx.a(rpl-dag.o)
 .text.set_ip_from_prefix
                0x0000994c       0x2c contiki-srf06-cc26xx.a(rpl-dag.o)
 .text.check_prefix
                0x00009978       0x78 contiki-srf06-cc26xx.a(rpl-dag.o)
 .text.find_parent_any_dag_any_instance
                0x000099f0       0x1c contiki-srf06-cc26xx.a(rpl-dag.o)
 .text.rpl_get_nbr
                0x00009a0c       0x28 contiki-srf06-cc26xx.a(rpl-dag.o)
                0x00009a0c                rpl_get_nbr
 .text.rpl_dag_init
                0x00009a34       0x14 contiki-srf06-cc26xx.a(rpl-dag.o)
                0x00009a34                rpl_dag_init
 .text.rpl_get_parent
                0x00009a48       0x10 contiki-srf06-cc26xx.a(rpl-dag.o)
                0x00009a48                rpl_get_parent
 .text.rpl_get_parent_ipaddr
                0x00009a58       0x18 contiki-srf06-cc26xx.a(rpl-dag.o)
                0x00009a58                rpl_get_parent_ipaddr
 .text.rpl_repair_root
                0x00009a70       0x5c contiki-srf06-cc26xx.a(rpl-dag.o)
                0x00009a70                rpl_repair_root
 .text.rpl_set_prefix
                0x00009acc       0x98 contiki-srf06-cc26xx.a(rpl-dag.o)
                0x00009acc                rpl_set_prefix
 .text.rpl_set_default_route
                0x00009b64       0x3c contiki-srf06-cc26xx.a(rpl-dag.o)
                0x00009b64                rpl_set_default_route
 .text.rpl_alloc_instance
                0x00009ba0       0x34 contiki-srf06-cc26xx.a(rpl-dag.o)
                0x00009ba0                rpl_alloc_instance
 .text.rpl_alloc_dag
                0x00009bd4       0x5c contiki-srf06-cc26xx.a(rpl-dag.o)
                0x00009bd4                rpl_alloc_dag
 .text.rpl_add_parent
                0x00009c30       0x44 contiki-srf06-cc26xx.a(rpl-dag.o)
                0x00009c30                rpl_add_parent
 .text.rpl_find_parent
                0x00009c74       0x18 contiki-srf06-cc26xx.a(rpl-dag.o)
                0x00009c74                rpl_find_parent
 .text.rpl_find_parent_any_dag
                0x00009c8c       0x20 contiki-srf06-cc26xx.a(rpl-dag.o)
                0x00009c8c                rpl_find_parent_any_dag
 .text.rpl_select_parent
                0x00009cac       0x84 contiki-srf06-cc26xx.a(rpl-dag.o)
                0x00009cac                rpl_select_parent
 .text.rpl_select_dag
                0x00009d30      0x17c contiki-srf06-cc26xx.a(rpl-dag.o)
                0x00009d30                rpl_select_dag
 .text.rpl_nullify_parent
                0x00009eac       0x4c contiki-srf06-cc26xx.a(rpl-dag.o)
                0x00009eac                rpl_nullify_parent
 .text.rpl_remove_parent
                0x00009ef8       0x1c contiki-srf06-cc26xx.a(rpl-dag.o)
                0x00009ef8                rpl_remove_parent
 .text.nbr_callback
                0x00009f14        0x4 contiki-srf06-cc26xx.a(rpl-dag.o)
 .text.remove_parents.constprop.5
                0x00009f18       0x44 contiki-srf06-cc26xx.a(rpl-dag.o)
 .text.rpl_free_dag
                0x00009f5c       0x38 contiki-srf06-cc26xx.a(rpl-dag.o)
                0x00009f5c                rpl_free_dag
 .text.rpl_move_parent
                0x00009f94       0x4c contiki-srf06-cc26xx.a(rpl-dag.o)
                0x00009f94                rpl_move_parent
 .text.rpl_get_any_dag
                0x00009fe0       0x18 contiki-srf06-cc26xx.a(rpl-dag.o)
                0x00009fe0                rpl_get_any_dag
 .text.rpl_get_instance
                0x00009ff8       0x20 contiki-srf06-cc26xx.a(rpl-dag.o)
                0x00009ff8                rpl_get_instance
 .text.rpl_join_instance
                0x0000a018      0x144 contiki-srf06-cc26xx.a(rpl-dag.o)
                0x0000a018                rpl_join_instance
 .text.rpl_local_repair
                0x0000a15c       0x68 contiki-srf06-cc26xx.a(rpl-dag.o)
                0x0000a15c                rpl_local_repair
 .text.rpl_process_parent_event
                0x0000a1c4       0x60 contiki-srf06-cc26xx.a(rpl-dag.o)
                0x0000a1c4                rpl_process_parent_event
 .text.rpl_add_dag
                0x0000a224      0x150 contiki-srf06-cc26xx.a(rpl-dag.o)
                0x0000a224                rpl_add_dag
 .text.rpl_recalculate_ranks
                0x0000a374       0x50 contiki-srf06-cc26xx.a(rpl-dag.o)
                0x0000a374                rpl_recalculate_ranks
 .text.rpl_process_dio
                0x0000a3c4      0x318 contiki-srf06-cc26xx.a(rpl-dag.o)
                0x0000a3c4                rpl_process_dio
 .text.rpl_verify_header
                0x0000a6dc      0x104 contiki-srf06-cc26xx.a(rpl-ext-header.)
                0x0000a6dc                rpl_verify_header
 .text.rpl_update_header_empty
                0x0000a7e0      0x12c contiki-srf06-cc26xx.a(rpl-ext-header.)
                0x0000a7e0                rpl_update_header_empty
 .text.rpl_update_header_final
                0x0000a90c       0x88 contiki-srf06-cc26xx.a(rpl-ext-header.)
                0x0000a90c                rpl_update_header_final
 .text.rpl_invert_header
                0x0000a994       0x68 contiki-srf06-cc26xx.a(rpl-ext-header.)
                0x0000a994                rpl_invert_header
 .text.rpl_insert_header
                0x0000a9fc       0x1c contiki-srf06-cc26xx.a(rpl-ext-header.)
                0x0000a9fc                rpl_insert_header
 .text.get32    0x0000aa18       0x20 contiki-srf06-cc26xx.a(rpl-icmp6.o)
 .text.dao_ack_input
                0x0000aa38       0x14 contiki-srf06-cc26xx.a(rpl-icmp6.o)
 .text.dio_input
                0x0000aa4c      0x2b8 contiki-srf06-cc26xx.a(rpl-icmp6.o)
 .text.dis_output
                0x0000ad04       0x58 contiki-srf06-cc26xx.a(rpl-icmp6.o)
                0x0000ad04                dis_output
 .text.dio_output
                0x0000ad5c      0x2dc contiki-srf06-cc26xx.a(rpl-icmp6.o)
                0x0000ad5c                dio_output
 .text.dis_input
                0x0000b038       0x40 contiki-srf06-cc26xx.a(rpl-icmp6.o)
 .text.dao_output_target
                0x0000b078      0x104 contiki-srf06-cc26xx.a(rpl-icmp6.o)
                0x0000b078                dao_output_target
 .text.dao_output
                0x0000b17c       0x58 contiki-srf06-cc26xx.a(rpl-icmp6.o)
                0x0000b17c                dao_output
 .text.dao_ack_output
                0x0000b1d4       0x30 contiki-srf06-cc26xx.a(rpl-icmp6.o)
                0x0000b1d4                dao_ack_output
 .text.dao_input
                0x0000b204      0x218 contiki-srf06-cc26xx.a(rpl-icmp6.o)
 .text.rpl_icmp6_register_handlers
                0x0000b41c       0x30 contiki-srf06-cc26xx.a(rpl-icmp6.o)
                0x0000b41c                rpl_icmp6_register_handlers
 .text.reset    0x0000b44c        0x4 contiki-srf06-cc26xx.a(rpl-mrhof.o)
 .text.update_metric_container
                0x0000b450        0x8 contiki-srf06-cc26xx.a(rpl-mrhof.o)
 .text.calculate_rank
                0x0000b458       0x44 contiki-srf06-cc26xx.a(rpl-mrhof.o)
 .text.neighbor_link_callback
                0x0000b49c       0x54 contiki-srf06-cc26xx.a(rpl-mrhof.o)
 .text.best_dag
                0x0000b4f0       0x2c contiki-srf06-cc26xx.a(rpl-mrhof.o)
 .text.best_parent
                0x0000b51c       0x60 contiki-srf06-cc26xx.a(rpl-mrhof.o)
 .text.new_dio_interval
                0x0000b57c       0x60 contiki-srf06-cc26xx.a(rpl-timers.o)
 .text.handle_periodic_timer
                0x0000b5dc       0x3c contiki-srf06-cc26xx.a(rpl-timers.o)
 .text.set_dao_lifetime_timer
                0x0000b618       0x3c contiki-srf06-cc26xx.a(rpl-timers.o)
 .text.handle_unicast_dio_timer
                0x0000b654       0x1c contiki-srf06-cc26xx.a(rpl-timers.o)
 .text.handle_dio_timer
                0x0000b670       0x8c contiki-srf06-cc26xx.a(rpl-timers.o)
 .text.schedule_dao
                0x0000b6fc       0x54 contiki-srf06-cc26xx.a(rpl-timers.o)
 .text.handle_dao_timer
                0x0000b750       0x5c contiki-srf06-cc26xx.a(rpl-timers.o)
 .text.rpl_reset_periodic_timer
                0x0000b7ac       0x3c contiki-srf06-cc26xx.a(rpl-timers.o)
                0x0000b7ac                rpl_reset_periodic_timer
 .text.rpl_reset_dio_timer
                0x0000b7e8       0x1c contiki-srf06-cc26xx.a(rpl-timers.o)
                0x0000b7e8                rpl_reset_dio_timer
 .text.rpl_schedule_dao
                0x0000b804        0x8 contiki-srf06-cc26xx.a(rpl-timers.o)
                0x0000b804                rpl_schedule_dao
 .text.rpl_schedule_unicast_dio_immediately
                0x0000b80c       0x14 contiki-srf06-cc26xx.a(rpl-timers.o)
                0x0000b80c                rpl_schedule_unicast_dio_immediately
 .text.rpl_schedule_probing
                0x0000b820       0x38 contiki-srf06-cc26xx.a(rpl-timers.o)
                0x0000b820                rpl_schedule_probing
 .text.handle_probing_timer
                0x0000b858       0xdc contiki-srf06-cc26xx.a(rpl-timers.o)
 .text.NOROM_AONRTCCurrentCompareValueGet
                0x0000b934       0x24 contiki-srf06-cc26xx.a(aon_rtc.o)
                0x0000b934                NOROM_AONRTCCurrentCompareValueGet
 .text.NOROM_CPUcpsid
                0x0000b958        0x8 contiki-srf06-cc26xx.a(cpu.o)
                0x0000b958                NOROM_CPUcpsid
 .text.NOROM_CPUcpsie
                0x0000b960        0x8 contiki-srf06-cc26xx.a(cpu.o)
                0x0000b960                NOROM_CPUcpsie
 .text.NOROM_CPUdelay
                0x0000b968        0x8 contiki-srf06-cc26xx.a(cpu.o)
                0x0000b968                NOROM_CPUdelay
 .text.NOROM_DDI16BitfieldWrite
                0x0000b970       0x4c contiki-srf06-cc26xx.a(ddi.o)
                0x0000b970                NOROM_DDI16BitfieldWrite
 .text.NOROM_DDI16BitfieldRead
                0x0000b9bc       0x48 contiki-srf06-cc26xx.a(ddi.o)
                0x0000b9bc                NOROM_DDI16BitfieldRead
 .text.NOROM_OSCClockSourceSet
                0x0000ba04       0x50 contiki-srf06-cc26xx.a(osc.o)
                0x0000ba04                NOROM_OSCClockSourceSet
 .text.NOROM_OSCClockSourceGet
                0x0000ba54       0x24 contiki-srf06-cc26xx.a(osc.o)
                0x0000ba54                NOROM_OSCClockSourceGet
 .text.NOROM_OSCInterfaceEnable
                0x0000ba78       0x34 contiki-srf06-cc26xx.a(osc.o)
                0x0000ba78                NOROM_OSCInterfaceEnable
 .text.NOROM_PowerCtrlSourceSet
                0x0000baac       0x30 contiki-srf06-cc26xx.a(pwr_ctrl.o)
                0x0000baac                NOROM_PowerCtrlSourceSet
 .text.HapiTrimDeviceShutDown
                0x0000badc      0x4f4 contiki-srf06-cc26xx.a(setup.o)
 .text.trimDevice
                0x0000bfd0       0xfc contiki-srf06-cc26xx.a(setup.o)
                0x0000bfd0                trimDevice
 .text.SysCtrlSetRechargeBeforePowerDown
                0x0000c0cc      0x1e8 contiki-srf06-cc26xx.a(sys_ctrl.o)
                0x0000c0cc                SysCtrlSetRechargeBeforePowerDown
 .text.SysCtrlAdjustRechargeAfterPowerDown
                0x0000c2b4       0x64 contiki-srf06-cc26xx.a(sys_ctrl.o)
                0x0000c2b4                SysCtrlAdjustRechargeAfterPowerDown
 .text.SysCtrl_DCDC_VoltageConditionalControl
                0x0000c318       0x78 contiki-srf06-cc26xx.a(sys_ctrl.o)
                0x0000c318                SysCtrl_DCDC_VoltageConditionalControl
 .text.linkaddr_copy
                0x0000c390        0xc contiki-srf06-cc26xx.a(linkaddr.o)
                0x0000c390                linkaddr_copy
 .text.linkaddr_cmp
                0x0000c39c       0x10 contiki-srf06-cc26xx.a(linkaddr.o)
                0x0000c39c                linkaddr_cmp
 .text.nbr_set_bit
                0x0000c3ac       0x4c contiki-srf06-cc26xx.a(nbr-table.o)
 .text.index_from_lladdr
                0x0000c3f8       0x50 contiki-srf06-cc26xx.a(nbr-table.o)
 .text.nbr_get_bit.constprop.0
                0x0000c448       0x2c contiki-srf06-cc26xx.a(nbr-table.o)
 .text.nbr_table_register
                0x0000c474       0x2c contiki-srf06-cc26xx.a(nbr-table.o)
                0x0000c474                nbr_table_register
 .text.nbr_table_next
                0x0000c4a0       0x70 contiki-srf06-cc26xx.a(nbr-table.o)
                0x0000c4a0                nbr_table_next
 .text.nbr_table_head
                0x0000c510       0x58 contiki-srf06-cc26xx.a(nbr-table.o)
                0x0000c510                nbr_table_head
 .text.nbr_table_add_lladdr
                0x0000c568      0x190 contiki-srf06-cc26xx.a(nbr-table.o)
                0x0000c568                nbr_table_add_lladdr
 .text.nbr_table_get_from_lladdr
                0x0000c6f8       0x34 contiki-srf06-cc26xx.a(nbr-table.o)
                0x0000c6f8                nbr_table_get_from_lladdr
 .text.nbr_table_remove
                0x0000c72c       0x2c contiki-srf06-cc26xx.a(nbr-table.o)
                0x0000c72c                nbr_table_remove
 .text.nbr_table_lock
                0x0000c758       0x14 contiki-srf06-cc26xx.a(nbr-table.o)
                0x0000c758                nbr_table_lock
 .text.nbr_table_unlock
                0x0000c76c       0x14 contiki-srf06-cc26xx.a(nbr-table.o)
                0x0000c76c                nbr_table_unlock
 .text.nbr_table_get_lladdr
                0x0000c780       0x30 contiki-srf06-cc26xx.a(nbr-table.o)
                0x0000c780                nbr_table_get_lladdr
 .text.netstack_init
                0x0000c7b0       0x38 contiki-srf06-cc26xx.a(netstack.o)
                0x0000c7b0                netstack_init
 .text.packetbuf_copyto
                0x0000c7e8       0x50 contiki-srf06-cc26xx.a(packetbuf.o)
                0x0000c7e8                packetbuf_copyto
 .text.packetbuf_hdralloc
                0x0000c838       0x48 contiki-srf06-cc26xx.a(packetbuf.o)
                0x0000c838                packetbuf_hdralloc
 .text.packetbuf_hdrreduce
                0x0000c880       0x2c contiki-srf06-cc26xx.a(packetbuf.o)
                0x0000c880                packetbuf_hdrreduce
 .text.packetbuf_set_datalen
                0x0000c8ac        0xc contiki-srf06-cc26xx.a(packetbuf.o)
                0x0000c8ac                packetbuf_set_datalen
 .text.packetbuf_dataptr
                0x0000c8b8       0x14 contiki-srf06-cc26xx.a(packetbuf.o)
                0x0000c8b8                packetbuf_dataptr
 .text.packetbuf_hdrptr
                0x0000c8cc       0x14 contiki-srf06-cc26xx.a(packetbuf.o)
                0x0000c8cc                packetbuf_hdrptr
 .text.packetbuf_datalen
                0x0000c8e0        0xc contiki-srf06-cc26xx.a(packetbuf.o)
                0x0000c8e0                packetbuf_datalen
 .text.packetbuf_totlen
                0x0000c8ec       0x28 contiki-srf06-cc26xx.a(packetbuf.o)
                0x0000c8ec                packetbuf_totlen
 .text.packetbuf_attr_clear
                0x0000c914       0x38 contiki-srf06-cc26xx.a(packetbuf.o)
                0x0000c914                packetbuf_attr_clear
 .text.packetbuf_clear
                0x0000c94c       0x34 contiki-srf06-cc26xx.a(packetbuf.o)
                0x0000c94c                packetbuf_clear
 .text.packetbuf_copyfrom
                0x0000c980       0x2c contiki-srf06-cc26xx.a(packetbuf.o)
                0x0000c980                packetbuf_copyfrom
 .text.packetbuf_attr_copyto
                0x0000c9ac       0x44 contiki-srf06-cc26xx.a(packetbuf.o)
                0x0000c9ac                packetbuf_attr_copyto
 .text.packetbuf_attr_copyfrom
                0x0000c9f0       0x44 contiki-srf06-cc26xx.a(packetbuf.o)
                0x0000c9f0                packetbuf_attr_copyfrom
 .text.packetbuf_set_attr
                0x0000ca34       0x10 contiki-srf06-cc26xx.a(packetbuf.o)
                0x0000ca34                packetbuf_set_attr
 .text.packetbuf_attr
                0x0000ca44        0xc contiki-srf06-cc26xx.a(packetbuf.o)
                0x0000ca44                packetbuf_attr
 .text.packetbuf_set_addr
                0x0000ca50       0x18 contiki-srf06-cc26xx.a(packetbuf.o)
                0x0000ca50                packetbuf_set_addr
 .text.packetbuf_addr
                0x0000ca68       0x10 contiki-srf06-cc26xx.a(packetbuf.o)
                0x0000ca68                packetbuf_addr
 .text.packetbuf_holds_broadcast
                0x0000ca78       0x10 contiki-srf06-cc26xx.a(packetbuf.o)
                0x0000ca78                packetbuf_holds_broadcast
 .text.queuebuf_init
                0x0000ca88       0x1c contiki-srf06-cc26xx.a(queuebuf.o)
                0x0000ca88                queuebuf_init
 .text.queuebuf_numfree
                0x0000caa4        0xc contiki-srf06-cc26xx.a(queuebuf.o)
                0x0000caa4                queuebuf_numfree
 .text.queuebuf_new_from_packetbuf
                0x0000cab0       0x48 contiki-srf06-cc26xx.a(queuebuf.o)
                0x0000cab0                queuebuf_new_from_packetbuf
 .text.queuebuf_update_attr_from_packetbuf
                0x0000caf8        0xc contiki-srf06-cc26xx.a(queuebuf.o)
                0x0000caf8                queuebuf_update_attr_from_packetbuf
 .text.queuebuf_update_from_packetbuf
                0x0000cb04       0x1c contiki-srf06-cc26xx.a(queuebuf.o)
                0x0000cb04                queuebuf_update_from_packetbuf
 .text.queuebuf_free
                0x0000cb20       0x2c contiki-srf06-cc26xx.a(queuebuf.o)
                0x0000cb20                queuebuf_free
 .text.queuebuf_to_packetbuf
                0x0000cb4c       0x30 contiki-srf06-cc26xx.a(queuebuf.o)
                0x0000cb4c                queuebuf_to_packetbuf
 .text.queuebuf_attr
                0x0000cb7c        0xc contiki-srf06-cc26xx.a(queuebuf.o)
                0x0000cb7c                queuebuf_attr
 .text.input_packet
                0x0000cb88        0xc contiki-srf06-cc26xx.a(csma.o)
 .text.on       0x0000cb94        0xc contiki-srf06-cc26xx.a(csma.o)
 .text.off      0x0000cba0        0xc contiki-srf06-cc26xx.a(csma.o)
 .text.channel_check_interval
                0x0000cbac       0x10 contiki-srf06-cc26xx.a(csma.o)
 .text.transmit_packet_list
                0x0000cbbc       0x34 contiki-srf06-cc26xx.a(csma.o)
 .text.free_packet
                0x0000cbf0       0x98 contiki-srf06-cc26xx.a(csma.o)
 .text.packet_sent
                0x0000cc88      0x100 contiki-srf06-cc26xx.a(csma.o)
 .text.send_packet
                0x0000cd88      0x164 contiki-srf06-cc26xx.a(csma.o)
 .text.init     0x0000ceec       0x24 contiki-srf06-cc26xx.a(csma.o)
 .text.parse    0x0000cf10       0xa0 contiki-srf06-cc26xx.a(framer-802154.o)
 .text.create_frame.isra.0
                0x0000cfb0      0x13c contiki-srf06-cc26xx.a(framer-802154.o)
 .text.create   0x0000d0ec        0x8 contiki-srf06-cc26xx.a(framer-802154.o)
 .text.hdr_length
                0x0000d0f4        0x8 contiki-srf06-cc26xx.a(framer-802154.o)
 .text.mac_call_sent_callback
                0x0000d0fc       0x10 contiki-srf06-cc26xx.a(mac.o)
                0x0000d0fc                mac_call_sent_callback
 .text.duty_cycle
                0x0000d10c        0x4 contiki-srf06-cc26xx.a(contikimac.o)
 .text.init     0x0000d110       0x40 contiki-srf06-cc26xx.a(contikimac.o)
 .text.on       0x0000d150       0x2c contiki-srf06-cc26xx.a(contikimac.o)
 .text.off      0x0000d17c       0x38 contiki-srf06-cc26xx.a(contikimac.o)
 .text.recv_burst_off
                0x0000d1b4       0x14 contiki-srf06-cc26xx.a(contikimac.o)
 .text.powercycle_turn_radio_off.part.2
                0x0000d1c8       0x10 contiki-srf06-cc26xx.a(contikimac.o)
 .text.turn_off
                0x0000d1d8       0x48 contiki-srf06-cc26xx.a(contikimac.o)
 .text.turn_on  0x0000d220       0x40 contiki-srf06-cc26xx.a(contikimac.o)
 .text.schedule_powercycle_fixed.part.5
                0x0000d260       0x2c contiki-srf06-cc26xx.a(contikimac.o)
 .text.input_packet
                0x0000d28c       0xac contiki-srf06-cc26xx.a(contikimac.o)
 .text.send_packet.isra.8
                0x0000d338      0x228 contiki-srf06-cc26xx.a(contikimac.o)
 .text.qsend_list
                0x0000d560       0xe0 contiki-srf06-cc26xx.a(contikimac.o)
 .text.qsend_packet
                0x0000d640       0x24 contiki-srf06-cc26xx.a(contikimac.o)
 .text.powercycle_wrapper
                0x0000d664      0x234 contiki-srf06-cc26xx.a(contikimac.o)
 .text.init     0x0000d898        0x4 contiki-srf06-cc26xx.a(nullsec.o)
 .text.input    0x0000d89c        0xc contiki-srf06-cc26xx.a(nullsec.o)
 .text.send     0x0000d8a8       0x20 contiki-srf06-cc26xx.a(nullsec.o)
 .text.sensor_common_read_reg
                0x0000d8c8       0x1c contiki-srf06-cc26xx.a(sensor-common.o)
                0x0000d8c8                sensor_common_read_reg
 .text.sensor_common_write_reg
                0x0000d8e4       0x38 contiki-srf06-cc26xx.a(sensor-common.o)
                0x0000d8e4                sensor_common_write_reg
 .text.sensor_common_set_error_data
                0x0000d91c       0x10 contiki-srf06-cc26xx.a(sensor-common.o)
                0x0000d91c                sensor_common_set_error_data
 .text.verify_part
                0x0000d92c       0x6c contiki-srf06-cc26xx.a(ext-flash.o)
 .text.wait_ready
                0x0000d998       0x64 contiki-srf06-cc26xx.a(ext-flash.o)
 .text.power_down
                0x0000d9fc       0x50 contiki-srf06-cc26xx.a(ext-flash.o)
 .text.ext_flash_open
                0x0000da4c       0x60 contiki-srf06-cc26xx.a(ext-flash.o)
                0x0000da4c                ext_flash_open
 .text.ext_flash_init
                0x0000daac       0x14 contiki-srf06-cc26xx.a(ext-flash.o)
                0x0000daac                ext_flash_init
 .text.accessible
                0x0000dac0       0x24 contiki-srf06-cc26xx.a(board-spi.o)
 .text.board_spi_write
                0x0000dae4       0x3c contiki-srf06-cc26xx.a(board-spi.o)
                0x0000dae4                board_spi_write
 .text.board_spi_read
                0x0000db20       0x48 contiki-srf06-cc26xx.a(board-spi.o)
                0x0000db20                board_spi_read
 .text.board_spi_flush
                0x0000db68       0x24 contiki-srf06-cc26xx.a(board-spi.o)
                0x0000db68                board_spi_flush
 .text.board_spi_open
                0x0000db8c       0xc0 contiki-srf06-cc26xx.a(board-spi.o)
                0x0000db8c                board_spi_open
 .text.board_spi_close
                0x0000dc4c       0x70 contiki-srf06-cc26xx.a(board-spi.o)
                0x0000dc4c                board_spi_close
 .text.process_thread_rf_core_process
                0x0000dcbc       0x58 contiki-srf06-cc26xx.a(rf-core.o)
 .text.rf_core_is_accessible
                0x0000dd14       0x10 contiki-srf06-cc26xx.a(rf-core.o)
                0x0000dd14                rf_core_is_accessible
 .text.rf_core_send_cmd
                0x0000dd24       0xa4 contiki-srf06-cc26xx.a(rf-core.o)
                0x0000dd24                rf_core_send_cmd
 .text.rf_core_wait_cmd_done
                0x0000ddc8       0x30 contiki-srf06-cc26xx.a(rf-core.o)
                0x0000ddc8                rf_core_wait_cmd_done
 .text.rf_core_power_up
                0x0000ddf8       0xb4 contiki-srf06-cc26xx.a(rf-core.o)
                0x0000ddf8                rf_core_power_up
 .text.rf_core_power_down
                0x0000deac       0xe8 contiki-srf06-cc26xx.a(rf-core.o)
                0x0000deac                rf_core_power_down
 .text.rf_core_set_modesel
                0x0000df94       0x68 contiki-srf06-cc26xx.a(rf-core.o)
                0x0000df94                rf_core_set_modesel
 .text.rf_core_boot
                0x0000dffc       0x30 contiki-srf06-cc26xx.a(rf-core.o)
                0x0000dffc                rf_core_boot
 .text.rf_core_setup_interrupts
                0x0000e02c       0x6c contiki-srf06-cc26xx.a(rf-core.o)
                0x0000e02c                rf_core_setup_interrupts
 .text.rf_core_cmd_done_en
                0x0000e098       0x28 contiki-srf06-cc26xx.a(rf-core.o)
                0x0000e098                rf_core_cmd_done_en
 .text.rf_core_cmd_done_dis
                0x0000e0c0       0x10 contiki-srf06-cc26xx.a(rf-core.o)
                0x0000e0c0                rf_core_cmd_done_dis
 .text.rf_core_get_last_radio_op
                0x0000e0d0        0xc contiki-srf06-cc26xx.a(rf-core.o)
                0x0000e0d0                rf_core_get_last_radio_op
 .text.rf_core_init_radio_op
                0x0000e0dc       0x20 contiki-srf06-cc26xx.a(rf-core.o)
                0x0000e0dc                rf_core_init_radio_op
 .text.rf_core_primary_mode_register
                0x0000e0fc        0xc contiki-srf06-cc26xx.a(rf-core.o)
                0x0000e0fc                rf_core_primary_mode_register
 .text.RFCCPE1IntHandler
                0x0000e108       0x28 contiki-srf06-cc26xx.a(rf-core.o)
                0x0000e108                RFCCPE1IntHandler
 .text.RFCCPE0IntHandler
                0x0000e130       0x5c contiki-srf06-cc26xx.a(rf-core.o)
                0x0000e130                RFCCPE0IntHandler
 .text.rf_ble_is_active
                0x0000e18c        0xc contiki-srf06-cc26xx.a(rf-ble.o)
                0x0000e18c                rf_ble_is_active
 .text.stimer_set
                0x0000e198       0x10 contiki-srf06-cc26xx.a(stimer.o)
                0x0000e198                stimer_set
 .text.stimer_expired
                0x0000e1a8       0x20 contiki-srf06-cc26xx.a(stimer.o)
                0x0000e1a8                stimer_expired
 .text.memb_init
                0x0000e1c8       0x24 contiki-srf06-cc26xx.a(memb.o)
                0x0000e1c8                memb_init
 .text.memb_alloc
                0x0000e1ec       0x3c contiki-srf06-cc26xx.a(memb.o)
                0x0000e1ec                memb_alloc
 .text.memb_free
                0x0000e228       0x44 contiki-srf06-cc26xx.a(memb.o)
                0x0000e228                memb_free
 .text.memb_inmemb
                0x0000e26c       0x1c contiki-srf06-cc26xx.a(memb.o)
                0x0000e26c                memb_inmemb
 .text.memb_numfree
                0x0000e288       0x1c contiki-srf06-cc26xx.a(memb.o)
                0x0000e288                memb_numfree
 .text.AONBatMonTemperatureGetDegC
                0x0000e2a4       0x30 contiki-srf06-cc26xx.a(aon_batmon.o)
                0x0000e2a4                AONBatMonTemperatureGetDegC
 .text.ChipInfo_GetSupportedProtocol_BV
                0x0000e2d4       0x10 contiki-srf06-cc26xx.a(chipinfo.o)
                0x0000e2d4                ChipInfo_GetSupportedProtocol_BV
 .text.ChipInfo_GetChipFamily
                0x0000e2e4       0x38 contiki-srf06-cc26xx.a(chipinfo.o)
                0x0000e2e4                ChipInfo_GetChipFamily
 .text.ChipInfo_GetHwRevision
                0x0000e31c       0x98 contiki-srf06-cc26xx.a(chipinfo.o)
                0x0000e31c                ChipInfo_GetHwRevision
 .text.ThisCodeIsBuiltForCC26xxHwRev22AndLater_HaltIfViolated
                0x0000e3b4       0x2c contiki-srf06-cc26xx.a(chipinfo.o)
                0x0000e3b4                ThisCodeIsBuiltForCC26xxHwRev22AndLater_HaltIfViolated
 .text.frame802154_get_pan_id
                0x0000e3e0        0xc contiki-srf06-cc26xx.a(frame802154.o)
                0x0000e3e0                frame802154_get_pan_id
 .text.frame802154_has_panid
                0x0000e3ec       0x54 contiki-srf06-cc26xx.a(frame802154.o)
                0x0000e3ec                frame802154_has_panid
 .text.field_len
                0x0000e440       0x9c contiki-srf06-cc26xx.a(frame802154.o)
 .text.frame802154_is_broadcast_addr
                0x0000e4dc       0x20 contiki-srf06-cc26xx.a(frame802154.o)
                0x0000e4dc                frame802154_is_broadcast_addr
 .text.frame802154_hdrlen
                0x0000e4fc       0x34 contiki-srf06-cc26xx.a(frame802154.o)
                0x0000e4fc                frame802154_hdrlen
 .text.frame802154_create
                0x0000e530      0x10c contiki-srf06-cc26xx.a(frame802154.o)
                0x0000e530                frame802154_create
 .text.frame802154_parse
                0x0000e63c      0x17c contiki-srf06-cc26xx.a(frame802154.o)
                0x0000e63c                frame802154_parse
 .text.mac_sequence_is_duplicate
                0x0000e7b8       0x3c contiki-srf06-cc26xx.a(mac-sequence.o)
                0x0000e7b8                mac_sequence_is_duplicate
 .text.mac_sequence_register_seqno
                0x0000e7f4       0x70 contiki-srf06-cc26xx.a(mac-sequence.o)
                0x0000e7f4                mac_sequence_register_seqno
 .text.exp2     0x0000e864       0x10 /usr/bin/../lib/gcc/arm-none-eabi/4.9.3/../../../../arm-none-eabi/lib/armv7-m/libm.a(lib_a-w_exp2.o)
                0x0000e864                exp2
 .text.pow      0x0000e874      0x2f0 /usr/bin/../lib/gcc/arm-none-eabi/4.9.3/../../../../arm-none-eabi/lib/armv7-m/libm.a(lib_a-w_pow.o)
                0x0000e874                pow
 .text.__ieee754_sqrt
                0x0000eb64      0x18c /usr/bin/../lib/gcc/arm-none-eabi/4.9.3/../../../../arm-none-eabi/lib/armv7-m/libm.a(lib_a-e_sqrt.o)
                0x0000eb64                __ieee754_sqrt
 .text.fabs     0x0000ecf0        0x8 /usr/bin/../lib/gcc/arm-none-eabi/4.9.3/../../../../arm-none-eabi/lib/armv7-m/libm.a(lib_a-s_fabs.o)
                0x0000ecf0                fabs
 .text.finite   0x0000ecf8        0xc /usr/bin/../lib/gcc/arm-none-eabi/4.9.3/../../../../arm-none-eabi/lib/armv7-m/libm.a(lib_a-s_finite.o)
                0x0000ecf8                finite
 .text.__fpclassifyd
                0x0000ed04       0x58 /usr/bin/../lib/gcc/arm-none-eabi/4.9.3/../../../../arm-none-eabi/lib/armv7-m/libm.a(lib_a-s_fpclassify.o)
                0x0000ed04                __fpclassifyd
 .text.matherr  0x0000ed5c        0x4 /usr/bin/../lib/gcc/arm-none-eabi/4.9.3/../../../../arm-none-eabi/lib/armv7-m/libm.a(lib_a-s_matherr.o)
                0x0000ed5c                matherr
 .text.nan      0x0000ed60        0xc /usr/bin/../lib/gcc/arm-none-eabi/4.9.3/../../../../arm-none-eabi/lib/armv7-m/libm.a(lib_a-s_nan.o)
                0x0000ed60                nan
 .text.rint     0x0000ed6c      0x11c /usr/bin/../lib/gcc/arm-none-eabi/4.9.3/../../../../arm-none-eabi/lib/armv7-m/libm.a(lib_a-s_rint.o)
                0x0000ed6c                rint
 .text.copysign
                0x0000ee88       0x10 /usr/bin/../lib/gcc/arm-none-eabi/4.9.3/../../../../arm-none-eabi/lib/armv7-m/libm.a(lib_a-s_copysign.o)
                0x0000ee88                copysign
 .text          0x0000ee98      0x370 /usr/bin/../lib/gcc/arm-none-eabi/4.9.3/armv7-m/libgcc.a(_arm_addsubdf3.o)
                0x0000ee98                __aeabi_drsub
                0x0000eea0                __aeabi_dsub
                0x0000eea0                __subdf3
                0x0000eea4                __adddf3
                0x0000eea4                __aeabi_dadd
                0x0000f11c                __aeabi_ui2d
                0x0000f11c                __floatunsidf
                0x0000f13c                __floatsidf
                0x0000f13c                __aeabi_i2d
                0x0000f160                __extendsfdf2
                0x0000f160                __aeabi_f2d
                0x0000f19c                __aeabi_ul2d
                0x0000f19c                __floatundidf
                0x0000f1ac                __floatdidf
                0x0000f1ac                __aeabi_l2d
 .text          0x0000f208      0x424 /usr/bin/../lib/gcc/arm-none-eabi/4.9.3/armv7-m/libgcc.a(_arm_muldivdf3.o)
                0x0000f208                __aeabi_dmul
                0x0000f208                __muldf3
                0x0000f45c                __aeabi_ddiv
                0x0000f45c                __divdf3
 .text          0x0000f62c      0x110 /usr/bin/../lib/gcc/arm-none-eabi/4.9.3/armv7-m/libgcc.a(_arm_cmpdf2.o)
                0x0000f62c                __gtdf2
                0x0000f62c                __gedf2
                0x0000f634                __ltdf2
                0x0000f634                __ledf2
                0x0000f63c                __cmpdf2
                0x0000f63c                __eqdf2
                0x0000f63c                __nedf2
                0x0000f6b8                __aeabi_cdrcmple
                0x0000f6c8                __aeabi_cdcmple
                0x0000f6c8                __aeabi_cdcmpeq
                0x0000f6d8                __aeabi_dcmpeq
                0x0000f6ec                __aeabi_dcmplt
                0x0000f700                __aeabi_dcmple
                0x0000f714                __aeabi_dcmpge
                0x0000f728                __aeabi_dcmpgt
 .text          0x0000f73c       0xa0 /usr/bin/../lib/gcc/arm-none-eabi/4.9.3/armv7-m/libgcc.a(_arm_truncdfsf2.o)
                0x0000f73c                __aeabi_d2f
                0x0000f73c                __truncdfsf2
 .text          0x0000f7dc      0x21c /usr/bin/../lib/gcc/arm-none-eabi/4.9.3/armv7-m/libgcc.a(_arm_addsubsf3.o)
                0x0000f7dc                __aeabi_frsub
                0x0000f7e4                __subsf3
                0x0000f7e4                __aeabi_fsub
                0x0000f7e8                __aeabi_fadd
                0x0000f7e8                __addsf3
                0x0000f948                __aeabi_ui2f
                0x0000f948                __floatunsisf
                0x0000f950                __aeabi_i2f
                0x0000f950                __floatsisf
                0x0000f96c                __floatundisf
                0x0000f96c                __aeabi_ul2f
                0x0000f97c                __floatdisf
                0x0000f97c                __aeabi_l2f
 .text          0x0000f9f8      0x2a0 /usr/bin/../lib/gcc/arm-none-eabi/4.9.3/armv7-m/libgcc.a(_arm_muldivsf3.o)
                0x0000f9f8                __mulsf3
                0x0000f9f8                __aeabi_fmul
                0x0000fb60                __divsf3
                0x0000fb60                __aeabi_fdiv
 .text          0x0000fc98       0x4c /usr/bin/../lib/gcc/arm-none-eabi/4.9.3/armv7-m/libgcc.a(_arm_fixsfsi.o)
                0x0000fc98                __fixsfsi
                0x0000fc98                __aeabi_f2iz
 .text          0x0000fce4       0x30 /usr/bin/../lib/gcc/arm-none-eabi/4.9.3/armv7-m/libgcc.a(_aeabi_uldivmod.o)
                0x0000fce4                __aeabi_uldivmod
 .text          0x0000fd14       0x60 /usr/bin/../lib/gcc/arm-none-eabi/4.9.3/armv7-m/libgcc.a(bpabi.o)
                0x0000fd14                __gnu_ldivmod_helper
                0x0000fd44                __gnu_uldivmod_helper
 .text          0x0000fd74        0x4 /usr/bin/../lib/gcc/arm-none-eabi/4.9.3/armv7-m/libgcc.a(_dvmd_tls.o)
                0x0000fd74                __aeabi_ldiv0
                0x0000fd74                __aeabi_idiv0
 .text          0x0000fd78      0x2ac /usr/bin/../lib/gcc/arm-none-eabi/4.9.3/armv7-m/libgcc.a(_divdi3.o)
                0x0000fd78                __divdi3
 .text          0x00010024      0x270 /usr/bin/../lib/gcc/arm-none-eabi/4.9.3/armv7-m/libgcc.a(_udivdi3.o)
                0x00010024                __udivdi3
 .text.__errno  0x00010294        0xc /usr/bin/../lib/gcc/arm-none-eabi/4.9.3/../../../../arm-none-eabi/lib/armv7-m/libc.a(lib_a-errno.o)
                0x00010294                __errno
 .text.memcmp   0x000102a0       0x64 /usr/bin/../lib/gcc/arm-none-eabi/4.9.3/../../../../arm-none-eabi/lib/armv7-m/libc.a(lib_a-memcmp.o)
                0x000102a0                memcmp
 .text          0x00010304       0xec /usr/bin/../lib/gcc/arm-none-eabi/4.9.3/../../../../arm-none-eabi/lib/armv7-m/libc.a(lib_a-memcpy.o)
                0x00010304                memcpy
 .text.memmove  0x000103f0       0xc8 /usr/bin/../lib/gcc/arm-none-eabi/4.9.3/../../../../arm-none-eabi/lib/armv7-m/libc.a(lib_a-memmove.o)
                0x000103f0                memmove
 .text.memset   0x000104b8       0x9c /usr/bin/../lib/gcc/arm-none-eabi/4.9.3/../../../../arm-none-eabi/lib/armv7-m/libc.a(lib_a-memset.o)
                0x000104b8                memset
 .text.srand    0x00010554       0x14 /usr/bin/../lib/gcc/arm-none-eabi/4.9.3/../../../../arm-none-eabi/lib/armv7-m/libc.a(lib_a-rand.o)
                0x00010554                srand
 .text.rand     0x00010568       0x40 /usr/bin/../lib/gcc/arm-none-eabi/4.9.3/../../../../arm-none-eabi/lib/armv7-m/libc.a(lib_a-rand.o)
                0x00010568                rand
 .text.strlen   0x000105a8       0x5c /usr/bin/../lib/gcc/arm-none-eabi/4.9.3/../../../../arm-none-eabi/lib/armv7-m/libc.a(lib_a-strlen.o)
                0x000105a8                strlen
 *(SORT(.rodata*))
 *fill*         0x00010604        0x4 00000000
 .rodata.dp_h   0x00010608       0x10 /usr/bin/../lib/gcc/arm-none-eabi/4.9.3/../../../../arm-none-eabi/lib/armv7-m/libm.a(lib_a-e_pow.o)
 .rodata.dp_l   0x00010618       0x10 /usr/bin/../lib/gcc/arm-none-eabi/4.9.3/../../../../arm-none-eabi/lib/armv7-m/libm.a(lib_a-e_pow.o)
 .rodata.bp     0x00010628       0x10 /usr/bin/../lib/gcc/arm-none-eabi/4.9.3/../../../../arm-none-eabi/lib/armv7-m/libm.a(lib_a-e_pow.o)
 .rodata.TWO52  0x00010638       0x10 /usr/bin/../lib/gcc/arm-none-eabi/4.9.3/../../../../arm-none-eabi/lib/armv7-m/libm.a(lib_a-s_rint.o)
 .rodata.autostart_processes
                0x00010648        0x8 prac2.co
                0x00010648                autostart_processes
 .rodata.str1.4
                0x00010650       0xad prac2.co
                                 0xb1 (size before relaxing)
 *fill*         0x000106fd        0x3 00000000
 .rodata.str1.4
                0x00010700       0xa1 contiki-srf06-cc26xx.a(contiki-main.o)
 *fill*         0x000107a1        0x3 00000000
 .rodata.str1.4
                0x000107a4        0x8 contiki-srf06-cc26xx.a(sensors.o)
 .rodata.str1.4
                0x000107ac        0x7 contiki-srf06-cc26xx.a(bmp-280-sensor.)
 *fill*         0x000107b3        0x1 00000000
 .rodata.bmp_280_sensor
                0x000107b4       0x10 contiki-srf06-cc26xx.a(bmp-280-sensor.)
                0x000107b4                bmp_280_sensor
 .rodata.tmp_007_sensor
                0x000107c4       0x10 contiki-srf06-cc26xx.a(tmp-007-sensor.)
                0x000107c4                tmp_007_sensor
 .rodata.str1.4
                0x000107d4        0x7 contiki-srf06-cc26xx.a(tmp-007-sensor.)
 *fill*         0x000107db        0x1 00000000
 .rodata.str1.4
                0x000107dc        0x8 contiki-srf06-cc26xx.a(opt-3001-sensor)
 .rodata.opt_3001_sensor
                0x000107e4       0x10 contiki-srf06-cc26xx.a(opt-3001-sensor)
                0x000107e4                opt_3001_sensor
 .rodata.hdc_1000_sensor
                0x000107f4       0x10 contiki-srf06-cc26xx.a(hdc-1000-sensor)
                0x000107f4                hdc_1000_sensor
 .rodata.str1.4
                0x00010804        0x8 contiki-srf06-cc26xx.a(hdc-1000-sensor)
 .rodata.mpu_9250_sensor
                0x0001080c       0x10 contiki-srf06-cc26xx.a(mpu-9250-sensor)
                0x0001080c                mpu_9250_sensor
 .rodata.str1.4
                0x0001081c        0x8 contiki-srf06-cc26xx.a(mpu-9250-sensor)
 .rodata.str1.4
                0x00010824        0x7 contiki-srf06-cc26xx.a(button-sensor.o)
 *fill*         0x0001082b        0x1 00000000
 .rodata.button_left_sensor
                0x0001082c       0x10 contiki-srf06-cc26xx.a(button-sensor.o)
                0x0001082c                button_left_sensor
 .rodata.button_right_sensor
                0x0001083c       0x10 contiki-srf06-cc26xx.a(button-sensor.o)
                0x0001083c                button_right_sensor
 .rodata.str1.4
                0x0001084c        0x5 contiki-srf06-cc26xx.a(reed-relay.o)
 *fill*         0x00010851        0x3 00000000
 .rodata.reed_relay_sensor
                0x00010854       0x10 contiki-srf06-cc26xx.a(reed-relay.o)
                0x00010854                reed_relay_sensor
 .rodata.output_power
                0x00010864       0x68 contiki-srf06-cc26xx.a(ieee-mode.o)
 .rodata.ieee_mode_driver
                0x000108cc       0x38 contiki-srf06-cc26xx.a(ieee-mode.o)
                0x000108cc                ieee_mode_driver
 .rodata.mode_ieee
                0x00010904        0x8 contiki-srf06-cc26xx.a(ieee-mode.o)
 .rodata.str1.4
                0x0001090c       0x46 contiki-srf06-cc26xx.a(strformat.o)
 *fill*         0x00010952        0x2 00000000
 .rodata.buffer.4019
                0x00010954       0x10 contiki-srf06-cc26xx.a(strformat.o)
 .rodata.buffer.4028
                0x00010964       0x10 contiki-srf06-cc26xx.a(strformat.o)
 .rodata.str1.4
                0x00010974        0xf contiki-srf06-cc26xx.a(ctimer.o)
 *fill*         0x00010983        0x1 00000000
 .rodata.str1.4
                0x00010984        0xc contiki-srf06-cc26xx.a(etimer.o)
 .rodata.str1.4
                0x00010990        0xe contiki-srf06-cc26xx.a(serial-line.o)
 *fill*         0x0001099e        0x2 00000000
 .rodata        0x000109a0        0x2 contiki-srf06-cc26xx.a(sicslowpan.o)
 *fill*         0x000109a2        0x2 00000000
 .rodata.ttl_values
                0x000109a4        0x4 contiki-srf06-cc26xx.a(sicslowpan.o)
 .rodata.unc_llconf
                0x000109a8        0x4 contiki-srf06-cc26xx.a(sicslowpan.o)
                0x000109a8                unc_llconf
 .rodata.llprefix
                0x000109ac        0x2 contiki-srf06-cc26xx.a(sicslowpan.o)
                0x000109ac                llprefix
 *fill*         0x000109ae        0x2 00000000
 .rodata.sicslowpan_driver
                0x000109b0        0xc contiki-srf06-cc26xx.a(sicslowpan.o)
                0x000109b0                sicslowpan_driver
 .rodata.unc_mxconf
                0x000109bc        0x4 contiki-srf06-cc26xx.a(sicslowpan.o)
                0x000109bc                unc_mxconf
 .rodata.unc_ctxconf
                0x000109c0        0x4 contiki-srf06-cc26xx.a(sicslowpan.o)
                0x000109c0                unc_ctxconf
 .rodata.str1.4
                0x000109c4        0xb contiki-srf06-cc26xx.a(sicslowpan.o)
 *fill*         0x000109cf        0x1 00000000
 .rodata.str1.4
                0x000109d0        0xd contiki-srf06-cc26xx.a(tcpip.o)
 *fill*         0x000109dd        0x3 00000000
 .rodata.str1.4
                0x000109e0       0x9b contiki-srf06-cc26xx.a(tcp-socket.o)
 *fill*         0x00010a7b        0x1 00000000
 .rodata.str1.4
                0x00010a7c       0x41 contiki-srf06-cc26xx.a(uip-debug.o)
 *fill*         0x00010abd        0x3 00000000
 .rodata.linkaddr_null
                0x00010ac0        0x8 contiki-srf06-cc26xx.a(linkaddr.o)
                0x00010ac0                linkaddr_null
 .rodata.str1.4
                0x00010ac8        0x5 contiki-srf06-cc26xx.a(csma.o)
 *fill*         0x00010acd        0x3 00000000
 .rodata.csma_driver
                0x00010ad0       0x1c contiki-srf06-cc26xx.a(csma.o)
                0x00010ad0                csma_driver
 .rodata.framer_802154
                0x00010aec        0xc contiki-srf06-cc26xx.a(framer-802154.o)
                0x00010aec                framer_802154
 .rodata.str1.4
                0x00010af8        0xb contiki-srf06-cc26xx.a(contikimac.o)
 *fill*         0x00010b03        0x1 00000000
 .rodata.contikimac_driver
                0x00010b04       0x20 contiki-srf06-cc26xx.a(contikimac.o)
                0x00010b04                contikimac_driver
 .rodata.str1.4
                0x00010b24        0x8 contiki-srf06-cc26xx.a(nullsec.o)
 .rodata.nullsec_driver
                0x00010b2c       0x10 contiki-srf06-cc26xx.a(nullsec.o)
                0x00010b2c                nullsec_driver
 .rodata        0x00010b3c        0x4 contiki-srf06-cc26xx.a(ext-flash.o)
 .rodata.str1.4
                0x00010b40       0x46 contiki-srf06-cc26xx.a(rf-core.o)
 *fill*         0x00010b86        0x2 00000000
 .rodata.str1.4
                0x00010b88        0x4 /usr/bin/../lib/gcc/arm-none-eabi/4.9.3/../../../../arm-none-eabi/lib/armv7-m/libm.a(lib_a-w_pow.o)
 .rodata.str1.4
                0x00000000        0x4 /usr/bin/../lib/gcc/arm-none-eabi/4.9.3/../../../../arm-none-eabi/lib/armv7-m/libm.a(lib_a-e_pow.o)
                                  0x1 (size before relaxing)
 .rodata.str1.4
                0x00010b8c        0x4 /usr/bin/../lib/gcc/arm-none-eabi/4.9.3/../../../../arm-none-eabi/lib/armv7-m/libc.a(lib_a-impure.o)
                                  0x2 (size before relaxing)
                0x00010b90                _etext = .

.glue_7         0x00010b90        0x0
 .glue_7        0x00000000        0x0 linker stubs

.glue_7t        0x00010b90        0x0
 .glue_7t       0x00000000        0x0 linker stubs

.vfp11_veneer   0x00010b90        0x0
 .vfp11_veneer  0x00000000        0x0 linker stubs

.v4_bx          0x00010b90        0x0
 .v4_bx         0x00000000        0x0 linker stubs

.iplt           0x00010b90        0x0
 .iplt          0x00000000        0x0 obj_srf06-cc26xx/startup_gcc.o

.data           0x20000000      0x679 load address 0x00010b90
                0x20000000                _data = .
 *(SORT(vtable))
 *(SORT(.data*))
 .data.impure_data
                0x20000000      0x428 /usr/bin/../lib/gcc/arm-none-eabi/4.9.3/../../../../arm-none-eabi/lib/armv7-m/libc.a(lib_a-impure.o)
 .data.led_sampling_freq
                0x20000428        0x4 prac2.co
                0x20000428                led_sampling_freq
 .data.tcp_server_process
                0x2000042c       0x10 prac2.co
                0x2000042c                tcp_server_process
 .data.bmp_sampling_freq
                0x2000043c        0x4 prac2.co
                0x2000043c                bmp_sampling_freq
 .data.buz_freq
                0x20000440        0x4 prac2.co
                0x20000440                buz_freq
 .data.hdc_sampling_freq
                0x20000444        0x4 prac2.co
                0x20000444                hdc_sampling_freq
 .data.sensors_process
                0x20000448       0x10 contiki-srf06-cc26xx.a(sensors.o)
                0x20000448                sensors_process
 .data.sensors  0x20000458       0x24 contiki-srf06-cc26xx.a(sensortag-senso)
                0x20000458                sensors
 .data.buzzer_module
                0x2000047c       0x14 contiki-srf06-cc26xx.a(buzzer.o)
 .data.sensortag_module
                0x20000490       0x14 contiki-srf06-cc26xx.a(board.o)
 .data.uart_module
                0x200004a4       0x14 contiki-srf06-cc26xx.a(cc26xx-uart.o)
 .data.cc26xx_rf_lpm_module
                0x200004b8       0x14 contiki-srf06-cc26xx.a(ieee-mode.o)
 .data.tx_power_current
                0x200004cc        0x4 contiki-srf06-cc26xx.a(ieee-mode.o)
                0x200004cc                tx_power_current
 .data.ieee_overrides
                0x200004d0       0x2c contiki-srf06-cc26xx.a(ieee-mode.o)
 .data.ctxt     0x200004fc        0x8 contiki-srf06-cc26xx.a(dbg-printf.o)
 .data.ctimer_process
                0x20000504       0x10 contiki-srf06-cc26xx.a(ctimer.o)
                0x20000504                ctimer_process
 .data.etimer_process
                0x20000514       0x10 contiki-srf06-cc26xx.a(etimer.o)
                0x20000514                etimer_process
 .data.serial_line_process
                0x20000524       0x10 contiki-srf06-cc26xx.a(serial-line.o)
                0x20000524                serial_line_process
 .data.ds6_neighbors
                0x20000534        0x4 contiki-srf06-cc26xx.a(uip-ds6-nbr.o)
                0x20000534                ds6_neighbors
 .data.ds6_neighbors_struct
                0x20000538       0x10 contiki-srf06-cc26xx.a(uip-ds6-nbr.o)
 .data.defaultroutermemb
                0x20000548        0xc contiki-srf06-cc26xx.a(uip-ds6-route.o)
 .data.nbr_routes_struct
                0x20000554       0x10 contiki-srf06-cc26xx.a(uip-ds6-route.o)
 .data.nbr_routes
                0x20000564        0x4 contiki-srf06-cc26xx.a(uip-ds6-route.o)
                0x20000564                nbr_routes
 .data.routememb
                0x20000568        0xc contiki-srf06-cc26xx.a(uip-ds6-route.o)
 .data.neighborroutememb
                0x20000574        0xc contiki-srf06-cc26xx.a(uip-ds6-route.o)
 .data.echo_request_handler
                0x20000580        0xc contiki-srf06-cc26xx.a(uip-icmp6.o)
 .data.echo_reply_handler
                0x2000058c        0xc contiki-srf06-cc26xx.a(uip-icmp6.o)
 .data.tcpip_process
                0x20000598       0x10 contiki-srf06-cc26xx.a(tcpip.o)
                0x20000598                tcpip_process
 .data.tcp_socket_process
                0x200005a8       0x10 contiki-srf06-cc26xx.a(tcp-socket.o)
                0x200005a8                tcp_socket_process
 .data.rpl_parents
                0x200005b8        0x4 contiki-srf06-cc26xx.a(rpl-dag.o)
                0x200005b8                rpl_parents
 .data.rpl_parents_struct
                0x200005bc       0x10 contiki-srf06-cc26xx.a(rpl-dag.o)
 .data.dao_ack_handler
                0x200005cc        0xc contiki-srf06-cc26xx.a(rpl-icmp6.o)
 .data.dis_handler
                0x200005d8        0xc contiki-srf06-cc26xx.a(rpl-icmp6.o)
 .data.dao_handler
                0x200005e4        0xc contiki-srf06-cc26xx.a(rpl-icmp6.o)
 .data.dio_handler
                0x200005f0        0xc contiki-srf06-cc26xx.a(rpl-icmp6.o)
 .data.rpl_mrhof
                0x200005fc       0x1c contiki-srf06-cc26xx.a(rpl-mrhof.o)
                0x200005fc                rpl_mrhof
 .data.neighbor_addr_mem
                0x20000618        0xc contiki-srf06-cc26xx.a(nbr-table.o)
 .data.bufmem   0x20000624        0xc contiki-srf06-cc26xx.a(queuebuf.o)
 .data.buframmem
                0x20000630        0xc contiki-srf06-cc26xx.a(queuebuf.o)
 .data.metadata_memb
                0x2000063c        0xc contiki-srf06-cc26xx.a(csma.o)
 .data.neighbor_memb
                0x20000648        0xc contiki-srf06-cc26xx.a(csma.o)
 .data.packet_memb
                0x20000654        0xc contiki-srf06-cc26xx.a(csma.o)
 .data.rf_core_process
                0x20000660       0x10 contiki-srf06-cc26xx.a(rf-core.o)
                0x20000660                rf_core_process
 .data._impure_ptr
                0x20000670        0x4 /usr/bin/../lib/gcc/arm-none-eabi/4.9.3/../../../../arm-none-eabi/lib/armv7-m/libc.a(lib_a-impure.o)
                0x20000670                _impure_ptr
 .data.mac_pan_id
                0x20000674        0x2 contiki-srf06-cc26xx.a(frame802154.o)
 .data.interface
                0x20000676        0x1 contiki-srf06-cc26xx.a(board-i2c.o)
 .data.dao_sequence
                0x20000677        0x1 contiki-srf06-cc26xx.a(rpl-icmp6.o)
 .data.__fdlib_version
                0x20000678        0x1 /usr/bin/../lib/gcc/arm-none-eabi/4.9.3/../../../../arm-none-eabi/lib/armv7-m/libm.a(lib_a-s_lib_ver.o)
                0x20000678                __fdlib_version
                0x20000679                _edata = .

.igot.plt       0x2000067c        0x0 load address 0x00011209
 .igot.plt      0x00000000        0x0 obj_srf06-cc26xx/startup_gcc.o

.ARM.exidx      0x0001120c        0x8
 *(SORT(.ARM.exidx*))
 .ARM.exidx     0x0001120c        0x8 /usr/bin/../lib/gcc/arm-none-eabi/4.9.3/armv7-m/libgcc.a(_divdi3.o)
 .ARM.exidx     0x00011214        0x0 /usr/bin/../lib/gcc/arm-none-eabi/4.9.3/armv7-m/libgcc.a(_udivdi3.o)
                                  0x8 (size before relaxing)

.bss            0x20000680     0x31b6
                0x20000680                _bss = .
 *(SORT(.bss*))
 .bss.count     0x20000680        0x8 contiki-srf06-cc26xx.a(clock.o)
 .bss.led_ctimer
                0x20000688       0x20 prac2.co